###############################################################################
#
# IAR ELF Linker V8.40.2.214/W32 for ARM                  10/May/2020  08:37:53
# Copyright 2007-2019 IAR Systems AB.
#
#    Output file  =
#        C:\Amit_Chaudhary\STM32F1xx_CPP_FW\STM32F1xx_CPP_FW - STM32F103CBT6 -
#        Menu_UI full2\IAR\Debug\Exe\Main.out
#    Map file     =
#        C:\Amit_Chaudhary\STM32F1xx_CPP_FW\STM32F1xx_CPP_FW - STM32F103CBT6 -
#        Menu_UI full2\IAR\Debug\List\Main.map
#    Command line =
#        -f C:\Users\AMITCH~1\AppData\Local\Temp\EW1668.tmp
#        ("C:\Amit_Chaudhary\STM32F1xx_CPP_FW\STM32F1xx_CPP_FW - STM32F103CBT6
#        - Menu_UI full2\IAR\Debug\Obj\ADC.o"
#        "C:\Amit_Chaudhary\STM32F1xx_CPP_FW\STM32F1xx_CPP_FW - STM32F103CBT6 -
#        Menu_UI full2\IAR\Debug\Obj\BMP280.o"
#        "C:\Amit_Chaudhary\STM32F1xx_CPP_FW\STM32F1xx_CPP_FW - STM32F103CBT6 -
#        Menu_UI full2\IAR\Debug\Obj\BtnInt.o"
#        "C:\Amit_Chaudhary\STM32F1xx_CPP_FW\STM32F1xx_CPP_FW - STM32F103CBT6 -
#        Menu_UI full2\IAR\Debug\Obj\BtnPoll.o"
#        "C:\Amit_Chaudhary\STM32F1xx_CPP_FW\STM32F1xx_CPP_FW - STM32F103CBT6 -
#        Menu_UI full2\IAR\Debug\Obj\CmdSvr.o"
#        "C:\Amit_Chaudhary\STM32F1xx_CPP_FW\STM32F1xx_CPP_FW - STM32F103CBT6 -
#        Menu_UI full2\IAR\Debug\Obj\CPP_HAL.o"
#        "C:\Amit_Chaudhary\STM32F1xx_CPP_FW\STM32F1xx_CPP_FW - STM32F103CBT6 -
#        Menu_UI full2\IAR\Debug\Obj\DigitalIO.o"
#        "C:\Amit_Chaudhary\STM32F1xx_CPP_FW\STM32F1xx_CPP_FW - STM32F103CBT6 -
#        Menu_UI full2\IAR\Debug\Obj\diskio.o"
#        "C:\Amit_Chaudhary\STM32F1xx_CPP_FW\STM32F1xx_CPP_FW - STM32F103CBT6 -
#        Menu_UI full2\IAR\Debug\Obj\DMA.o"
#        "C:\Amit_Chaudhary\STM32F1xx_CPP_FW\STM32F1xx_CPP_FW - STM32F103CBT6 -
#        Menu_UI full2\IAR\Debug\Obj\fat_sd_spi.o"
#        "C:\Amit_Chaudhary\STM32F1xx_CPP_FW\STM32F1xx_CPP_FW - STM32F103CBT6 -
#        Menu_UI full2\IAR\Debug\Obj\ff.o"
#        "C:\Amit_Chaudhary\STM32F1xx_CPP_FW\STM32F1xx_CPP_FW - STM32F103CBT6 -
#        Menu_UI full2\IAR\Debug\Obj\fonts.o"
#        "C:\Amit_Chaudhary\STM32F1xx_CPP_FW\STM32F1xx_CPP_FW - STM32F103CBT6 -
#        Menu_UI full2\IAR\Debug\Obj\GpioOutput.o"
#        "C:\Amit_Chaudhary\STM32F1xx_CPP_FW\STM32F1xx_CPP_FW - STM32F103CBT6 -
#        Menu_UI full2\IAR\Debug\Obj\I2c.o"
#        "C:\Amit_Chaudhary\STM32F1xx_CPP_FW\STM32F1xx_CPP_FW - STM32F103CBT6 -
#        Menu_UI full2\IAR\Debug\Obj\I2C_Commands.o"
#        "C:\Amit_Chaudhary\STM32F1xx_CPP_FW\STM32F1xx_CPP_FW - STM32F103CBT6 -
#        Menu_UI full2\IAR\Debug\Obj\I2C_Test.o"
#        "C:\Amit_Chaudhary\STM32F1xx_CPP_FW\STM32F1xx_CPP_FW - STM32F103CBT6 -
#        Menu_UI full2\IAR\Debug\Obj\INA219.o"
#        "C:\Amit_Chaudhary\STM32F1xx_CPP_FW\STM32F1xx_CPP_FW - STM32F103CBT6 -
#        Menu_UI full2\IAR\Debug\Obj\InterruptHandlers.o"
#        "C:\Amit_Chaudhary\STM32F1xx_CPP_FW\STM32F1xx_CPP_FW - STM32F103CBT6 -
#        Menu_UI full2\IAR\Debug\Obj\InterruptManager.o"
#        "C:\Amit_Chaudhary\STM32F1xx_CPP_FW\STM32F1xx_CPP_FW - STM32F103CBT6 -
#        Menu_UI full2\IAR\Debug\Obj\ir_Aiwa.o"
#        "C:\Amit_Chaudhary\STM32F1xx_CPP_FW\STM32F1xx_CPP_FW - STM32F103CBT6 -
#        Menu_UI full2\IAR\Debug\Obj\ir_Denon.o"
#        "C:\Amit_Chaudhary\STM32F1xx_CPP_FW\STM32F1xx_CPP_FW - STM32F103CBT6 -
#        Menu_UI full2\IAR\Debug\Obj\ir_Dish.o"
#        "C:\Amit_Chaudhary\STM32F1xx_CPP_FW\STM32F1xx_CPP_FW - STM32F103CBT6 -
#        Menu_UI full2\IAR\Debug\Obj\ir_JVC.o"
#        "C:\Amit_Chaudhary\STM32F1xx_CPP_FW\STM32F1xx_CPP_FW - STM32F103CBT6 -
#        Menu_UI full2\IAR\Debug\Obj\ir_LG.o"
#        "C:\Amit_Chaudhary\STM32F1xx_CPP_FW\STM32F1xx_CPP_FW - STM32F103CBT6 -
#        Menu_UI full2\IAR\Debug\Obj\ir_Mitsubishi.o"
#        "C:\Amit_Chaudhary\STM32F1xx_CPP_FW\STM32F1xx_CPP_FW - STM32F103CBT6 -
#        Menu_UI full2\IAR\Debug\Obj\ir_NEC.o"
#        "C:\Amit_Chaudhary\STM32F1xx_CPP_FW\STM32F1xx_CPP_FW - STM32F103CBT6 -
#        Menu_UI full2\IAR\Debug\Obj\ir_Panasonic.o"
#        "C:\Amit_Chaudhary\STM32F1xx_CPP_FW\STM32F1xx_CPP_FW - STM32F103CBT6 -
#        Menu_UI full2\IAR\Debug\Obj\ir_RC5_RC6.o"
#        "C:\Amit_Chaudhary\STM32F1xx_CPP_FW\STM32F1xx_CPP_FW - STM32F103CBT6 -
#        Menu_UI full2\IAR\Debug\Obj\ir_Samsung.o"
#        "C:\Amit_Chaudhary\STM32F1xx_CPP_FW\STM32F1xx_CPP_FW - STM32F103CBT6 -
#        Menu_UI full2\IAR\Debug\Obj\ir_Sanyo.o"
#        "C:\Amit_Chaudhary\STM32F1xx_CPP_FW\STM32F1xx_CPP_FW - STM32F103CBT6 -
#        Menu_UI full2\IAR\Debug\Obj\ir_Sharp.o"
#        "C:\Amit_Chaudhary\STM32F1xx_CPP_FW\STM32F1xx_CPP_FW - STM32F103CBT6 -
#        Menu_UI full2\IAR\Debug\Obj\ir_Sony.o"
#        "C:\Amit_Chaudhary\STM32F1xx_CPP_FW\STM32F1xx_CPP_FW - STM32F103CBT6 -
#        Menu_UI full2\IAR\Debug\Obj\ir_Template.o"
#        "C:\Amit_Chaudhary\STM32F1xx_CPP_FW\STM32F1xx_CPP_FW - STM32F103CBT6 -
#        Menu_UI full2\IAR\Debug\Obj\ir_Whynter.o"
#        "C:\Amit_Chaudhary\STM32F1xx_CPP_FW\STM32F1xx_CPP_FW - STM32F103CBT6 -
#        Menu_UI full2\IAR\Debug\Obj\irPronto.o"
#        "C:\Amit_Chaudhary\STM32F1xx_CPP_FW\STM32F1xx_CPP_FW - STM32F103CBT6 -
#        Menu_UI full2\IAR\Debug\Obj\IRremote.o"
#        "C:\Amit_Chaudhary\STM32F1xx_CPP_FW\STM32F1xx_CPP_FW - STM32F103CBT6 -
#        Menu_UI full2\IAR\Debug\Obj\irSend.o"
#        "C:\Amit_Chaudhary\STM32F1xx_CPP_FW\STM32F1xx_CPP_FW - STM32F103CBT6 -
#        Menu_UI full2\IAR\Debug\Obj\main.o"
#        "C:\Amit_Chaudhary\STM32F1xx_CPP_FW\STM32F1xx_CPP_FW - STM32F103CBT6 -
#        Menu_UI full2\IAR\Debug\Obj\Mlx90615.o"
#        "C:\Amit_Chaudhary\STM32F1xx_CPP_FW\STM32F1xx_CPP_FW - STM32F103CBT6 -
#        Menu_UI full2\IAR\Debug\Obj\NokiaLCD.o"
#        "C:\Amit_Chaudhary\STM32F1xx_CPP_FW\STM32F1xx_CPP_FW - STM32F103CBT6 -
#        Menu_UI full2\IAR\Debug\Obj\RTC.o"
#        "C:\Amit_Chaudhary\STM32F1xx_CPP_FW\STM32F1xx_CPP_FW - STM32F103CBT6 -
#        Menu_UI full2\IAR\Debug\Obj\Screen.o"
#        "C:\Amit_Chaudhary\STM32F1xx_CPP_FW\STM32F1xx_CPP_FW - STM32F103CBT6 -
#        Menu_UI full2\IAR\Debug\Obj\Spi.o"
#        "C:\Amit_Chaudhary\STM32F1xx_CPP_FW\STM32F1xx_CPP_FW - STM32F103CBT6 -
#        Menu_UI full2\IAR\Debug\Obj\ssd1306.o"
#        "C:\Amit_Chaudhary\STM32F1xx_CPP_FW\STM32F1xx_CPP_FW - STM32F103CBT6 -
#        Menu_UI full2\IAR\Debug\Obj\ssd1306_Test.o"
#        "C:\Amit_Chaudhary\STM32F1xx_CPP_FW\STM32F1xx_CPP_FW - STM32F103CBT6 -
#        Menu_UI full2\IAR\Debug\Obj\ST7735.o"
#        "C:\Amit_Chaudhary\STM32F1xx_CPP_FW\STM32F1xx_CPP_FW - STM32F103CBT6 -
#        Menu_UI full2\IAR\Debug\Obj\st7735fonts.o"
#        "C:\Amit_Chaudhary\STM32F1xx_CPP_FW\STM32F1xx_CPP_FW - STM32F103CBT6 -
#        Menu_UI full2\IAR\Debug\Obj\startup_stm32f103xb.o"
#        "C:\Amit_Chaudhary\STM32F1xx_CPP_FW\STM32F1xx_CPP_FW - STM32F103CBT6 -
#        Menu_UI full2\IAR\Debug\Obj\stm32f1xx_hal.o"
#        "C:\Amit_Chaudhary\STM32F1xx_CPP_FW\STM32F1xx_CPP_FW - STM32F103CBT6 -
#        Menu_UI full2\IAR\Debug\Obj\stm32f1xx_hal_cortex.o"
#        "C:\Amit_Chaudhary\STM32F1xx_CPP_FW\STM32F1xx_CPP_FW - STM32F103CBT6 -
#        Menu_UI full2\IAR\Debug\Obj\stm32f1xx_hal_dma.o"
#        "C:\Amit_Chaudhary\STM32F1xx_CPP_FW\STM32F1xx_CPP_FW - STM32F103CBT6 -
#        Menu_UI full2\IAR\Debug\Obj\stm32f1xx_hal_gpio.o"
#        "C:\Amit_Chaudhary\STM32F1xx_CPP_FW\STM32F1xx_CPP_FW - STM32F103CBT6 -
#        Menu_UI full2\IAR\Debug\Obj\stm32f1xx_hal_pcd.o"
#        "C:\Amit_Chaudhary\STM32F1xx_CPP_FW\STM32F1xx_CPP_FW - STM32F103CBT6 -
#        Menu_UI full2\IAR\Debug\Obj\stm32f1xx_hal_pcd_ex.o"
#        "C:\Amit_Chaudhary\STM32F1xx_CPP_FW\STM32F1xx_CPP_FW - STM32F103CBT6 -
#        Menu_UI full2\IAR\Debug\Obj\stm32f1xx_hal_rcc.o"
#        "C:\Amit_Chaudhary\STM32F1xx_CPP_FW\STM32F1xx_CPP_FW - STM32F103CBT6 -
#        Menu_UI full2\IAR\Debug\Obj\stm32f1xx_hal_rcc_ex.o"
#        "C:\Amit_Chaudhary\STM32F1xx_CPP_FW\STM32F1xx_CPP_FW - STM32F103CBT6 -
#        Menu_UI full2\IAR\Debug\Obj\stm32f1xx_hal_tim.o"
#        "C:\Amit_Chaudhary\STM32F1xx_CPP_FW\STM32F1xx_CPP_FW - STM32F103CBT6 -
#        Menu_UI full2\IAR\Debug\Obj\stm32f1xx_hal_tim_ex.o"
#        "C:\Amit_Chaudhary\STM32F1xx_CPP_FW\STM32F1xx_CPP_FW - STM32F103CBT6 -
#        Menu_UI full2\IAR\Debug\Obj\stm32f1xx_it.o"
#        "C:\Amit_Chaudhary\STM32F1xx_CPP_FW\STM32F1xx_CPP_FW - STM32F103CBT6 -
#        Menu_UI full2\IAR\Debug\Obj\stm32f1xx_ll_adc.o"
#        "C:\Amit_Chaudhary\STM32F1xx_CPP_FW\STM32F1xx_CPP_FW - STM32F103CBT6 -
#        Menu_UI full2\IAR\Debug\Obj\stm32f1xx_ll_dma.o"
#        "C:\Amit_Chaudhary\STM32F1xx_CPP_FW\STM32F1xx_CPP_FW - STM32F103CBT6 -
#        Menu_UI full2\IAR\Debug\Obj\stm32f1xx_ll_exti.o"
#        "C:\Amit_Chaudhary\STM32F1xx_CPP_FW\STM32F1xx_CPP_FW - STM32F103CBT6 -
#        Menu_UI full2\IAR\Debug\Obj\stm32f1xx_ll_gpio.o"
#        "C:\Amit_Chaudhary\STM32F1xx_CPP_FW\STM32F1xx_CPP_FW - STM32F103CBT6 -
#        Menu_UI full2\IAR\Debug\Obj\stm32f1xx_ll_i2c.o"
#        "C:\Amit_Chaudhary\STM32F1xx_CPP_FW\STM32F1xx_CPP_FW - STM32F103CBT6 -
#        Menu_UI full2\IAR\Debug\Obj\stm32f1xx_ll_pwr.o"
#        "C:\Amit_Chaudhary\STM32F1xx_CPP_FW\STM32F1xx_CPP_FW - STM32F103CBT6 -
#        Menu_UI full2\IAR\Debug\Obj\stm32f1xx_ll_rcc.o"
#        "C:\Amit_Chaudhary\STM32F1xx_CPP_FW\STM32F1xx_CPP_FW - STM32F103CBT6 -
#        Menu_UI full2\IAR\Debug\Obj\stm32f1xx_ll_rtc.o"
#        "C:\Amit_Chaudhary\STM32F1xx_CPP_FW\STM32F1xx_CPP_FW - STM32F103CBT6 -
#        Menu_UI full2\IAR\Debug\Obj\stm32f1xx_ll_spi.o"
#        "C:\Amit_Chaudhary\STM32F1xx_CPP_FW\STM32F1xx_CPP_FW - STM32F103CBT6 -
#        Menu_UI full2\IAR\Debug\Obj\stm32f1xx_ll_tim.o"
#        "C:\Amit_Chaudhary\STM32F1xx_CPP_FW\STM32F1xx_CPP_FW - STM32F103CBT6 -
#        Menu_UI full2\IAR\Debug\Obj\stm32f1xx_ll_usart.o"
#        "C:\Amit_Chaudhary\STM32F1xx_CPP_FW\STM32F1xx_CPP_FW - STM32F103CBT6 -
#        Menu_UI full2\IAR\Debug\Obj\stm32f1xx_ll_usb.o"
#        "C:\Amit_Chaudhary\STM32F1xx_CPP_FW\STM32F1xx_CPP_FW - STM32F103CBT6 -
#        Menu_UI full2\IAR\Debug\Obj\stm32f1xx_ll_utils.o"
#        "C:\Amit_Chaudhary\STM32F1xx_CPP_FW\STM32F1xx_CPP_FW - STM32F103CBT6 -
#        Menu_UI full2\IAR\Debug\Obj\system_stm32f1xx.o"
#        "C:\Amit_Chaudhary\STM32F1xx_CPP_FW\STM32F1xx_CPP_FW - STM32F103CBT6 -
#        Menu_UI full2\IAR\Debug\Obj\tinyprintf.o"
#        "C:\Amit_Chaudhary\STM32F1xx_CPP_FW\STM32F1xx_CPP_FW - STM32F103CBT6 -
#        Menu_UI full2\IAR\Debug\Obj\Uart.o"
#        "C:\Amit_Chaudhary\STM32F1xx_CPP_FW\STM32F1xx_CPP_FW - STM32F103CBT6 -
#        Menu_UI full2\IAR\Debug\Obj\usb_device.o"
#        "C:\Amit_Chaudhary\STM32F1xx_CPP_FW\STM32F1xx_CPP_FW - STM32F103CBT6 -
#        Menu_UI full2\IAR\Debug\Obj\usbd_cdc.o"
#        "C:\Amit_Chaudhary\STM32F1xx_CPP_FW\STM32F1xx_CPP_FW - STM32F103CBT6 -
#        Menu_UI full2\IAR\Debug\Obj\usbd_cdc_if.o"
#        "C:\Amit_Chaudhary\STM32F1xx_CPP_FW\STM32F1xx_CPP_FW - STM32F103CBT6 -
#        Menu_UI full2\IAR\Debug\Obj\usbd_conf.o"
#        "C:\Amit_Chaudhary\STM32F1xx_CPP_FW\STM32F1xx_CPP_FW - STM32F103CBT6 -
#        Menu_UI full2\IAR\Debug\Obj\usbd_core.o"
#        "C:\Amit_Chaudhary\STM32F1xx_CPP_FW\STM32F1xx_CPP_FW - STM32F103CBT6 -
#        Menu_UI full2\IAR\Debug\Obj\usbd_ctlreq.o"
#        "C:\Amit_Chaudhary\STM32F1xx_CPP_FW\STM32F1xx_CPP_FW - STM32F103CBT6 -
#        Menu_UI full2\IAR\Debug\Obj\usbd_desc.o"
#        "C:\Amit_Chaudhary\STM32F1xx_CPP_FW\STM32F1xx_CPP_FW - STM32F103CBT6 -
#        Menu_UI full2\IAR\Debug\Obj\usbd_ioreq.o"
#        "C:\Amit_Chaudhary\STM32F1xx_CPP_FW\STM32F1xx_CPP_FW - STM32F103CBT6 -
#        Menu_UI full2\IAR\Debug\Obj\Utils.o"
#        "C:\Amit_Chaudhary\STM32F1xx_CPP_FW\STM32F1xx_CPP_FW - STM32F103CBT6 -
#        Menu_UI full2\IAR\Debug\Obj\w25qxx.o"
#        "C:\Amit_Chaudhary\STM32F1xx_CPP_FW\STM32F1xx_CPP_FW - STM32F103CBT6 -
#        Menu_UI full2\IAR\Debug\Obj\Window.o" --no_out_extension -o
#        "C:\Amit_Chaudhary\STM32F1xx_CPP_FW\STM32F1xx_CPP_FW - STM32F103CBT6 -
#        Menu_UI full2\IAR\Debug\Exe\Main.out" --redirect
#        _Printf=_PrintfFullNoMb --redirect _Scanf=_ScanfFullNoMb --map
#        "C:\Amit_Chaudhary\STM32F1xx_CPP_FW\STM32F1xx_CPP_FW - STM32F103CBT6 -
#        Menu_UI full2\IAR\Debug\List\Main.map" --config "C:\Program Files
#        (x86)\IAR Systems\STM32 ARM\arm\config\linker\ST\stm32f103xB.icf"
#        --semihosting --entry __iar_program_start --vfe --text_out locale)
#
###############################################################################

*******************************************************************************
*** RUNTIME MODEL ATTRIBUTES
***

CppFlavor                     = *
__CPP_Exceptions              = Disabled
__CPP_Language                = C++14
__Heap_Handler                = Basic
__SystemLibrary               = DLib
__dlib_dynamic_initialization = normal
__dlib_version                = 6


*******************************************************************************
*** HEAP SELECTION
***

The basic heap was selected because some modules are built with
size limitations (and not runtime checking), and --advanced_heap
was not specified.


*******************************************************************************
*** PLACEMENT SUMMARY
***

"A0":  place at address 0x800'0000 { ro section .intvec };
"P1":  place in [from 0x800'0000 to 0x801'ffff] { ro };
define block CSTACK with size = 2K, alignment = 8 { };
define block HEAP with size = 2K, alignment = 8 { };
"P2":  place in [from 0x2000'0000 to 0x2000'4fff] {
          rw, block CSTACK, block HEAP };
initialize by copy { rw };

  Section                Kind         Address    Size  Object
  -------                ----         -------    ----  ------
"A0":                                            0xec
  .intvec                ro code   0x800'0000    0xec  startup_stm32f103xb.o [1]
                                 - 0x800'00ec    0xec

"P1":                                          0x59aa
  .rodata                const     0x800'00ec   0xd5c  st7735fonts.o [1]
  .text                  ro code   0x800'0e48   0x7fc  Spi.o [1]
  .text                  ro code   0x800'1644    0x60  stm32f1xx_ll_spi.o [1]
  .text                  ro code   0x800'16a4    0x74  InterruptManager.o [1]
  .text                  ro code   0x800'1718   0x160  DMA.o [1]
  .text                  ro code   0x800'1878    0x20  Spi.o [1]
  .text                  ro code   0x800'1898   0x328  DigitalIO.o [1]
  .text                  ro code   0x800'1bc0   0x19c  CPP_HAL.o [1]
  .text                  ro code   0x800'1d5c    0x2e  Spi.o [1]
  .text                  ro code   0x800'1d8a    0x3a  zero_init3.o [5]
  .text                  ro code   0x800'1dc4    0x86  ABImemcpy.o [5]
  .text                  ro code   0x800'1e4a    0x1a  Spi.o [1]
  .text                  ro code   0x800'1e64    0x54  stm32f1xx_ll_dma.o [1]
  .text                  ro code   0x800'1eb8   0x1a0  GpioOutput.o [1]
  .text                  ro code   0x800'2058   0x6e8  I2c.o [1]
  .text                  ro code   0x800'2740     0xa  cxxabi.o [3]
  .text                  ro code   0x800'274a     0x2  main.o [1]
  .text                  ro code   0x800'274c    0x78  INA219.o [1]
  .text                  ro code   0x800'27c4   0x6a4  ST7735.o [1]
  .text                  ro code   0x800'2e68   0x1ee  Uart.o [1]
  .rodata                const     0x800'3056     0x1  unwind_debug.o [6]
  .text                  ro code   0x800'3058   0x138  ADC.o [1]
  .text                  ro code   0x800'3190    0xdc  stm32f1xx_ll_i2c.o [1]
  .text                  ro code   0x800'326c    0xa0  cppinit.o [2]
  .text                  ro code   0x800'330c     0xc  w25qxx.o [1]
  .text                  ro code   0x800'3318     0xc  w25qxx.o [1]
  .text                  ro code   0x800'3324    0x48  stm32f1xx_ll_utils.o [1]
  .text                  ro code   0x800'336c    0xac  stm32f1xx_ll_usart.o [1]
  .text                  ro code   0x800'3418    0xc4  stm32f1xx_ll_adc.o [1]
  .text                  ro code   0x800'34dc    0x88  stm32f1xx_ll_rcc.o [1]
  .text                  ro code   0x800'3564   0x628  main.o [1]
  .text                  ro code   0x800'3b8c    0x14  w25qxx.o [1]
  .text                  ro code   0x800'3ba0    0x28  main.o [1]
  .text                  ro code   0x800'3bc8   0x240  RTC.o [1]
  .text                  ro code   0x800'3e08    0x14  main.o [1]
  .text                  ro code   0x800'3e1c    0x38  main.o [1]
  .text                  ro code   0x800'3e54    0x2c  main.o [1]
  .text                  ro code   0x800'3e80    0x18  main.o [1]
  .text                  ro code   0x800'3e98    0x20  main.o [1]
  .text                  ro code   0x800'3eb8    0xdc  main.o [1]
  .text                  ro code   0x800'3f94    0xbc  main.o [1]
  .text                  ro code   0x800'4050    0x48  main.o [1]
  .text                  ro code   0x800'4098   0x1ce  Utils.o [1]
  .text                  ro code   0x800'4268    0x24  S32ToFlt.o [4]
  .text                  ro code   0x800'428c   0x330  tinyprintf.o [1]
  .text                  ro code   0x800'45bc   0x158  stm32f1xx_ll_rtc.o [1]
  .text                  ro code   0x800'4714    0x32  main.o [1]
  .text                  ro code   0x800'4748    0x24  main.o [1]
  .text                  ro code   0x800'476c    0x50  main.o [1]
  .text                  ro code   0x800'47bc    0x66  ABImemset.o [5]
  .text                  ro code   0x800'4824    0x2a  FltToS32.o [4]
  .text                  ro code   0x800'4850    0x80  FltSub.o [4]
  .text                  ro code   0x800'48d0    0xd8  FltMul.o [4]
  .text                  ro code   0x800'49a8    0xfc  FltDiv.o [4]
  .text                  ro code   0x800'4aa4    0x68  DblToFlt.o [4]
  .text                  ro code   0x800'4b0c    0xd6  FltAdd.o [4]
  .text                  ro code   0x800'4be4   0x410  InterruptHandlers.o [1]
  .text                  ro code   0x800'4ff4    0xc0  main.o [1]
  .text                  ro code   0x800'50b4    0xa8  main.o [1]
  .text                  ro code   0x800'515c    0x44  main.o [1]
  .text                  ro code   0x800'51a0    0xa0  main.o [1]
  .rodata                const     0x800'5240    0x8c  ST7735.o [1]
  .text                  ro code   0x800'52cc    0x6e  main.o [1]
  .text                  ro code   0x800'533a    0x2a  main.o [1]
  .text                  ro code   0x800'5364    0x60  system_stm32f1xx.o [1]
  .text                  ro code   0x800'53c4    0x48  main.o [1]
  .rodata                const     0x800'540c    0x40  DigitalIO.o [1]
  .rodata                const     0x800'544c    0x40  GpioOutput.o [1]
  .rodata                const     0x800'548c    0x40  main.o [1]
  .text                  ro code   0x800'54cc    0x38  packbits_init_single.o [5]
  .text                  ro code   0x800'5504    0x34  main.o [1]
  .text                  ro code   0x800'5538    0x30  main.o [1]
  .rodata                const     0x800'5568    0x2c  main.o [1]
  .text                  ro code   0x800'5594    0x28  main.o [1]
  .text                  ro code   0x800'55bc    0x28  data_init.o [5]
  .text                  ro code   0x800'55e4    0x24  main.o [1]
  .iar.init_table        const     0x800'5608    0x24  - Linker created -
  .text                  ro code   0x800'562c    0x20  main.o [1]
  .text                  ro code   0x800'564c    0x20  cmain_call_ctors.o [5]
  .text                  ro code   0x800'566c    0x1e  cmain.o [5]
  .text                  ro code   0x800'568a     0x4  low_level_init.o [2]
  .text                  ro code   0x800'568e     0x4  exit.o [2]
  .text                  ro code   0x800'5694     0xe  cexit.o [5]
  .text                  ro code   0x800'56a4    0x14  exit.o [6]
  .text                  ro code   0x800'56b8    0x1c  main.o [1]
  .text                  ro code   0x800'56d4    0x18  fat_sd_spi.o [1]
  .text                  ro code   0x800'56ec    0x18  irSend.o [1]
  .rodata                const     0x800'5704    0x14  ADC.o [1]
  .rodata                const     0x800'5718    0x14  I2c.o [1]
  .rodata                const     0x800'572c    0x14  I2c.o [1]
  .rodata                const     0x800'5740    0x14  I2c.o [1]
  .rodata                const     0x800'5754    0x14  main.o [1]
  .rodata                const     0x800'5768    0x14  main.o [1]
  .rodata                const     0x800'577c    0x14  main.o [1]
  .rodata                const     0x800'5790    0x14  main.o [1]
  .rodata                const     0x800'57a4    0x14  main.o [1]
  .rodata                const     0x800'57b8    0x14  main.o [1]
  .rodata                const     0x800'57cc    0x14  main.o [1]
  .rodata                const     0x800'57e0    0x14  main.o [1]
  .rodata                const     0x800'57f4    0x14  main.o [1]
  .rodata                const     0x800'5808    0x14  main.o [1]
  .rodata                const     0x800'581c    0x14  main.o [1]
  .rodata                const     0x800'5830    0x14  RTC.o [1]
  .rodata                const     0x800'5844    0x14  Spi.o [1]
  .rodata                const     0x800'5858    0x14  Spi.o [1]
  .rodata                const     0x800'586c    0x14  Spi.o [1]
  .rodata                const     0x800'5880    0x14  Uart.o [1]
  .rodata                const     0x800'5894    0x10  main.o [1]
  .rodata                const     0x800'58a4    0x10  main.o [1]
  .rodata                const     0x800'58b4    0x10  main.o [1]
  .rodata                const     0x800'58c4    0x10  main.o [1]
  .rodata                const     0x800'58d4    0x10  main.o [1]
  .rodata                const     0x800'58e4    0x10  main.o [1]
  .text                  ro code   0x800'58f4    0x10  main.o [1]
  .text                  ro code   0x800'5904    0x10  main.o [1]
  .text                  ro code   0x800'5914    0x10  startup_stm32f103xb.o [1]
  .text                  ro code   0x800'5924    0x10  stm32f1xx_it.o [1]
  SHT$$PREINIT_ARRAY               0x800'5934     0x0  <Block>
  SHT$$INIT_ARRAY                  0x800'5934    0x10  <Block>
    .init_array          const     0x800'5934     0x4  CPP_HAL.o [1]
    .init_array          const     0x800'5938     0x4  fat_sd_spi.o [1]
    .init_array          const     0x800'593c     0x4  irSend.o [1]
    .init_array          const     0x800'5940     0x4  main.o [1]
  __iar_tls$$INIT_ARRAY            0x800'5944     0x0  <Block>
  .rodata                const     0x800'5944     0xc  main.o [1]
  .text                  ro code   0x800'5950     0xc  main.o [1]
  .text                  ro code   0x800'595c     0xc  main.o [1]
  .text                  ro code   0x800'5968     0xc  main.o [1]
  .text                  ro code   0x800'5974     0xc  main.o [1]
  .text                  ro code   0x800'5980     0xc  cstartup_M.o [5]
  .rodata                const     0x800'598c     0x8  main.o [1]
  .rodata                const     0x800'5994     0x8  main.o [1]
  .rodata                const     0x800'599c     0x8  main.o [1]
  .rodata                const     0x800'59a4     0x8  main.o [1]
  .rodata                const     0x800'59ac     0x8  main.o [1]
  .rodata                const     0x800'59b4     0x8  main.o [1]
  .rodata                const     0x800'59bc     0x8  main.o [1]
  .rodata                const     0x800'59c4     0x8  main.o [1]
  .rodata                const     0x800'59cc     0x8  system_stm32f1xx.o [1]
  .text                  ro code   0x800'59d4     0x4  main.o [1]
  .text                  ro code   0x800'59d8     0x0  cstart_call_dtors.o [5]
  .rodata                const     0x800'59d8     0x0  zero_init3.o [5]
  .rodata                const     0x800'59d8     0x0  packbits_init_single.o [5]
  Initializer bytes      const     0x800'59d8    0xbe  <for P2-1>
                                 - 0x800'5a96  0x59aa

"P2", part 1 of 3:                              0x398
  P2-1                            0x2000'0000   0x398  <Init block>
    .data                inited   0x2000'0000    0x10  CPP_HAL.o [1]
    .data                inited   0x2000'0010     0x8  main.o [1]
    .data                inited   0x2000'0018   0x19c  main.o [1]
    .data                inited   0x2000'01b4     0xc  main.o [1]
    .data                inited   0x2000'01c0    0xd8  main.o [1]
    .data                inited   0x2000'0298     0x4  main.o [1]
    .data                inited   0x2000'029c    0x14  main.o [1]
    .data                inited   0x2000'02b0    0x14  main.o [1]
    .data                inited   0x2000'02c4    0x14  main.o [1]
    .data                inited   0x2000'02d8    0x14  main.o [1]
    .data                inited   0x2000'02ec    0x14  main.o [1]
    .data                inited   0x2000'0300    0x14  main.o [1]
    .data                inited   0x2000'0314    0x14  main.o [1]
    .data                inited   0x2000'0328     0x4  main.o [1]
    .data                inited   0x2000'032c     0x4  main.o [1]
    .data                inited   0x2000'0330    0x59  main.o [1]
    .data                inited   0x2000'038c     0x8  st7735fonts.o [1]
    .data                inited   0x2000'0394     0x4  system_stm32f1xx.o [1]
                                - 0x2000'0398   0x398

"P2", part 2 of 3:                              0x3c4
  .bss                   zero     0x2000'0398   0x214  CPP_HAL.o [1]
  .bss                   zero     0x2000'05ac   0x100  InterruptManager.o [1]
  .bss                   zero     0x2000'06ac    0x40  DigitalIO.o [1]
  .bss                   zero     0x2000'06ec    0x10  main.o [1]
  .bss                   zero     0x2000'06fc     0x8  fat_sd_spi.o [1]
  .bss                   zero     0x2000'0704     0x8  irSend.o [1]
  .bss                   zero     0x2000'070c     0x8  main.o [1]
  .bss                   zero     0x2000'0714     0x8  main.o [1]
  .bss                   zero     0x2000'071c     0x8  tinyprintf.o [1]
  .bss                   zero     0x2000'0724     0x4  ADC.o [1]
  .bss                   zero     0x2000'0728     0x4  CPP_HAL.o [1]
  .bss                   zero     0x2000'072c     0x4  InterruptManager.o [1]
  .bss                   zero     0x2000'0730     0x4  main.o [1]
  .bss                   zero     0x2000'0734     0x4  main.o [1]
  .bss                   zero     0x2000'0738     0x4  main.o [1]
  .bss                   zero     0x2000'073c     0x4  main.o [1]
  .bss                   zero     0x2000'0740     0x4  main.o [1]
  .bss                   zero     0x2000'0744     0x4  main.o [1]
  .bss                   zero     0x2000'0748     0x4  main.o [1]
  .bss                   zero     0x2000'074c     0x4  main.o [1]
  .bss                   zero     0x2000'0750     0x4  cppinit.o [2]
  .bss                   zero     0x2000'0754     0x4  cppinit.o [2]
  .bss                   zero     0x2000'0758     0x1  ADC.o [1]
  .bss                   zero     0x2000'0759     0x1  CPP_HAL.o [1]
                                - 0x2000'075a   0x3c2

"P2", part 3 of 3:                              0x99c
  .iar.dynexit                    0x2000'075c   0x198  <Block>
    .iar.dynexit         uninit   0x2000'075c     0xc  cppinit.o [2]
    .iar.dynexit         uninit   0x2000'0768   0x18c  <Block tail>
  CSTACK                          0x2000'08f8   0x800  <Block>
    CSTACK               uninit   0x2000'08f8   0x800  <Block tail>
                                - 0x2000'10f8   0x99c

Unused ranges:

         From           To      Size
         ----           --      ----
   0x800'5a96   0x801'ffff  0x1'a56a
  0x2000'10f8  0x2000'4fff    0x3f08


*******************************************************************************
*** INIT TABLE
***

          Address      Size
          -------      ----
Zero (__iar_zero_init3)
    1 destination range, total size 0x3c2:
          0x2000'0398  0x3c2

Copy/packbits (__iar_packbits_init_single3)
    1 source range, total size 0xbe (20% of destination):
           0x800'59d8   0xbe
    1 destination range, total size 0x398:
          0x2000'0000  0x398

Extra (__iar_cstart_call_ctors)



*******************************************************************************
*** MODULE SUMMARY
***

    Module                  ro code  ro data  rw data
    ------                  -------  -------  -------
command line/config:
    -------------------------------------------------
    Total:

C:\Amit_Chaudhary\STM32F1xx_CPP_FW\STM32F1xx_CPP_FW - STM32F103CBT6 - Menu_UI full2\IAR\Debug\Obj: [1]
    ADC.o                       312       20        5
    CPP_HAL.o                   412        7      553
    DMA.o                       352
    DigitalIO.o                 808       64       64
    GpioOutput.o                416       64
    I2c.o                     1'768       60
    INA219.o                    120
    InterruptHandlers.o       1'040
    InterruptManager.o          116               260
    RTC.o                       576       20
    ST7735.o                  1'700      140
    Spi.o                     2'148       60
    Uart.o                      494       20
    Utils.o                     462
    fat_sd_spi.o                 24        4        8
    irSend.o                     24        4        8
    main.o                    3'572      687      953
    st7735fonts.o                      3'423        8
    startup_stm32f103xb.o       252
    stm32f1xx_it.o               16
    stm32f1xx_ll_adc.o          196
    stm32f1xx_ll_dma.o           84
    stm32f1xx_ll_i2c.o          220
    stm32f1xx_ll_rcc.o          136
    stm32f1xx_ll_rtc.o          344
    stm32f1xx_ll_spi.o           96
    stm32f1xx_ll_usart.o        172
    stm32f1xx_ll_utils.o         72
    system_stm32f1xx.o           96        9        4
    tinyprintf.o                816                 8
    w25qxx.o                     44
    -------------------------------------------------
    Total:                   16'888    4'582    1'871

dl7M_tln.a: [2]
    cppinit.o                   160                20
    exit.o                        4
    low_level_init.o              4
    -------------------------------------------------
    Total:                      168                20

dlpp7M_tl_nc.a: [3]
    cxxabi.o                     10
    -------------------------------------------------
    Total:                       10

m7M_tl.a: [4]
    DblToFlt.o                  104
    FltAdd.o                    214
    FltDiv.o                    252
    FltMul.o                    216
    FltSub.o                    128
    FltToS32.o                   42
    S32ToFlt.o                   36
    -------------------------------------------------
    Total:                      992

rt7M_tl.a: [5]
    ABImemcpy.o                 134
    ABImemset.o                 102
    cexit.o                      14
    cmain.o                      30
    cmain_call_ctors.o           32
    cstart_call_dtors.o
    cstartup_M.o                 12
    data_init.o                  40
    packbits_init_single.o       56
    zero_init3.o                 58
    -------------------------------------------------
    Total:                      478

shb_l.a: [6]
    exit.o                       20
    unwind_debug.o                         1
    -------------------------------------------------
    Total:                       20        1

    Gaps                         15                 3
    Linker created                        36    2'444
-----------------------------------------------------
    Grand Total:             18'571    4'619    4'338


*******************************************************************************
*** ENTRY LIST
***

Entry                       Address   Size  Type      Object
-----                       -------   ----  ----      ------
.iar.dynexit$$Base      0x2000'075c          --   Gb  - Linker created -
.iar.dynexit$$Limit     0x2000'08f4          --   Gb  - Linker created -
.iar.init_table$$Base    0x800'5608          --   Gb  - Linker created -
.iar.init_table$$Limit   0x800'562c          --   Gb  - Linker created -
?main                    0x800'566d         Code  Gb  cmain.o [5]
ADC1_2_IRQHandler        0x800'4d8d   0x18  Code  Gb  InterruptHandlers.o [1]
AHBPrescTable            0x800'53b4   0x10  Data  Gb  system_stm32f1xx.o [1]
APBPrescTable            0x800'59cc    0x8  Data  Gb  system_stm32f1xx.o [1]
Adc_Test()::InitDone    0x2000'0018    0x1  Data  Lc  main.o [1]
B9_HwBtnInt             0x2000'01fc   0x10  Data  Lc  main.o [1]
BSP::HwButton<HAL::DigitalIn<(Port_t)1073810432, (PIN_t)9U, (Mode_t)2U>, reinterpret_cast<HAL::Callback *>((&DownCb.__b_N3HAL8CallbackE)), reinterpret_cast<HAL::Callback *>((&PressCb.__b_N3HAL8CallbackE)), reinterpret_cast<HAL::Callback *>((&LongPressCb.__b_N3HAL8CallbackE))>::Run()::ElapsedTime
                        0x2000'070c    0x4  Data  Lc  main.o [1]
BSP::HwButton<HAL::DigitalIn<(Port_t)1073810432, (PIN_t)9U, (Mode_t)2U>, reinterpret_cast<HAL::Callback *>((&DownCb.__b_N3HAL8CallbackE)), reinterpret_cast<HAL::Callback *>((&PressCb.__b_N3HAL8CallbackE)), reinterpret_cast<HAL::Callback *>((&LongPressCb.__b_N3HAL8CallbackE))>::Run(){1}{12}::LastClickStateEntered
                        0x2000'0710    0x4  Data  Lc  main.o [1]
BSP::HwButton<HAL::DigitalIn<(Port_t)1073810432, (unsigned short)9, (Mode_t)2, (IntEdge_t)3, (HAL::Callback *)0>, (&[local to main_cpp]::DownCb), (&[local to main_cpp]::PressCb), (&[local to main_cpp]::LongPressCb)>::EventHandler()
                         0x800'476d   0x50  Code  Gb  main.o [1]
BSP::HwButton<HAL::DigitalIn<(Port_t)1073810432, (unsigned short)9, (Mode_t)2, (IntEdge_t)3, (HAL::Callback *)0>, (&[local to main_cpp]::DownCb), (&[local to main_cpp]::PressCb), (&[local to main_cpp]::LongPressCb)>::ReadButton()
                         0x800'4749   0x24  Code  Gb  main.o [1]
BSP::HwButton<HAL::DigitalIn<(Port_t)1073810432, (unsigned short)9, (Mode_t)2, (IntEdge_t)3, (HAL::Callback *)0>, (&[local to main_cpp]::DownCb), (&[local to main_cpp]::PressCb), (&[local to main_cpp]::LongPressCb)>::Run()
                         0x800'3eb9   0xdc  Code  Gb  main.o [1]
BSP::HwButton<HAL::DigitalIn<(Port_t)1073810432, (unsigned short)9, (Mode_t)2, (IntEdge_t)3, (HAL::Callback *)0>, (&[local to main_cpp]::DownCb), (&[local to main_cpp]::PressCb), (&[local to main_cpp]::LongPressCb)>::Run()::string
                         0x800'581c   0x14  Data  Gb  main.o [1]
BSP::INA219::HwInit()    0x800'2753   0x14  Code  Gb  INA219.o [1]
BSP::INA219::INA219(unsigned char)
                         0x800'274d    0x4  Code  Gb  INA219.o [1]
BSP::INA219::SetCalibration_16V_400mA()
                         0x800'2791   0x2c  Code  Gb  INA219.o [1]
BSP::INA219::WriteRegister(unsigned char, unsigned short)
                         0x800'2767   0x2a  Code  Gb  INA219.o [1]
BSP::INA219::~INA219()   0x800'2751    0x2  Code  Gb  INA219.o [1]
BSP::ST7735::DisplayInit()
                         0x800'2a39  0x112  Code  Gb  ST7735.o [1]
BSP::ST7735::ExecuteCommandList(unsigned char const *)
                         0x800'2b99   0x66  Code  Gb  ST7735.o [1]
BSP::ST7735::FillRectangle(unsigned short, unsigned short, unsigned short, unsigned short, unsigned short)
                         0x800'2d85   0xa0  Code  Gb  ST7735.o [1]
BSP::ST7735::FillScreen(unsigned short)
                         0x800'2e25   0x16  Code  Gb  ST7735.o [1]
BSP::ST7735::HwInit()    0x800'2819   0x8c  Code  Gb  ST7735.o [1]
BSP::ST7735::Rotate(BSP::ST7735::Rotation_t)
                         0x800'28a5  0x194  Code  Gb  ST7735.o [1]
BSP::ST7735::ST7735(BSP::ST7735::ST77xx_t, HAL::Spi *, Port_t, unsigned short, Port_t, unsigned short, Port_t, unsigned short, Port_t, unsigned short)
                         0x800'27c5   0x54  Code  Gb  ST7735.o [1]
BSP::ST7735::SetAddressWindow(unsigned char, unsigned char, unsigned char, unsigned char)
                         0x800'2bff   0x7a  Code  Gb  ST7735.o [1]
BSP::ST7735::WriteChar(unsigned short, unsigned short, char, FontDef *, unsigned short, unsigned short)
                         0x800'2c79   0xa4  Code  Gb  ST7735.o [1]
BSP::ST7735::WriteCommand(unsigned char)
                         0x800'2b55   0x1a  Code  Gb  ST7735.o [1]
BSP::ST7735::WriteData(unsigned char)
                         0x800'2b6f   0x14  Code  Gb  ST7735.o [1]
BSP::ST7735::WriteData(unsigned short)
                         0x800'2b83   0x16  Code  Gb  ST7735.o [1]
BSP::ST7735::WriteString(unsigned short, unsigned short, char const *, FontDef *, unsigned short, unsigned short)
                         0x800'2d1d   0x68  Code  Gb  ST7735.o [1]
BSP::w25qxx::w25qxx(HAL::Spi *, Port_t, unsigned short)
                         0x800'3b8d    0x2  Code  Gb  w25qxx.o [1]
Brightness              0x2000'0738    0x4  Data  Gb  main.o [1]
BusFault_Handler         0x800'592b    0x2  Code  Gb  stm32f1xx_it.o [1]
CAN1_RX1_IRQHandler      0x800'4dbf   0x18  Code  Gb  InterruptHandlers.o [1]
CAN1_SCE_IRQHandler      0x800'4dd7   0x18  Code  Gb  InterruptHandlers.o [1]
CHANNEL_OFFSET_TAB       0x800'1870    0x8  Data  Lc  DMA.o [1]
CHANNEL_OFFSET_TAB       0x800'2738    0x8  Data  Lc  I2c.o [1]
CHANNEL_OFFSET_TAB       0x800'163c    0x8  Data  Lc  Spi.o [1]
CHANNEL_OFFSET_TAB       0x800'1eb0    0x8  Data  Lc  stm32f1xx_ll_dma.o [1]
CSTACK$$Base            0x2000'08f8          --   Gb  - Linker created -
CSTACK$$Limit           0x2000'10f8          --   Gb  - Linker created -
ChipTemperature         0x2000'03a4    0xc  Data  Gb  CPP_HAL.o [1]
DMA1_Channel1_IRQHandler
                         0x800'4cd7   0x1c  Code  Gb  InterruptHandlers.o [1]
DMA1_Channel2_IRQHandler
                         0x800'4cf3   0x1c  Code  Gb  InterruptHandlers.o [1]
DMA1_Channel3_IRQHandler
                         0x800'4d0f   0x1c  Code  Gb  InterruptHandlers.o [1]
DMA1_Channel4_IRQHandler
                         0x800'4d2b   0x1a  Code  Gb  InterruptHandlers.o [1]
DMA1_Channel5_IRQHandler
                         0x800'4d45   0x18  Code  Gb  InterruptHandlers.o [1]
DMA1_Channel6_IRQHandler
                         0x800'4d5d   0x18  Code  Gb  InterruptHandlers.o [1]
DMA1_Channel7_IRQHandler
                         0x800'4d75   0x18  Code  Gb  InterruptHandlers.o [1]
DbgBuf                  0x2000'0080   0xc8  Data  Gb  main.o [1]
DebugMon_Handler         0x800'5931    0x2  Code  Gb  stm32f1xx_it.o [1]
Delay1                  0x2000'0734    0x4  Data  Gb  main.o [1]
Delay3                  0x2000'073c    0x4  Data  Gb  main.o [1]
Delay4                  0x2000'0740    0x4  Data  Gb  main.o [1]
Delay5                  0x2000'0744    0x4  Data  Gb  main.o [1]
Delay6                  0x2000'0748    0x4  Data  Gb  main.o [1]
DownCallback::CallbackFunction()
                         0x800'595d    0xc  Code  Gb  main.o [1]
DownCb                  0x2000'01b4    0x4  Data  Lc  main.o [1]
DtorRecArray            0x2000'075c    0xc  Data  Lc  cppinit.o [2]
EXTI0_IRQHandler         0x800'4c69   0x16  Code  Gb  InterruptHandlers.o [1]
EXTI15_10_IRQHandler     0x800'4f87   0x12  Code  Gb  InterruptHandlers.o [1]
EXTI1_IRQHandler         0x800'4c7f   0x16  Code  Gb  InterruptHandlers.o [1]
EXTI2_IRQHandler         0x800'4c95   0x16  Code  Gb  InterruptHandlers.o [1]
EXTI3_IRQHandler         0x800'4cab   0x16  Code  Gb  InterruptHandlers.o [1]
EXTI4_IRQHandler         0x800'4cc1   0x16  Code  Gb  InterruptHandlers.o [1]
EXTI9_5_IRQHandler       0x800'4def   0x18  Code  Gb  InterruptHandlers.o [1]
FLASH_IRQHandler         0x800'4c3d   0x16  Code  Gb  InterruptHandlers.o [1]
Frequency               0x2000'074c    0x4  Data  Gb  main.o [1]
HAL::Adc::Adc(ADC_TypeDef *) [subobject]
                         0x800'3059    0x2  Code  Gb  ADC.o [1]
HAL::Adc::HwInit(Port_t, unsigned short)
                         0x800'3065   0x9a  Code  Gb  ADC.o [1]
HAL::Adc::ISR()          0x800'3155   0x1e  Code  Gb  ADC.o [1]
HAL::Adc::Read(unsigned int)
                         0x800'30ff   0x56  Code  Gb  ADC.o [1]
HAL::Adc::m_ADCState    0x2000'0758    0x1  Data  Gb  ADC.o [1]
HAL::Adc::m_WDCallback  0x2000'0724    0x4  Data  Gb  ADC.o [1]
HAL::AnalogIn::HwInit(Port_t, unsigned short, unsigned int)
                         0x800'4051   0x48  Code  Gb  main.o [1]
HAL::DMA::ChanelHwInit(unsigned int, unsigned int, unsigned int)
                         0x800'181b   0x1e  Code  Gb  DMA.o [1]
HAL::DMA::ClearFlag(unsigned int, unsigned int)
                         0x800'184d    0xc  Code  Gb  DMA.o [1]
HAL::DMA::DMA(unsigned int)
                         0x800'1741    0xa  Code  Gb  DMA.o [1]
HAL::DMA::EnableTransferCompleteInterrupt(unsigned int)
                         0x800'1879   0x20  Code  Gb  Spi.o [1]
HAL::DMA::GetFlag(unsigned int, unsigned int)
                         0x800'1859   0x16  Code  Gb  DMA.o [1]
HAL::DMA::HwInit(void *)
                         0x800'174d   0x24  Code  Gb  DMA.o [1]
HAL::DMA::Load(unsigned int, unsigned int, unsigned int, unsigned int, unsigned int, unsigned int)
                         0x800'17a1   0x7a  Code  Gb  DMA.o [1]
HAL::DMA::XferConfig(LL_DMA_InitTypeDef *, unsigned int)
                         0x800'1771   0x2c  Code  Gb  DMA.o [1]
HAL::DMA::~DMA()         0x800'174b    0x2  Code  Gb  DMA.o [1]
HAL::DWTHwInit()         0x800'1ccb   0x16  Code  Gb  CPP_HAL.o [1]
HAL::DigitalIO::DispatchCallback()
                         0x800'1b57   0x2c  Code  Gb  DigitalIO.o [1]
HAL::DigitalIO::Gpio_ClockEnable(Port_t)
                         0x800'1aab   0x52  Code  Gb  DigitalIO.o [1]
HAL::DigitalIO::RegisterCallback(unsigned short, IntEdge_t, HAL::Callback *)
                         0x800'1b49    0xe  Code  Gb  DigitalIO.o [1]
HAL::DigitalIO::SetEXTI_Intr(unsigned short, IntEdge_t)
                         0x800'1afd   0x4c  Code  Gb  DigitalIO.o [1]
HAL::DigitalIO::SetInputMode(Port_t, unsigned short, Mode_t, HAL::InterruptSource *, IntEdge_t, HAL::Callback *)
                         0x800'18f5   0xa8  Code  Gb  DigitalIO.o [1]
HAL::DigitalIO::SetOutputMode(Port_t, unsigned short, Mode_t, unsigned int)
                         0x800'199d  0x10e  Code  Gb  DigitalIO.o [1]
HAL::DigitalIO::g_GpioCallbacks
                        0x2000'06ac   0x40  Data  Gb  DigitalIO.o [1]
HAL::DigitalIn<(Port_t)1073810432, (unsigned short)9, (Mode_t)2, (IntEdge_t)3, (HAL::Callback *)0>::ISR()
                         0x800'59d5    0x4  Code  Gb  main.o [1]
HAL::GetTicksSince(unsigned int)
                         0x800'1d0f   0x14  Code  Gb  CPP_HAL.o [1]
HAL::GpioOutput::GpioOutput(Port_t, unsigned short)
                         0x800'1f01    0x2  Code  Gb  GpioOutput.o [1]
HAL::GpioOutput::High()
                         0x800'330d    0xc  Code  Gb  w25qxx.o [1]
HAL::GpioOutput::HwInit(Mode_t, unsigned int)
                         0x800'1f11  0x12a  Code  Gb  GpioOutput.o [1]
HAL::GpioOutput::Low()   0x800'3319    0xc  Code  Gb  w25qxx.o [1]
HAL::I2c::HwInit(unsigned int)
                         0x800'20af  0x194  Code  Gb  I2c.o [1]
HAL::I2c::I2C_DMA_Rx_Callback::ISR()
                         0x800'2663    0x4  Code  Gb  I2c.o [1]
HAL::I2c::I2C_DMA_Rx_Done_Handler()
                         0x800'25cb   0x98  Code  Gb  I2c.o [1]
HAL::I2c::I2C_DMA_Tx_Callback::ISR()
                         0x800'2667   0x92  Code  Gb  I2c.o [1]
HAL::I2c::I2c(I2cPort_t)
                         0x800'2059   0x56  Code  Gb  I2c.o [1]
HAL::I2c::ISR()          0x800'2721   0x16  Code  Gb  I2c.o [1]
HAL::I2c::SendSlaveAddress(unsigned short, unsigned char)
                         0x800'24af   0x78  Code  Gb  I2c.o [1]
HAL::I2c::TxnDoneHandler(unsigned int)
                         0x800'2527   0xa4  Code  Gb  I2c.o [1]
HAL::I2c::XferPoll(unsigned short, unsigned char *, unsigned int, unsigned char *, unsigned int, unsigned char)
                         0x800'2243  0x266  Code  Gb  I2c.o [1]
HAL::InterruptManager::EnableInterrupt(IRQn_Type)
                         0x800'16ef   0x16  Code  Gb  InterruptManager.o [1]
HAL::InterruptManager::RegisterDeviceInterrupt(IRQn_Type, unsigned int, HAL::InterruptSource *)
                         0x800'16a5   0x4a  Code  Gb  InterruptManager.o [1]
HAL::InterruptManager::m_InterruptSourceArray
                        0x2000'05ac  0x100  Data  Gb  InterruptManager.o [1]
HAL::InterruptManager::m_SysTick_Handler
                        0x2000'072c    0x4  Data  Gb  InterruptManager.o [1]
HAL::MemSet32(unsigned int *, unsigned int, unsigned int)
                         0x800'1ce1    0xc  Code  Gb  CPP_HAL.o [1]
HAL::PulseOut<(unsigned int)1073742848, (TimerChanel_t)49, (unsigned int)38000>::ISR()
                         0x800'274b    0x2  Code  Gb  main.o [1]
HAL::Rtc::GetTime(char *)
                         0x800'3cbd   0x54  Code  Gb  RTC.o [1]
HAL::Rtc::HwInit(HAL::ClockManager::RTCClock_t)
                         0x800'3bc9   0xb8  Code  Gb  RTC.o [1]
HAL::Rtc::ISR()          0x800'3d89   0x54  Code  Gb  RTC.o [1]
HAL::Rtc::RTC_ReadTimeCounter()
                         0x800'3d11   0x22  Code  Gb  RTC.o [1]
HAL::Rtc::RegisterCallback(HAL::Rtc::CallbackSource_t, HAL::Callback *)
                         0x800'3d33   0x56  Code  Gb  RTC.o [1]
HAL::Rtc::SetTime(unsigned char, unsigned char, unsigned char)
                         0x800'3c81   0x36  Code  Gb  RTC.o [1]
HAL::Spi::HwInit(bool, HAL::Spi::XferMode_t)
                         0x800'0ea9  0x20e  Code  Gb  Spi.o [1]
HAL::Spi::ISR()          0x800'12eb   0x38  Code  Gb  Spi.o [1]
HAL::Spi::LoadRxDmaChannel(unsigned char *, unsigned int)
                         0x800'14e1   0x20  Code  Gb  Spi.o [1]
HAL::Spi::LoadTxDmaChannel(unsigned char *, unsigned int)
                         0x800'1501   0x1e  Code  Gb  Spi.o [1]
HAL::Spi::MasterPinsHwInit(Port_t, unsigned short, Port_t, unsigned short, Port_t, unsigned short)
                         0x800'10b7   0x3a  Code  Gb  Spi.o [1]
HAL::Spi::SPI_DMA_MasterTx_Done_Handler()
                         0x800'1435   0xac  Code  Gb  Spi.o [1]
HAL::Spi::SPI_DMA_Rx_Callback::ISR()
                         0x800'1625    0x4  Code  Gb  Spi.o [1]
HAL::Spi::SPI_DMA_SlaveRx_Done_Handler()
                         0x800'1531   0x66  Code  Gb  Spi.o [1]
HAL::Spi::SPI_DMA_SlaveTx_Done_Handler()
                         0x800'1599   0x7a  Code  Gb  Spi.o [1]
HAL::Spi::SPI_DMA_Tx_Callback::ISR()
                         0x800'1629   0x12  Code  Gb  Spi.o [1]
HAL::Spi::SetBaudrate()
                         0x800'1e4b   0x1a  Code  Gb  Spi.o [1]
HAL::Spi::SlavePinsHwInit(Port_t, unsigned short, Port_t, unsigned short, Port_t, unsigned short, Port_t, unsigned short)
                         0x800'10f1   0x5e  Code  Gb  Spi.o [1]
HAL::Spi::Spi(SpiPort_t, unsigned int)
                         0x800'0e49   0x60  Code  Gb  Spi.o [1]
HAL::Spi::Tx(unsigned char)
                         0x800'114f   0x4e  Code  Gb  Spi.o [1]
HAL::Spi::Tx(unsigned short, HAL::Spi::XferMode_t)
                         0x800'119d   0x8a  Code  Gb  Spi.o [1]
HAL::Spi::TxPoll(unsigned char *, unsigned int, HAL::Spi::XferMode_t)
                         0x800'1227   0x92  Code  Gb  Spi.o [1]
HAL::Spi::TxnDoneHandler_DMA()
                         0x800'132f  0x106  Code  Gb  Spi.o [1]
HAL::Uart::HwInit(unsigned int, unsigned int, unsigned int)
                         0x800'2ea1  0x14a  Code  Gb  Uart.o [1]
HAL::Uart::ISR()         0x800'3055    0x2  Code  Gb  Uart.o [1]
HAL::Uart::PinsHwInit(Port_t, unsigned short, Port_t, unsigned short)
                         0x800'2e75   0x2c  Code  Gb  Uart.o [1]
HAL::Uart::TxPoll(unsigned char)
                         0x800'2feb   0x3c  Code  Gb  Uart.o [1]
HAL::Uart::Uart(UartPort_t, unsigned int)
                         0x800'2e69    0x2  Code  Gb  Uart.o [1]
HAL::WaitOnFlag(unsigned int volatile *, unsigned int, unsigned int, unsigned int)
                         0x800'1ced   0x22  Code  Gb  CPP_HAL.o [1]
HMI::NamedSettingWindow::CopyName(unsigned char)
                         0x800'4715   0x32  Code  Gb  main.o [1]
HMI::NamedSettingWindow::Display(unsigned short)
                         0x800'53c5   0x48  Code  Gb  main.o [1]
HMI::NamedSettingWindow::EventHandler(HMI::InputEvents_t)
                         0x800'52cd   0x6e  Code  Gb  main.o [1]
HMI::NamedSettingWindow::NamedSettingWindow(HMI::WindowContext_t const *, HMI::NamedSettingContext_t const *)
                         0x800'3e55   0x2c  Code  Gb  main.o [1]
HMI::NamedSettingWindow::UpdateMemory()
                         0x800'533b   0x2a  Code  Gb  main.o [1]
HMI::Screen::Display(unsigned short)
                         0x800'5539   0x30  Code  Gb  main.o [1]
HMI::Screen::EventHandler(HMI::InputEvents_t)
                         0x800'4ff5   0xc0  Code  Gb  main.o [1]
HMI::Screen::Register(HMI::Window *)
                         0x800'3e81   0x18  Code  Gb  main.o [1]
HMI::Screen::Screen()    0x800'3ba1   0x28  Code  Gb  main.o [1]
HMI::SettingWindow::Display(unsigned short)
                         0x800'51a1   0xa0  Code  Gb  main.o [1]
HMI::SettingWindow::EventHandler(HMI::InputEvents_t)
                         0x800'50b5   0xa8  Code  Gb  main.o [1]
HMI::SettingWindow::SettingWindow(HMI::WindowContext_t const *, HMI::SettingContext_t const *)
                         0x800'3e1d   0x38  Code  Gb  main.o [1]
HMI::SettingWindow::UpdateMemory()
                         0x800'515d   0x44  Code  Gb  main.o [1]
HMI::TextWindow::Display(unsigned short)
                         0x800'5595   0x28  Code  Gb  main.o [1]
HMI::TextWindow::EventHandler(HMI::InputEvents_t)
                         0x800'5505   0x34  Code  Gb  main.o [1]
HMI::UI::Display(unsigned short)
                         0x800'562d   0x20  Code  Gb  main.o [1]
HMI::UI::EventHandler(HMI::InputEvents_t)
                         0x800'3f95   0xbc  Code  Gb  main.o [1]
HMI::UI::Register(HMI::Window *)
                         0x800'3e99   0x20  Code  Gb  main.o [1]
HMI::UI::UI()            0x800'3e09   0x14  Code  Gb  main.o [1]
HMI::UI::m_CurrentActiveScreen
                        0x2000'0019    0x1  Data  Gb  main.o [1]
HMI::UI::m_RegisteredScreenIndex
                        0x2000'001a    0x1  Data  Gb  main.o [1]
HardFault_Handler        0x800'5927    0x2  Code  Gb  stm32f1xx_it.o [1]
HomeScreen              0x2000'0148   0x24  Data  Gb  main.o [1]
HomeScreen1             0x2000'016c   0x24  Data  Gb  main.o [1]
I2C1_ER_IRQHandler       0x800'4ec7   0x12  Code  Gb  InterruptHandlers.o [1]
I2C1_EV_IRQHandler       0x800'4eaf   0x18  Code  Gb  InterruptHandlers.o [1]
I2C2_ER_IRQHandler       0x800'4ef7   0x12  Code  Gb  InterruptHandlers.o [1]
I2C2_EV_IRQHandler       0x800'4edf   0x12  Code  Gb  InterruptHandlers.o [1]
INA219_Dev              0x2000'0408   0x18  Data  Gb  CPP_HAL.o [1]
IR_OUT                  0x2000'0704    0x8  Data  Lc  irSend.o [1]
InputEvents             0x2000'001b    0x1  Data  Gb  main.o [1]
InterruptManagerInstance
                        0x2000'0759    0x1  Data  Gb  CPP_HAL.o [1]
LED                     0x2000'03b0    0x8  Data  Gb  CPP_HAL.o [1]
LL_ADC_CommonInit        0x800'3419   0x3a  Code  Gb  stm32f1xx_ll_adc.o [1]
LL_ADC_Init              0x800'3453   0x2e  Code  Gb  stm32f1xx_ll_adc.o [1]
LL_ADC_REG_Init          0x800'3481   0x4e  Code  Gb  stm32f1xx_ll_adc.o [1]
LL_DMA_Init              0x800'1e65   0x4a  Code  Gb  stm32f1xx_ll_dma.o [1]
LL_I2C_Init              0x800'3191   0xcc  Code  Gb  stm32f1xx_ll_i2c.o [1]
LL_Init1msTick           0x800'3325   0x18  Code  Gb  stm32f1xx_ll_utils.o [1]
LL_RCC_GetSystemClocksFreq
                         0x800'34dd   0x70  Code  Gb  stm32f1xx_ll_rcc.o [1]
LL_RTC_EnterInitMode     0x800'462b   0x4a  Code  Gb  stm32f1xx_ll_rtc.o [1]
LL_RTC_ExitInitMode      0x800'4675   0x4a  Code  Gb  stm32f1xx_ll_rtc.o [1]
LL_RTC_Init              0x800'45bd   0x6e  Code  Gb  stm32f1xx_ll_rtc.o [1]
LL_RTC_WaitForSynchro    0x800'46bf   0x4c  Code  Gb  stm32f1xx_ll_rtc.o [1]
LL_SPI_Init              0x800'1645   0x58  Code  Gb  stm32f1xx_ll_spi.o [1]
LL_SetSystemCoreClock    0x800'335f    0x6  Code  Gb  stm32f1xx_ll_utils.o [1]
LL_USART_Init            0x800'336d   0x9a  Code  Gb  stm32f1xx_ll_usart.o [1]
LL_mDelay                0x800'333d   0x22  Code  Gb  stm32f1xx_ll_utils.o [1]
LPresscb                0x2000'032c    0x4  Data  Gb  main.o [1]
LivePowerScreen         0x2000'0190   0x24  Data  Gb  main.o [1]
LongPressCallback1::CallbackFunction()
                         0x800'5975    0xc  Code  Gb  main.o [1]
LongPressCb             0x2000'01bc    0x4  Data  Lc  main.o [1]
MemManage_Handler        0x800'5929    0x2  Code  Gb  stm32f1xx_it.o [1]
NMI_Handler              0x800'5925    0x2  Code  Gb  stm32f1xx_it.o [1]
NamedSettingContext1     0x800'3b28   0x14  Data  Lc  main.o [1]
NamedSettingTable1       0x800'548c   0x40  Data  Lc  main.o [1]
NamedWindowContext1      0x800'3b14   0x14  Data  Lc  main.o [1]
PVD_IRQHandler           0x800'4bfb   0x16  Code  Gb  InterruptHandlers.o [1]
PendSV_Handler           0x800'5933    0x2  Code  Gb  stm32f1xx_it.o [1]
PowerMonitorUI()         0x800'381b   0xc8  Code  Gb  main.o [1]
PowerMonitorUI()::InitDone
                        0x2000'0388    0x1  Data  Lc  main.o [1]
PowerText               0x2000'0330   0x58  Data  Gb  main.o [1]
PowerTextContext         0x800'3b78   0x14  Data  Lc  main.o [1]
PowerWindowContext       0x800'3b64   0x14  Data  Lc  main.o [1]
PressCallback::CallbackFunction()
                         0x800'5969    0xc  Code  Gb  main.o [1]
PressCb                 0x2000'01b8    0x4  Data  Lc  main.o [1]
Presscb                 0x2000'0328    0x4  Data  Gb  main.o [1]
RCC_IRQHandler           0x800'4c53   0x16  Code  Gb  InterruptHandlers.o [1]
RTCSecCallback::CallbackFunction()
                         0x800'56b9   0x1c  Code  Gb  main.o [1]
RTCSecCallback::RtcSecCount
                        0x2000'06ec    0x4  Data  Gb  main.o [1]
RTCSecCallbackObj       0x2000'0014    0x4  Data  Gb  main.o [1]
RTC_Alarm_IRQHandler     0x800'4fa1   0x12  Code  Gb  InterruptHandlers.o [1]
RTC_IRQHandler           0x800'4c27   0x16  Code  Gb  InterruptHandlers.o [1]
Region$$Table$$Base      0x800'5608          --   Gb  - Linker created -
Region$$Table$$Limit     0x800'562c          --   Gb  - Linker created -
Rtc_test()               0x800'35e1   0x32  Code  Gb  main.o [1]
Rtc_test()::InitDone    0x2000'0010    0x1  Data  Lc  main.o [1]
SD_CS                   0x2000'06fc    0x8  Data  Gb  fat_sd_spi.o [1]
SHT$$INIT_ARRAY$$Base    0x800'5934          --   Gb  - Linker created -
SHT$$INIT_ARRAY$$Limit   0x800'5944          --   Gb  - Linker created -
SHT$$PREINIT_ARRAY$$Base
                         0x800'5934          --   Gb  - Linker created -
SHT$$PREINIT_ARRAY$$Limit
                         0x800'5934          --   Gb  - Linker created -
SPI1_IRQHandler          0x800'4f0f   0x12  Code  Gb  InterruptHandlers.o [1]
SPI2_IRQHandler          0x800'4f27   0x12  Code  Gb  InterruptHandlers.o [1]
SVC_Handler              0x800'592f    0x2  Code  Gb  stm32f1xx_it.o [1]
SetSystickTimerInterrupt()
                         0x800'39b3   0x26  Code  Gb  main.o [1]
SetSystickTimerInterrupt()::SysTimerObj
                        0x2000'0718    0x4  Data  Lc  main.o [1]
SetSystickTimerInterrupt()::static guard for SysTimerObj
                        0x2000'0714    0x1  Data  Lc  main.o [1]
SettingCallback::CallbackFunction(unsigned int)
                         0x800'5951    0xc  Code  Gb  main.o [1]
SettingContext1          0x800'3a50   0x10  Data  Lc  main.o [1]
SettingContext2          0x800'3a74   0x10  Data  Lc  main.o [1]
SettingContext3          0x800'3a98   0x10  Data  Lc  main.o [1]
SettingContext4          0x800'3abc   0x10  Data  Lc  main.o [1]
SettingContext5          0x800'3ae0   0x10  Data  Lc  main.o [1]
SettingContext6          0x800'3b04   0x10  Data  Lc  main.o [1]
SysTick_Handler          0x800'4fd5    0xe  Code  Gb  InterruptHandlers.o [1]
SysTimerCallback::ISR()
                         0x800'5905   0x10  Code  Gb  main.o [1]
SystemClock_Config()     0x800'392d   0x86  Code  Gb  main.o [1]
SystemCoreClock         0x2000'0394    0x4  Data  Gb  system_stm32f1xx.o [1]
SystemInit               0x800'5365   0x40  Code  Gb  system_stm32f1xx.o [1]
SystickTimerTicks       0x2000'0728    0x4  Data  Gb  CPP_HAL.o [1]
TAMPER_IRQHandler        0x800'4c11   0x16  Code  Gb  InterruptHandlers.o [1]
TFT_1_8                 0x2000'0508   0x30  Data  Gb  CPP_HAL.o [1]
TFT_240_240             0x2000'0568   0x30  Data  Gb  CPP_HAL.o [1]
TFT_Small               0x2000'0538   0x30  Data  Gb  CPP_HAL.o [1]
TIM1_BRK_IRQHandler      0x800'4e07   0x18  Code  Gb  InterruptHandlers.o [1]
TIM1_CC_IRQHandler       0x800'4e4f   0x18  Code  Gb  InterruptHandlers.o [1]
TIM1_TRG_COM_IRQHandler
                         0x800'4e37   0x18  Code  Gb  InterruptHandlers.o [1]
TIM1_UP_IRQHandler       0x800'4e1f   0x18  Code  Gb  InterruptHandlers.o [1]
TIM2_IRQHandler          0x800'4e67   0x18  Code  Gb  InterruptHandlers.o [1]
TIM3_IRQHandler          0x800'4e7f   0x18  Code  Gb  InterruptHandlers.o [1]
TIM4_IRQHandler          0x800'4e97   0x18  Code  Gb  InterruptHandlers.o [1]
Text1                   0x2000'029c   0x14  Data  Gb  main.o [1]
Text2                   0x2000'02b0   0x14  Data  Gb  main.o [1]
Text3                   0x2000'02c4   0x14  Data  Gb  main.o [1]
Text4                   0x2000'02d8   0x14  Data  Gb  main.o [1]
Text5                   0x2000'02ec   0x14  Data  Gb  main.o [1]
Text6                   0x2000'0300   0x14  Data  Gb  main.o [1]
TextContext1             0x800'3b50   0x14  Data  Lc  main.o [1]
TextLPressCallback::CallbackFunction()
                         0x800'55e5   0x24  Code  Gb  main.o [1]
TextPressCallback::CallbackFunction()
                         0x800'58f5   0x10  Code  Gb  main.o [1]
TextWindowContext1       0x800'3b3c   0x14  Data  Lc  main.o [1]
USART1_IRQHandler        0x800'4f3f   0x12  Code  Gb  InterruptHandlers.o [1]
USART2_IRQHandler        0x800'4f57   0x12  Code  Gb  InterruptHandlers.o [1]
USART3_IRQHandler        0x800'4f6f   0x12  Code  Gb  InterruptHandlers.o [1]
USBWakeUp_IRQHandler     0x800'4fbb   0x12  Code  Gb  InterruptHandlers.o [1]
USB_HP_CAN1_TX_IRQHandler
                         0x800'4da5   0x18  Code  Gb  InterruptHandlers.o [1]
USB_LP_CAN1_RX0_IRQHandler
                         0x800'4dbd    0x2  Code  Gb  InterruptHandlers.o [1]
UsageFault_Handler       0x800'592d    0x2  Code  Gb  stm32f1xx_it.o [1]
Utils::queue<HAL::Spi::Transaction_t const *, unsigned int, (unsigned int)10>::Read(HAL::Spi::Transaction_t const **)
                         0x800'1d5d   0x2e  Code  Gb  Spi.o [1]
Virtual function table for DownCallback
                         0x800'5790   0x14  Data  Gb  main.o [1]
Virtual function table for HAL::Adc
                         0x800'5704   0x14  Data  Gb  ADC.o [1]
Virtual function table for HAL::AnalogIn
                         0x800'5768   0x14  Data  Gb  main.o [1]
Virtual function table for HAL::DigitalIn<(Port_t)1073810432, (unsigned short)9, (Mode_t)2, (IntEdge_t)3, (HAL::Callback *)0>
                         0x800'57cc   0x14  Data  Gb  main.o [1]
Virtual function table for HAL::I2c
                         0x800'5740   0x14  Data  Gb  I2c.o [1]
Virtual function table for HAL::I2c::I2C_DMA_Rx_Callback
                         0x800'5718   0x14  Data  Gb  I2c.o [1]
Virtual function table for HAL::I2c::I2C_DMA_Tx_Callback
                         0x800'572c   0x14  Data  Gb  I2c.o [1]
Virtual function table for HAL::PulseOut<(unsigned int)1073742848, (TimerChanel_t)49, (unsigned int)38000>
                         0x800'577c   0x14  Data  Gb  main.o [1]
Virtual function table for HAL::Rtc
                         0x800'5830   0x14  Data  Gb  RTC.o [1]
Virtual function table for HAL::Spi
                         0x800'586c   0x14  Data  Gb  Spi.o [1]
Virtual function table for HAL::Spi::SPI_DMA_Rx_Callback
                         0x800'5858   0x14  Data  Gb  Spi.o [1]
Virtual function table for HAL::Spi::SPI_DMA_Tx_Callback
                         0x800'5844   0x14  Data  Gb  Spi.o [1]
Virtual function table for HAL::Uart
                         0x800'5880   0x14  Data  Gb  Uart.o [1]
Virtual function table for HMI::NamedSettingWindow
                         0x800'58b4   0x10  Data  Gb  main.o [1]
Virtual function table for HMI::Screen
                         0x800'58c4   0x10  Data  Gb  main.o [1]
Virtual function table for HMI::SettingWindow
                         0x800'58a4   0x10  Data  Gb  main.o [1]
Virtual function table for HMI::TextWindow
                         0x800'5894   0x10  Data  Gb  main.o [1]
Virtual function table for HMI::UI
                         0x800'58d4   0x10  Data  Gb  main.o [1]
Virtual function table for LongPressCallback1
                         0x800'57b8   0x14  Data  Gb  main.o [1]
Virtual function table for PressCallback
                         0x800'57a4   0x14  Data  Gb  main.o [1]
Virtual function table for RTCSecCallback
                         0x800'5754   0x14  Data  Gb  main.o [1]
Virtual function table for SettingCallback
                         0x800'5944    0xc  Data  Gb  main.o [1]
Virtual function table for SysTimerCallback
                         0x800'5808   0x14  Data  Gb  main.o [1]
Virtual function table for TextLPressCallback
                         0x800'57f4   0x14  Data  Gb  main.o [1]
Virtual function table for TextPressCallback
                         0x800'57e0   0x14  Data  Gb  main.o [1]
VolA0                   0x2000'0050    0x2  Data  Gb  main.o [1]
VolA1                   0x2000'0052    0x2  Data  Gb  main.o [1]
VolA2                   0x2000'0054    0x2  Data  Gb  main.o [1]
Vref                    0x2000'0056    0x2  Data  Gb  main.o [1]
WWDG_IRQHandler          0x800'4be5   0x16  Code  Gb  InterruptHandlers.o [1]
WindowContext1           0x800'3a3c   0x14  Data  Lc  main.o [1]
WindowContext2           0x800'3a60   0x14  Data  Lc  main.o [1]
WindowContext3           0x800'3a84   0x14  Data  Lc  main.o [1]
WindowContext4           0x800'3aa8   0x14  Data  Lc  main.o [1]
WindowContext5           0x800'3acc   0x14  Data  Lc  main.o [1]
WindowContext6           0x800'3af0   0x14  Data  Lc  main.o [1]
Window_test()            0x800'363d  0x1de  Code  Gb  main.o [1]
Window_test()::MyUI     0x2000'01cc   0x18  Data  Lc  main.o [1]
Window_test()::NamedSettingWindow4
                        0x2000'0248   0x14  Data  Lc  main.o [1]
Window_test()::PowerWindow
                        0x2000'01f0    0xc  Data  Lc  main.o [1]
Window_test()::SettingWindow1
                        0x2000'020c   0x14  Data  Lc  main.o [1]
Window_test()::SettingWindow2
                        0x2000'0220   0x14  Data  Lc  main.o [1]
Window_test()::SettingWindow3
                        0x2000'0234   0x14  Data  Lc  main.o [1]
Window_test()::TextWindow1
                        0x2000'01e4    0xc  Data  Lc  main.o [1]
Window_test()::TextWindow4
                        0x2000'025c   0x14  Data  Lc  main.o [1]
Window_test()::TextWindow5
                        0x2000'0270   0x14  Data  Lc  main.o [1]
Window_test()::TextWindow6
                        0x2000'0284   0x14  Data  Lc  main.o [1]
Window_test()::static guard for MyUI
                        0x2000'01c0    0x1  Data  Lc  main.o [1]
Window_test()::static guard for NamedSettingWindow4
                        0x2000'01c4    0x1  Data  Lc  main.o [1]
Window_test()::static guard for PowerWindow
                        0x2000'01c9    0x1  Data  Lc  main.o [1]
Window_test()::static guard for SettingWindow1
                        0x2000'01c1    0x1  Data  Lc  main.o [1]
Window_test()::static guard for SettingWindow2
                        0x2000'01c2    0x1  Data  Lc  main.o [1]
Window_test()::static guard for SettingWindow3
                        0x2000'01c3    0x1  Data  Lc  main.o [1]
Window_test()::static guard for TextWindow1
                        0x2000'01c5    0x1  Data  Lc  main.o [1]
Window_test()::static guard for TextWindow4
                        0x2000'01c6    0x1  Data  Lc  main.o [1]
Window_test()::static guard for TextWindow5
                        0x2000'01c7    0x1  Data  Lc  main.o [1]
Window_test()::static guard for TextWindow6
                        0x2000'01c8    0x1  Data  Lc  main.o [1]
[local to DMA_cpp]::LL_DMA_DisableChannel(DMA_TypeDef *, unsigned int)
                         0x800'172d   0x14  Code  Lc  DMA.o [1]
[local to DMA_cpp]::LL_DMA_EnableChannel(DMA_TypeDef *, unsigned int)
                         0x800'1719   0x14  Code  Lc  DMA.o [1]
[local to DigitalIO_cpp]::LL_GPIO_SetPinMode(GPIO_TypeDef *, unsigned int, unsigned int)
                         0x800'1899   0x18  Code  Lc  DigitalIO.o [1]
[local to DigitalIO_cpp]::LL_GPIO_SetPinOutputType(GPIO_TypeDef *, unsigned int, unsigned int)
                         0x800'18dd   0x18  Code  Lc  DigitalIO.o [1]
[local to DigitalIO_cpp]::LL_GPIO_SetPinSpeed(GPIO_TypeDef *, unsigned int, unsigned int)
                         0x800'18b1   0x16  Code  Lc  DigitalIO.o [1]
[local to GpioOutput_cpp]::LL_GPIO_SetPinMode(GPIO_TypeDef *, unsigned int, unsigned int)
                         0x800'1eb9   0x18  Code  Lc  GpioOutput.o [1]
[local to GpioOutput_cpp]::LL_GPIO_SetPinOutputType(GPIO_TypeDef *, unsigned int, unsigned int)
                         0x800'1ed1   0x16  Code  Lc  GpioOutput.o [1]
[local to main_cpp]::HMI::Power_of_10
                         0x800'5568   0x2c  Data  Lc  main.o [1]
[local to tinyprintf_c]::_vsprintf_putcf(void *, char)
                         0x800'4575    0xc  Code  Lc  tinyprintf.o [1]
[local to tinyprintf_c]::putchw(void *, void (*)(void *, char), param *)
                         0x800'42e7   0xcc  Code  Lc  tinyprintf.o [1]
[local to tinyprintf_c]::ui2a(unsigned int, param *)
                         0x800'428d   0x5a  Code  Lc  tinyprintf.o [1]
__aeabi_atexit           0x800'2741    0xa  Code  Gb  cxxabi.o [3]
__aeabi_d2f              0x800'4aa5         Code  Gb  DblToFlt.o [4]
__aeabi_f2iz             0x800'4825         Code  Gb  FltToS32.o [4]
__aeabi_fdiv             0x800'49a9         Code  Gb  FltDiv.o [4]
__aeabi_fmul             0x800'48d1         Code  Gb  FltMul.o [4]
__aeabi_fsub             0x800'4851         Code  Gb  FltSub.o [4]
__aeabi_i2f              0x800'4269         Code  Gb  S32ToFlt.o [4]
__aeabi_memcpy4          0x800'1dc5         Code  Gb  ABImemcpy.o [5]
__aeabi_memcpy8          0x800'1dc5         Code  Gb  ABImemcpy.o [5]
__aeabi_memset           0x800'47bd         Code  Gb  ABImemset.o [5]
__call_ctors             0x800'326d   0x18  Code  Gb  cppinit.o [2]
__call_dtors             0x800'32bb    0xc  Code  Gb  cppinit.o [2]
__call_dtors0            0x800'32c7   0x36  Code  Gb  cppinit.o [2]
__cexit_call_dtors       0x800'5697         Code  Gb  cexit.o [5]
__cmain                  0x800'566d         Code  Gb  cmain.o [5]
__cstart_call_dtors      0x800'59d8         Data  Gb  cstart_call_dtors.o [5]
__cxa_atexit             0x800'3285   0x36  Code  Gb  cppinit.o [2]
__dso_handle            0x2000'0754    0x4  Data  Gb  cppinit.o [2]
__exit                   0x800'56a5   0x14  Code  Gb  exit.o [6]
__iar_Memset             0x800'47bd         Code  Gb  ABImemset.o [5]
__iar_Memset_word        0x800'47c5         Code  Gb  ABImemset.o [5]
__iar_cstart_call_ctors
                         0x800'564d   0x20  Code  Gb  cmain_call_ctors.o [5]
__iar_data_init3         0x800'55bd   0x28  Code  Gb  data_init.o [5]
__iar_debug_exceptions   0x800'3056    0x1  Data  Gb  unwind_debug.o [6]
__iar_fadd               0x800'485d         Code  Gb  FltSub.o [4]
__iar_fsub               0x800'4b0d         Code  Gb  FltAdd.o [4]
__iar_fsubStart          0x800'4b1d         Code  Gb  FltAdd.o [4]
__iar_packbits_init_single3
                         0x800'54cd   0x38  Code  Gb  packbits_init_single.o [5]
__iar_program_start      0x800'5981         Code  Gb  cstartup_M.o [5]
__iar_tls$$INIT_ARRAY$$Base
                         0x800'5944          --   Gb  - Linker created -
__iar_tls$$INIT_ARRAY$$Limit
                         0x800'5944          --   Gb  - Linker created -
__iar_zero_init3         0x800'1d8b   0x3a  Code  Gb  zero_init3.o [5]
__low_level_init         0x800'568b    0x4  Code  Gb  low_level_init.o [2]
__sti__routine           0x800'1bc1  0x10a  Code  Lc  CPP_HAL.o [1]
__sti__routine           0x800'56d5    0xe  Code  Lc  fat_sd_spi.o [1]
__sti__routine           0x800'56ed    0xc  Code  Lc  irSend.o [1]
__sti__routine           0x800'3565   0x7c  Code  Lc  main.o [1]
__vector_table           0x800'0000         Data  Gb  startup_stm32f103xb.o [1]
_call_main               0x800'5679         Code  Gb  cmain.o [5]
_exit                    0x800'5695         Code  Gb  cexit.o [5]
_main                    0x800'5687         Code  Gb  cmain.o [5]
aSettingCallback        0x2000'0298    0x4  Data  Lc  main.o [1]
adc0                    0x2000'0398    0xc  Data  Gb  CPP_HAL.o [1]
adc1                    0x2000'0058    0xc  Data  Gb  main.o [1]
adc2                    0x2000'0064    0xc  Data  Gb  main.o [1]
adcVref                 0x2000'0070    0xc  Data  Gb  main.o [1]
dma1                    0x2000'0404    0x4  Data  Gb  CPP_HAL.o [1]
exit                     0x800'568f    0x4  Code  Gb  exit.o [2]
ftoa(float, char *, int)
                         0x800'4153   0x5e  Code  Gb  Utils.o [1]
ftoa(float, char *, int, char)
                         0x800'41b1   0x62  Code  Gb  Utils.o [1]
generic_st7789           0x800'52a8   0x24  Data  Lc  ST7735.o [1]
i2c1                    0x2000'03b8   0x4c  Data  Gb  CPP_HAL.o [1]
init_cmds1               0x800'5240   0x3c  Data  Lc  ST7735.o [1]
init_cmds2_160X80        0x800'2e58   0x10  Data  Lc  ST7735.o [1]
init_cmds2_IS_128X160    0x800'2e48   0x10  Data  Lc  ST7735.o [1]
init_cmds3               0x800'527c   0x2c  Data  Lc  ST7735.o [1]
init_printf              0x800'4557    0x8  Code  Gb  tinyprintf.o [1]
intToStr(int, char *, int)
                         0x800'4099   0x5c  Code  Gb  Utils.o [1]
intToStr(int, char *, int, char)
                         0x800'40f5   0x5e  Code  Gb  Utils.o [1]
main                     0x800'38ed   0x3e  Code  Gb  main.o [1]
myTime                  0x2000'06f0    0xc  Data  Gb  main.o [1]
namesetting1            0x2000'0314   0x14  Data  Gb  main.o [1]
next_abi_dtor_rec       0x2000'0750    0x4  Data  Lc  cppinit.o [2]
power(float, int)        0x800'4219   0x4e  Code  Gb  Utils.o [1]
putc(void *, char)       0x800'38e3    0x6  Code  Gb  main.o [1]
rtc                     0x2000'0000   0x10  Data  Gb  CPP_HAL.o [1]
sg_CurrentsettingValue  0x2000'0730    0x4  Data  Lc  main.o [1]
spi1                    0x2000'0420   0x74  Data  Gb  CPP_HAL.o [1]
spi2                    0x2000'0494   0x74  Data  Gb  CPP_HAL.o [1]
st7735_Font11x18         0x800'00ec  0xd5c  Data  Lc  st7735fonts.o [1]
st7735_Font_11x18       0x2000'038c    0x8  Data  Gb  st7735fonts.o [1]
stdout_putf             0x2000'071c    0x4  Data  Lc  tinyprintf.o [1]
stdout_putp             0x2000'0720    0x4  Data  Lc  tinyprintf.o [1]
temperature             0x2000'007c    0x4  Data  Gb  main.o [1]
tfp_format               0x800'43b3  0x1a4  Code  Gb  tinyprintf.o [1]
tfp_printf               0x800'455f   0x16  Code  Gb  tinyprintf.o [1]
tfp_sprintf              0x800'45ad   0x10  Code  Gb  tinyprintf.o [1]
tfp_vsprintf             0x800'4581   0x22  Code  Gb  tinyprintf.o [1]
uart1                   0x2000'0598   0x14  Data  Gb  CPP_HAL.o [1]
w25qxxDev               0x2000'001c   0x34  Data  Gb  main.o [1]


[1] = C:\Amit_Chaudhary\STM32F1xx_CPP_FW\STM32F1xx_CPP_FW - STM32F103CBT6 - Menu_UI full2\IAR\Debug\Obj
[2] = dl7M_tln.a
[3] = dlpp7M_tl_nc.a
[4] = m7M_tl.a
[5] = rt7M_tl.a
[6] = shb_l.a

  18'571 bytes of readonly  code memory
   4'619 bytes of readonly  data memory
   4'338 bytes of readwrite data memory

Errors: none
Warnings: none
