###############################################################################
#
# IAR ELF Linker V8.40.2.214/W32 for ARM                  31/Jan/2020  14:10:19
# Copyright 2007-2019 IAR Systems AB.
#
#    Output file  =
#        C:\Amit_Chaudhary\STM32F1xx_CPP_FW\STM32F1xx_CPP_FW - CPF - SPI 2.0
#        Uart Working\IAR\Debug\Exe\Main.out
#    Map file     =
#        C:\Amit_Chaudhary\STM32F1xx_CPP_FW\STM32F1xx_CPP_FW - CPF - SPI 2.0
#        Uart Working\IAR\Debug\List\Main.map
#    Command line =
#        -f C:\Users\AMITCH~1\AppData\Local\Temp\EWEEAF.tmp
#        ("C:\Amit_Chaudhary\STM32F1xx_CPP_FW\STM32F1xx_CPP_FW - CPF - SPI 2.0
#        Uart Working\IAR\Debug\Obj\BMP280.o"
#        "C:\Amit_Chaudhary\STM32F1xx_CPP_FW\STM32F1xx_CPP_FW - CPF - SPI 2.0
#        Uart Working\IAR\Debug\Obj\BtnInt.o"
#        "C:\Amit_Chaudhary\STM32F1xx_CPP_FW\STM32F1xx_CPP_FW - CPF - SPI 2.0
#        Uart Working\IAR\Debug\Obj\BtnPoll.o"
#        "C:\Amit_Chaudhary\STM32F1xx_CPP_FW\STM32F1xx_CPP_FW - CPF - SPI 2.0
#        Uart Working\IAR\Debug\Obj\CmdSvr.o"
#        "C:\Amit_Chaudhary\STM32F1xx_CPP_FW\STM32F1xx_CPP_FW - CPF - SPI 2.0
#        Uart Working\IAR\Debug\Obj\ControlScreen.o"
#        "C:\Amit_Chaudhary\STM32F1xx_CPP_FW\STM32F1xx_CPP_FW - CPF - SPI 2.0
#        Uart Working\IAR\Debug\Obj\CPP_HAL.o"
#        "C:\Amit_Chaudhary\STM32F1xx_CPP_FW\STM32F1xx_CPP_FW - CPF - SPI 2.0
#        Uart Working\IAR\Debug\Obj\DigitalIO_Test.o"
#        "C:\Amit_Chaudhary\STM32F1xx_CPP_FW\STM32F1xx_CPP_FW - CPF - SPI 2.0
#        Uart Working\IAR\Debug\Obj\diskio.o"
#        "C:\Amit_Chaudhary\STM32F1xx_CPP_FW\STM32F1xx_CPP_FW - CPF - SPI 2.0
#        Uart Working\IAR\Debug\Obj\DisplayBuffer.o"
#        "C:\Amit_Chaudhary\STM32F1xx_CPP_FW\STM32F1xx_CPP_FW - CPF - SPI 2.0
#        Uart Working\IAR\Debug\Obj\DMA.o"
#        "C:\Amit_Chaudhary\STM32F1xx_CPP_FW\STM32F1xx_CPP_FW - CPF - SPI 2.0
#        Uart Working\IAR\Debug\Obj\fat_sd_spi.o"
#        "C:\Amit_Chaudhary\STM32F1xx_CPP_FW\STM32F1xx_CPP_FW - CPF - SPI 2.0
#        Uart Working\IAR\Debug\Obj\ff.o"
#        "C:\Amit_Chaudhary\STM32F1xx_CPP_FW\STM32F1xx_CPP_FW - CPF - SPI 2.0
#        Uart Working\IAR\Debug\Obj\fonts.o"
#        "C:\Amit_Chaudhary\STM32F1xx_CPP_FW\STM32F1xx_CPP_FW - CPF - SPI 2.0
#        Uart Working\IAR\Debug\Obj\GpioInput.o"
#        "C:\Amit_Chaudhary\STM32F1xx_CPP_FW\STM32F1xx_CPP_FW - CPF - SPI 2.0
#        Uart Working\IAR\Debug\Obj\GpioOutput.o"
#        "C:\Amit_Chaudhary\STM32F1xx_CPP_FW\STM32F1xx_CPP_FW - CPF - SPI 2.0
#        Uart Working\IAR\Debug\Obj\HwButton.o"
#        "C:\Amit_Chaudhary\STM32F1xx_CPP_FW\STM32F1xx_CPP_FW - CPF - SPI 2.0
#        Uart Working\IAR\Debug\Obj\I2c.o"
#        "C:\Amit_Chaudhary\STM32F1xx_CPP_FW\STM32F1xx_CPP_FW - CPF - SPI 2.0
#        Uart Working\IAR\Debug\Obj\I2C_Commands.o"
#        "C:\Amit_Chaudhary\STM32F1xx_CPP_FW\STM32F1xx_CPP_FW - CPF - SPI 2.0
#        Uart Working\IAR\Debug\Obj\I2C_Test.o"
#        "C:\Amit_Chaudhary\STM32F1xx_CPP_FW\STM32F1xx_CPP_FW - CPF - SPI 2.0
#        Uart Working\IAR\Debug\Obj\INA219.o"
#        "C:\Amit_Chaudhary\STM32F1xx_CPP_FW\STM32F1xx_CPP_FW - CPF - SPI 2.0
#        Uart Working\IAR\Debug\Obj\InterruptHandlers.o"
#        "C:\Amit_Chaudhary\STM32F1xx_CPP_FW\STM32F1xx_CPP_FW - CPF - SPI 2.0
#        Uart Working\IAR\Debug\Obj\InterruptManager.o"
#        "C:\Amit_Chaudhary\STM32F1xx_CPP_FW\STM32F1xx_CPP_FW - CPF - SPI 2.0
#        Uart Working\IAR\Debug\Obj\main.o"
#        "C:\Amit_Chaudhary\STM32F1xx_CPP_FW\STM32F1xx_CPP_FW - CPF - SPI 2.0
#        Uart Working\IAR\Debug\Obj\Mlx90615.o"
#        "C:\Amit_Chaudhary\STM32F1xx_CPP_FW\STM32F1xx_CPP_FW - CPF - SPI 2.0
#        Uart Working\IAR\Debug\Obj\NokiaLCD.o"
#        "C:\Amit_Chaudhary\STM32F1xx_CPP_FW\STM32F1xx_CPP_FW - CPF - SPI 2.0
#        Uart Working\IAR\Debug\Obj\Power_Monitor.o"
#        "C:\Amit_Chaudhary\STM32F1xx_CPP_FW\STM32F1xx_CPP_FW - CPF - SPI 2.0
#        Uart Working\IAR\Debug\Obj\printf.o"
#        "C:\Amit_Chaudhary\STM32F1xx_CPP_FW\STM32F1xx_CPP_FW - CPF - SPI 2.0
#        Uart Working\IAR\Debug\Obj\RTC.o"
#        "C:\Amit_Chaudhary\STM32F1xx_CPP_FW\STM32F1xx_CPP_FW - CPF - SPI 2.0
#        Uart Working\IAR\Debug\Obj\Screen.o"
#        "C:\Amit_Chaudhary\STM32F1xx_CPP_FW\STM32F1xx_CPP_FW - CPF - SPI 2.0
#        Uart Working\IAR\Debug\Obj\Spi.o"
#        "C:\Amit_Chaudhary\STM32F1xx_CPP_FW\STM32F1xx_CPP_FW - CPF - SPI 2.0
#        Uart Working\IAR\Debug\Obj\ssd1306.o"
#        "C:\Amit_Chaudhary\STM32F1xx_CPP_FW\STM32F1xx_CPP_FW - CPF - SPI 2.0
#        Uart Working\IAR\Debug\Obj\ssd1306_Test.o"
#        "C:\Amit_Chaudhary\STM32F1xx_CPP_FW\STM32F1xx_CPP_FW - CPF - SPI 2.0
#        Uart Working\IAR\Debug\Obj\ST7735.o"
#        "C:\Amit_Chaudhary\STM32F1xx_CPP_FW\STM32F1xx_CPP_FW - CPF - SPI 2.0
#        Uart Working\IAR\Debug\Obj\ST7735_1.o"
#        "C:\Amit_Chaudhary\STM32F1xx_CPP_FW\STM32F1xx_CPP_FW - CPF - SPI 2.0
#        Uart Working\IAR\Debug\Obj\st7735fonts.o"
#        "C:\Amit_Chaudhary\STM32F1xx_CPP_FW\STM32F1xx_CPP_FW - CPF - SPI 2.0
#        Uart Working\IAR\Debug\Obj\startup_stm32f103xb.o"
#        "C:\Amit_Chaudhary\STM32F1xx_CPP_FW\STM32F1xx_CPP_FW - CPF - SPI 2.0
#        Uart Working\IAR\Debug\Obj\stm32f1xx_hal.o"
#        "C:\Amit_Chaudhary\STM32F1xx_CPP_FW\STM32F1xx_CPP_FW - CPF - SPI 2.0
#        Uart Working\IAR\Debug\Obj\stm32f1xx_hal_cortex.o"
#        "C:\Amit_Chaudhary\STM32F1xx_CPP_FW\STM32F1xx_CPP_FW - CPF - SPI 2.0
#        Uart Working\IAR\Debug\Obj\stm32f1xx_hal_dma.o"
#        "C:\Amit_Chaudhary\STM32F1xx_CPP_FW\STM32F1xx_CPP_FW - CPF - SPI 2.0
#        Uart Working\IAR\Debug\Obj\stm32f1xx_hal_gpio.o"
#        "C:\Amit_Chaudhary\STM32F1xx_CPP_FW\STM32F1xx_CPP_FW - CPF - SPI 2.0
#        Uart Working\IAR\Debug\Obj\stm32f1xx_hal_pcd.o"
#        "C:\Amit_Chaudhary\STM32F1xx_CPP_FW\STM32F1xx_CPP_FW - CPF - SPI 2.0
#        Uart Working\IAR\Debug\Obj\stm32f1xx_hal_pcd_ex.o"
#        "C:\Amit_Chaudhary\STM32F1xx_CPP_FW\STM32F1xx_CPP_FW - CPF - SPI 2.0
#        Uart Working\IAR\Debug\Obj\stm32f1xx_hal_rcc.o"
#        "C:\Amit_Chaudhary\STM32F1xx_CPP_FW\STM32F1xx_CPP_FW - CPF - SPI 2.0
#        Uart Working\IAR\Debug\Obj\stm32f1xx_hal_rcc_ex.o"
#        "C:\Amit_Chaudhary\STM32F1xx_CPP_FW\STM32F1xx_CPP_FW - CPF - SPI 2.0
#        Uart Working\IAR\Debug\Obj\stm32f1xx_hal_tim.o"
#        "C:\Amit_Chaudhary\STM32F1xx_CPP_FW\STM32F1xx_CPP_FW - CPF - SPI 2.0
#        Uart Working\IAR\Debug\Obj\stm32f1xx_hal_tim_ex.o"
#        "C:\Amit_Chaudhary\STM32F1xx_CPP_FW\STM32F1xx_CPP_FW - CPF - SPI 2.0
#        Uart Working\IAR\Debug\Obj\stm32f1xx_it.o"
#        "C:\Amit_Chaudhary\STM32F1xx_CPP_FW\STM32F1xx_CPP_FW - CPF - SPI 2.0
#        Uart Working\IAR\Debug\Obj\stm32f1xx_ll_dma.o"
#        "C:\Amit_Chaudhary\STM32F1xx_CPP_FW\STM32F1xx_CPP_FW - CPF - SPI 2.0
#        Uart Working\IAR\Debug\Obj\stm32f1xx_ll_exti.o"
#        "C:\Amit_Chaudhary\STM32F1xx_CPP_FW\STM32F1xx_CPP_FW - CPF - SPI 2.0
#        Uart Working\IAR\Debug\Obj\stm32f1xx_ll_gpio.o"
#        "C:\Amit_Chaudhary\STM32F1xx_CPP_FW\STM32F1xx_CPP_FW - CPF - SPI 2.0
#        Uart Working\IAR\Debug\Obj\stm32f1xx_ll_i2c.o"
#        "C:\Amit_Chaudhary\STM32F1xx_CPP_FW\STM32F1xx_CPP_FW - CPF - SPI 2.0
#        Uart Working\IAR\Debug\Obj\stm32f1xx_ll_pwr.o"
#        "C:\Amit_Chaudhary\STM32F1xx_CPP_FW\STM32F1xx_CPP_FW - CPF - SPI 2.0
#        Uart Working\IAR\Debug\Obj\stm32f1xx_ll_rcc.o"
#        "C:\Amit_Chaudhary\STM32F1xx_CPP_FW\STM32F1xx_CPP_FW - CPF - SPI 2.0
#        Uart Working\IAR\Debug\Obj\stm32f1xx_ll_rtc.o"
#        "C:\Amit_Chaudhary\STM32F1xx_CPP_FW\STM32F1xx_CPP_FW - CPF - SPI 2.0
#        Uart Working\IAR\Debug\Obj\stm32f1xx_ll_spi.o"
#        "C:\Amit_Chaudhary\STM32F1xx_CPP_FW\STM32F1xx_CPP_FW - CPF - SPI 2.0
#        Uart Working\IAR\Debug\Obj\stm32f1xx_ll_usart.o"
#        "C:\Amit_Chaudhary\STM32F1xx_CPP_FW\STM32F1xx_CPP_FW - CPF - SPI 2.0
#        Uart Working\IAR\Debug\Obj\stm32f1xx_ll_usb.o"
#        "C:\Amit_Chaudhary\STM32F1xx_CPP_FW\STM32F1xx_CPP_FW - CPF - SPI 2.0
#        Uart Working\IAR\Debug\Obj\stm32f1xx_ll_utils.o"
#        "C:\Amit_Chaudhary\STM32F1xx_CPP_FW\STM32F1xx_CPP_FW - CPF - SPI 2.0
#        Uart Working\IAR\Debug\Obj\System.o"
#        "C:\Amit_Chaudhary\STM32F1xx_CPP_FW\STM32F1xx_CPP_FW - CPF - SPI 2.0
#        Uart Working\IAR\Debug\Obj\system_stm32f1xx.o"
#        "C:\Amit_Chaudhary\STM32F1xx_CPP_FW\STM32F1xx_CPP_FW - CPF - SPI 2.0
#        Uart Working\IAR\Debug\Obj\Uart.o"
#        "C:\Amit_Chaudhary\STM32F1xx_CPP_FW\STM32F1xx_CPP_FW - CPF - SPI 2.0
#        Uart Working\IAR\Debug\Obj\UI.o"
#        "C:\Amit_Chaudhary\STM32F1xx_CPP_FW\STM32F1xx_CPP_FW - CPF - SPI 2.0
#        Uart Working\IAR\Debug\Obj\usb_device.o"
#        "C:\Amit_Chaudhary\STM32F1xx_CPP_FW\STM32F1xx_CPP_FW - CPF - SPI 2.0
#        Uart Working\IAR\Debug\Obj\usbd_cdc.o"
#        "C:\Amit_Chaudhary\STM32F1xx_CPP_FW\STM32F1xx_CPP_FW - CPF - SPI 2.0
#        Uart Working\IAR\Debug\Obj\usbd_cdc_if.o"
#        "C:\Amit_Chaudhary\STM32F1xx_CPP_FW\STM32F1xx_CPP_FW - CPF - SPI 2.0
#        Uart Working\IAR\Debug\Obj\usbd_conf.o"
#        "C:\Amit_Chaudhary\STM32F1xx_CPP_FW\STM32F1xx_CPP_FW - CPF - SPI 2.0
#        Uart Working\IAR\Debug\Obj\usbd_core.o"
#        "C:\Amit_Chaudhary\STM32F1xx_CPP_FW\STM32F1xx_CPP_FW - CPF - SPI 2.0
#        Uart Working\IAR\Debug\Obj\usbd_ctlreq.o"
#        "C:\Amit_Chaudhary\STM32F1xx_CPP_FW\STM32F1xx_CPP_FW - CPF - SPI 2.0
#        Uart Working\IAR\Debug\Obj\usbd_desc.o"
#        "C:\Amit_Chaudhary\STM32F1xx_CPP_FW\STM32F1xx_CPP_FW - CPF - SPI 2.0
#        Uart Working\IAR\Debug\Obj\usbd_ioreq.o"
#        "C:\Amit_Chaudhary\STM32F1xx_CPP_FW\STM32F1xx_CPP_FW - CPF - SPI 2.0
#        Uart Working\IAR\Debug\Obj\Utils.o"
#        "C:\Amit_Chaudhary\STM32F1xx_CPP_FW\STM32F1xx_CPP_FW - CPF - SPI 2.0
#        Uart Working\IAR\Debug\Obj\w25qxx.o" --no_out_extension -o
#        "C:\Amit_Chaudhary\STM32F1xx_CPP_FW\STM32F1xx_CPP_FW - CPF - SPI 2.0
#        Uart Working\IAR\Debug\Exe\Main.out" --redirect
#        _Printf=_PrintfFullNoMb --redirect _Scanf=_ScanfFullNoMb --map
#        "C:\Amit_Chaudhary\STM32F1xx_CPP_FW\STM32F1xx_CPP_FW - CPF - SPI 2.0
#        Uart Working\IAR\Debug\List\Main.map" --config "C:\Program Files
#        (x86)\IAR Systems\STM32 ARM\arm\config\linker\ST\stm32f103xC.icf"
#        --semihosting --entry __iar_program_start --vfe --text_out locale)
#
###############################################################################

*******************************************************************************
*** RUNTIME MODEL ATTRIBUTES
***

CppFlavor                     = *
__CPP_Exceptions              = Disabled
__CPP_Language                = C++14
__Heap_Handler                = Basic
__SystemLibrary               = DLib
__dlib_dynamic_initialization = normal
__dlib_version                = 6


*******************************************************************************
*** HEAP SELECTION
***

The basic heap was selected because some modules are built with
size limitations (and not runtime checking), and --advanced_heap
was not specified.


*******************************************************************************
*** PLACEMENT SUMMARY
***

"A0":  place at address 0x800'0000 { ro section .intvec };
"P1":  place in [from 0x800'0000 to 0x803'ffff] { ro };
define block CSTACK with size = 4K, alignment = 8 { };
define block HEAP with size = 4K, alignment = 8 { };
"P2":  place in [from 0x2000'0000 to 0x2000'bfff] {
          rw, block CSTACK, block HEAP };
initialize by copy { rw };

  Section                Kind         Address    Size  Object
  -------                ----         -------    ----  ------
"A0":                                            0xec
  .intvec                ro code   0x800'0000    0xec  startup_stm32f103xb.o [1]
                                 - 0x800'00ec    0xec

"P1":                                          0x7147
  .text                  ro code   0x800'00ec  0x1876  ff.o [1]
  .text                  ro code   0x800'1962    0x3a  zero_init3.o [5]
  .text                  ro code   0x800'199c    0xb8  diskio.o [1]
  .text                  ro code   0x800'1a54     0x6  ABImemclr.o [5]
  .rodata                const     0x800'1a5a     0x1  unwind_debug.o [6]
  .text                  ro code   0x800'1a5c    0x66  ABImemset.o [5]
  .text                  ro code   0x800'1ac4   0x8a2  fat_sd_spi.o [1]
  .text                  ro code   0x800'2368   0x190  GpioOutput.o [1]
  .text                  ro code   0x800'24f8   0x8d8  Spi.o [1]
  .text                  ro code   0x800'2dd0    0x86  ABImemcpy.o [5]
  .text                  ro code   0x800'2e58    0x60  stm32f1xx_ll_spi.o [1]
  .text                  ro code   0x800'2eb8    0x60  InterruptManager.o [1]
  .text                  ro code   0x800'2f18   0x14c  DMA.o [1]
  .text                  ro code   0x800'3064    0x20  Uart.o [1]
  .text                  ro code   0x800'3084   0x234  GpioInput.o [1]
  .text                  ro code   0x800'32b8   0x12c  CPP_HAL.o [1]
  .text                  ro code   0x800'33e4    0x2e  Spi.o [1]
  .text                  ro code   0x800'3412    0x1a  Spi.o [1]
  .text                  ro code   0x800'342c    0x20  Spi.o [1]
  .text                  ro code   0x800'344c    0x20  Spi.o [1]
  .text                  ro code   0x800'346c    0x20  Spi.o [1]
  .text                  ro code   0x800'348c    0x54  stm32f1xx_ll_dma.o [1]
  .text                  ro code   0x800'34e0   0x44a  I2c.o [1]
  .text                  ro code   0x800'392a     0xa  cxxabi.o [3]
  .text                  ro code   0x800'3934   0x23a  INA219.o [1]
  .text                  ro code   0x800'3b70   0x33c  NokiaLCD.o [1]
  .text                  ro code   0x800'3eac    0x54  ST7735.o [1]
  .text                  ro code   0x800'3f00   0x2ac  Uart.o [1]
  .text                  ro code   0x800'41ac    0x34  I2c.o [1]
  .text                  ro code   0x800'41e0    0x34  I2c.o [1]
  .text                  ro code   0x800'4214    0x34  I2c.o [1]
  .text                  ro code   0x800'4248    0x34  I2c.o [1]
  .text                  ro code   0x800'427c    0xdc  stm32f1xx_ll_i2c.o [1]
  .text                  ro code   0x800'4358    0xa0  cppinit.o [2]
  .text                  ro code   0x800'43f8    0x24  FltCmpLe.o [4]
  .text                  ro code   0x800'441c    0x2c  INA219.o [1]
  .text                  ro code   0x800'4448    0xe2  FltAdd.o [4]
  .text                  ro code   0x800'452c    0x48  FltToDbl.o [4]
  .text                  ro code   0x800'4574   0x246  DblDiv.o [4]
  .text                  ro code   0x800'47bc   0x17a  DblAdd.o [4]
  .text                  ro code   0x800'4938    0x68  DblToFlt.o [4]
  .text                  ro code   0x800'49a0    0x1a  U32ToDbl.o [4]
  .text                  ro code   0x800'49bc   0x1a2  DblMul.o [4]
  .text                  ro code   0x800'4b60    0x24  S32ToFlt.o [4]
  .text                  ro code   0x800'4b84    0x1c  U32ToFlt.o [4]
  .text                  ro code   0x800'4ba0    0xfc  FltDiv.o [4]
  .text                  ro code   0x800'4c9c     0xc  w25qxx.o [1]
  .text                  ro code   0x800'4ca8    0x30  stm32f1xx_ll_utils.o [1]
  .text                  ro code   0x800'4cd8     0xc  w25qxx.o [1]
  .text                  ro code   0x800'4ce4    0x20  main.o [1]
  .text                  ro code   0x800'4d04    0x88  stm32f1xx_ll_rcc.o [1]
  .text                  ro code   0x800'4d8c    0x80  FltSub.o [4]
  .text                  ro code   0x800'4e0c    0xd2  DblSub.o [4]
  .text                  ro code   0x800'4ee0   0x4c0  Power_Monitor.o [1]
  .text                  ro code   0x800'53a0   0x1ca  HwButton.o [1]
  .text                  ro code   0x800'556c   0x120  UI.o [1]
  .text                  ro code   0x800'568c    0x76  Screen.o [1]
  .text                  ro code   0x800'5704   0x110  ControlScreen.o [1]
  .text                  ro code   0x800'5814   0x20c  RTC.o [1]
  .text                  ro code   0x800'5a20   0x172  Utils.o [1]
  .text                  ro code   0x800'5b94   0x160  DisplayBuffer.o [1]
  .text                  ro code   0x800'5cf4   0x158  stm32f1xx_ll_rtc.o [1]
  .text                  ro code   0x800'5e4c    0x2a  FltToS32.o [4]
  .text                  ro code   0x800'5e78    0xd8  FltMul.o [4]
  .text                  ro code   0x800'5f50   0x410  InterruptHandlers.o [1]
  .rodata                const     0x800'6360   0x240  DisplayBuffer.o [1]
  .rodata                const     0x800'65a0   0x240  NokiaLCD.o [1]
  .text                  ro code   0x800'67e0   0x1b0  main.o [1]
  .text                  ro code   0x800'6990    0x14  w25qxx.o [1]
  .text                  ro code   0x800'69a4    0x26  stm32f1xx_hal.o [1]
  .text                  ro code   0x800'69cc    0xb0  stm32f1xx_hal_cortex.o [1]
  .text                  ro code   0x800'6a7c    0x40  stm32f1xx_hal.o [1]
  .rodata                const     0x800'6abc    0xb0  Power_Monitor.o [1]
  .rodata                const     0x800'6b6c    0x80  ff.o [1]
  .text                  ro code   0x800'6bec    0x60  system_stm32f1xx.o [1]
  .rodata                const     0x800'6c4c    0x40  GpioInput.o [1]
  .rodata                const     0x800'6c8c    0x40  GpioOutput.o [1]
  .text                  ro code   0x800'6ccc    0x38  ST7735_1.o [1]
  .text                  ro code   0x800'6d04    0x38  packbits_init_single.o [5]
  .text                  ro code   0x800'6d3c    0x34  DigitalIO_Test.o [1]
  .text                  ro code   0x800'6d70    0x34  DigitalIO_Test.o [1]
  .text                  ro code   0x800'6da4    0x34  DigitalIO_Test.o [1]
  .text                  ro code   0x800'6dd8    0x2c  iarttio.o [6]
  .text                  ro code   0x800'6e04     0xc  XShttio.o [2]
  .text                  ro code   0x800'6e10    0x28  data_init.o [5]
  .iar.init_table        const     0x800'6e38    0x24  - Linker created -
  .text                  ro code   0x800'6e5c    0x20  main.o [1]
  .text                  ro code   0x800'6e7c    0x20  cmain_call_ctors.o [5]
  .text                  ro code   0x800'6e9c    0x1e  cmain.o [5]
  .text                  ro code   0x800'6eba     0x4  low_level_init.o [2]
  .text                  ro code   0x800'6ebe     0x4  exit.o [2]
  .text                  ro code   0x800'6ec4     0xe  cexit.o [5]
  .text                  ro code   0x800'6ed4    0x14  exit.o [6]
  .text                  ro code   0x800'6ee8    0x18  DigitalIO_Test.o [1]
  .text                  ro code   0x800'6f00    0x18  DigitalIO_Test.o [1]
  SHT$$PREINIT_ARRAY               0x800'6f18     0x0  <Block>
  SHT$$INIT_ARRAY                  0x800'6f18    0x18  <Block>
    .init_array          const     0x800'6f18     0x4  CPP_HAL.o [1]
    .init_array          const     0x800'6f1c     0x4  DigitalIO_Test.o [1]
    .init_array          const     0x800'6f20     0x4  fat_sd_spi.o [1]
    .init_array          const     0x800'6f24     0x4  main.o [1]
    .init_array          const     0x800'6f28     0x4  Power_Monitor.o [1]
    .init_array          const     0x800'6f2c     0x4  ST7735_1.o [1]
  __iar_tls$$INIT_ARRAY            0x800'6f30     0x0  <Block>
  .rodata                const     0x800'6f30    0x14  ControlScreen.o [1]
  .rodata                const     0x800'6f44    0x14  DigitalIO_Test.o [1]
  .rodata                const     0x800'6f58    0x14  DigitalIO_Test.o [1]
  .rodata                const     0x800'6f6c    0x14  DigitalIO_Test.o [1]
  .rodata                const     0x800'6f80    0x14  DigitalIO_Test.o [1]
  .rodata                const     0x800'6f94    0x14  DigitalIO_Test.o [1]
  .rodata                const     0x800'6fa8    0x14  DigitalIO_Test.o [1]
  .rodata                const     0x800'6fbc    0x14  DigitalIO_Test.o [1]
  .rodata                const     0x800'6fd0    0x14  GpioInput.o [1]
  .rodata                const     0x800'6fe4    0x14  I2c.o [1]
  .rodata                const     0x800'6ff8    0x14  main.o [1]
  .rodata                const     0x800'700c    0x14  main.o [1]
  .rodata                const     0x800'7020    0x14  Power_Monitor.o [1]
  .rodata                const     0x800'7034    0x14  Power_Monitor.o [1]
  .rodata                const     0x800'7048    0x14  Power_Monitor.o [1]
  .rodata                const     0x800'705c    0x14  RTC.o [1]
  .rodata                const     0x800'7070    0x14  Screen.o [1]
  .rodata                const     0x800'7084    0x14  Spi.o [1]
  .rodata                const     0x800'7098    0x14  Spi.o [1]
  .rodata                const     0x800'70ac    0x14  Spi.o [1]
  .rodata                const     0x800'70c0    0x14  Spi.o [1]
  .rodata                const     0x800'70d4    0x14  Spi.o [1]
  .rodata                const     0x800'70e8    0x14  Uart.o [1]
  .rodata                const     0x800'70fc    0x14  Uart.o [1]
  .rodata                const     0x800'7110    0x14  Uart.o [1]
  .text                  ro code   0x800'7124    0x14  DigitalIO_Test.o [1]
  .text                  ro code   0x800'7138    0x10  DigitalIO_Test.o [1]
  .text                  ro code   0x800'7148    0x10  DigitalIO_Test.o [1]
  .text                  ro code   0x800'7158    0x10  main.o [1]
  .text                  ro code   0x800'7168    0x10  startup_stm32f103xb.o [1]
  .text                  ro code   0x800'7178    0x10  stm32f1xx_it.o [1]
  .text                  ro code   0x800'7188     0xc  Power_Monitor.o [1]
  .text                  ro code   0x800'7194     0xc  Power_Monitor.o [1]
  .text                  ro code   0x800'71a0     0xc  Power_Monitor.o [1]
  .text                  ro code   0x800'71ac     0xc  cstartup_M.o [5]
  .rodata                const     0x800'71b8     0x8  system_stm32f1xx.o [1]
  .text                  ro code   0x800'71c0     0x0  cstart_call_dtors.o [5]
  .rodata                const     0x800'71c0     0x0  zero_init3.o [5]
  .rodata                const     0x800'71c0     0x0  packbits_init_single.o [5]
  Initializer bytes      const     0x800'71c0    0x73  <for P2-1>
                                 - 0x800'7233  0x7147

"P2", part 1 of 3:                              0x5ac
  P2-1                            0x2000'0000   0x5ac  <Init block>
    .data                inited   0x2000'0000    0x10  CPP_HAL.o [1]
    .data                inited   0x2000'0010    0x84  DigitalIO_Test.o [1]
    .data                inited   0x2000'0094    0x18  main.o [1]
    .data                inited   0x2000'00ac   0x4e8  Power_Monitor.o [1]
    .data                inited   0x2000'0594     0xc  stm32f1xx_hal.o [1]
    .data                inited   0x2000'05a0     0x4  system_stm32f1xx.o [1]
    .data                inited   0x2000'05a4     0x8  XShttio.o [2]
                                - 0x2000'05ac   0x5ac

"P2", part 2 of 3:                              0x8a0
  .bss                   zero     0x2000'05ac   0x258  Power_Monitor.o [1]
  .bss                   zero     0x2000'0804   0x210  CPP_HAL.o [1]
  .bss                   zero     0x2000'0a14   0x200  ff.o [1]
  .bss                   zero     0x2000'0c14   0x100  InterruptManager.o [1]
  .bss                   zero     0x2000'0d14    0x40  CPP_HAL.o [1]
  .bss                   zero     0x2000'0d54    0x34  main.o [1]
  .bss                   zero     0x2000'0d88    0x2c  UI.o [1]
  .bss                   zero     0x2000'0db4    0x28  Power_Monitor.o [1]
  .bss                   zero     0x2000'0ddc    0x1c  ST7735_1.o [1]
  .bss                   zero     0x2000'0df8    0x10  diskio.o [1]
  .bss                   zero     0x2000'0e08     0x8  fat_sd_spi.o [1]
  .bss                   zero     0x2000'0e10     0x8  ff.o [1]
  .bss                   zero     0x2000'0e18     0x8  HwButton.o [1]
  .bss                   zero     0x2000'0e20     0x8  INA219.o [1]
  .bss                   zero     0x2000'0e28     0x8  INA219.o [1]
  .bss                   zero     0x2000'0e30     0x8  main.o [1]
  .bss                   zero     0x2000'0e38     0x4  CPP_HAL.o [1]
  .bss                   zero     0x2000'0e3c     0x4  InterruptManager.o [1]
  .bss                   zero     0x2000'0e40     0x4  cppinit.o [2]
  .bss                   zero     0x2000'0e44     0x4  cppinit.o [2]
  .bss                   zero     0x2000'0e48     0x1  CPP_HAL.o [1]
  .bss                   zero     0x2000'0e49     0x1  Power_Monitor.o [1]
                                - 0x2000'0e4a   0x89e

"P2", part 3 of 3:                             0x11b4
  .iar.dynexit                    0x2000'0e4c   0x1b0  <Block>
    .iar.dynexit         uninit   0x2000'0e4c     0xc  cppinit.o [2]
    .iar.dynexit         uninit   0x2000'0e58   0x1a4  <Block tail>
  CSTACK                          0x2000'1000  0x1000  <Block>
    CSTACK               uninit   0x2000'1000  0x1000  <Block tail>
                                - 0x2000'2000  0x11b4

Unused ranges:

         From           To      Size
         ----           --      ----
   0x800'7233   0x803'ffff  0x3'8dcd
  0x2000'2000  0x2000'bfff    0xa000


*******************************************************************************
*** INIT TABLE
***

          Address      Size
          -------      ----
Zero (__iar_zero_init3)
    1 destination range, total size 0x89e:
          0x2000'05ac  0x89e

Copy/packbits (__iar_packbits_init_single3)
    1 source range, total size 0x73 (7% of destination):
           0x800'71c0   0x73
    1 destination range, total size 0x5ac:
          0x2000'0000  0x5ac

Extra (__iar_cstart_call_ctors)



*******************************************************************************
*** MODULE SUMMARY
***

    Module                  ro code  ro data  rw data
    ------                  -------  -------  -------
command line/config:
    -------------------------------------------------
    Total:

C:\Amit_Chaudhary\STM32F1xx_CPP_FW\STM32F1xx_CPP_FW - CPF - SPI 2.0 Uart Working\IAR\Debug\Obj: [1]
    CPP_HAL.o                   300        5      613
    ControlScreen.o             272       20
    DMA.o                       332
    DigitalIO_Test.o            256      154      132
    DisplayBuffer.o             352      576
    GpioInput.o                 564       84
    GpioOutput.o                400       64
    HwButton.o                  458                 8
    I2c.o                     1'306       20
    INA219.o                    614                16
    InterruptHandlers.o       1'040
    InterruptManager.o           96               260
    NokiaLCD.o                  828      576
    Power_Monitor.o           1'252      340    1'897
    RTC.o                       524       20
    ST7735.o                     84
    ST7735_1.o                   56        4       28
    Screen.o                    118       20
    Spi.o                     2'432      100
    UI.o                        288                44
    Uart.o                      716       60
    Utils.o                     370
    diskio.o                    184                16
    fat_sd_spi.o              2'210        4        8
    ff.o                      6'262      128      520
    main.o                      512       46       84
    startup_stm32f103xb.o       252
    stm32f1xx_hal.o             102        1       12
    stm32f1xx_hal_cortex.o      176
    stm32f1xx_it.o               16
    stm32f1xx_ll_dma.o           84
    stm32f1xx_ll_i2c.o          220
    stm32f1xx_ll_rcc.o          136
    stm32f1xx_ll_rtc.o          344
    stm32f1xx_ll_spi.o           96
    stm32f1xx_ll_utils.o         48
    system_stm32f1xx.o           96        8        4
    w25qxx.o                     44
    -------------------------------------------------
    Total:                   23'440    2'230    3'642

dl7M_tln.a: [2]
    XShttio.o                    12        1        8
    cppinit.o                   160                20
    exit.o                        4
    low_level_init.o              4
    -------------------------------------------------
    Total:                      180        1       28

dlpp7M_tl_nc.a: [3]
    cxxabi.o                     10
    -------------------------------------------------
    Total:                       10

m7M_tl.a: [4]
    DblAdd.o                    378
    DblDiv.o                    582
    DblMul.o                    418
    DblSub.o                    210
    DblToFlt.o                  104
    FltAdd.o                    226
    FltCmpLe.o                   36
    FltDiv.o                    252
    FltMul.o                    216
    FltSub.o                    128
    FltToDbl.o                   72
    FltToS32.o                   42
    S32ToFlt.o                   36
    U32ToDbl.o                   26
    U32ToFlt.o                   28
    -------------------------------------------------
    Total:                    2'754

rt7M_tl.a: [5]
    ABImemclr.o                   6
    ABImemcpy.o                 134
    ABImemset.o                 102
    cexit.o                      14
    cmain.o                      30
    cmain_call_ctors.o           32
    cstart_call_dtors.o
    cstartup_M.o                 12
    data_init.o                  40
    packbits_init_single.o       56
    zero_init3.o                 58
    -------------------------------------------------
    Total:                      484

shb_l.a: [6]
    exit.o                       20
    iarttio.o                    44
    unwind_debug.o                         1
    -------------------------------------------------
    Total:                       64        1

    Gaps                         35
    Linker created                        36    4'516
-----------------------------------------------------
    Grand Total:             26'967    2'268    8'186


*******************************************************************************
*** ENTRY LIST
***

Entry                       Address   Size  Type      Object
-----                       -------   ----  ----      ------
.iar.dynexit$$Base      0x2000'0e4c          --   Gb  - Linker created -
.iar.dynexit$$Limit     0x2000'0ffc          --   Gb  - Linker created -
.iar.init_table$$Base    0x800'6e38          --   Gb  - Linker created -
.iar.init_table$$Limit   0x800'6e5c          --   Gb  - Linker created -
?main                    0x800'6e9d         Code  Gb  cmain.o [5]
A11_BtnPolling          0x2000'0058    0x8  Data  Gb  DigitalIO_Test.o [1]
ADC1_2_IRQHandler        0x800'60f9   0x18  Code  Gb  InterruptHandlers.o [1]
AHBPrescTable            0x800'6c3c   0x10  Data  Gb  system_stm32f1xx.o [1]
APBPrescTable            0x800'71b8    0x8  Data  Gb  system_stm32f1xx.o [1]
B9_HwBtnInt             0x2000'010c   0x34  Data  Gb  Power_Monitor.o [1]
BSP::ControlScreen::AddHandler(unsigned char, void (*)(), void (*)())
                         0x800'5799    0xe  Code  Gb  ControlScreen.o [1]
BSP::ControlScreen::ControlScreen(char *)
                         0x800'5705    0x8  Code  Gb  ControlScreen.o [1]
BSP::ControlScreen::EventHandler(BSP::Screen::Event_t)
                         0x800'57a7   0x5e  Code  Gb  ControlScreen.o [1]
BSP::ControlScreen::~ControlScreen()
                         0x800'5761   0x30  Code  Gb  ControlScreen.o [1]
BSP::DisplayBuffer::DrawBuffer(char const *, unsigned char)
                         0x800'5c51   0x38  Code  Gb  DisplayBuffer.o [1]
BSP::DisplayBuffer::DrawChar(unsigned char, unsigned char, char, unsigned char)
                         0x800'5b95   0xb6  Code  Gb  DisplayBuffer.o [1]
BSP::DisplayBuffer::DrawStr(unsigned char, unsigned char, char const *, unsigned char, unsigned char)
                         0x800'5cbd   0x38  Code  Gb  DisplayBuffer.o [1]
BSP::DisplayBuffer::InvertRow(unsigned char)
                         0x800'5c89   0x34  Code  Gb  DisplayBuffer.o [1]
BSP::HwButton::EventHandler()
                         0x800'54db   0x90  Code  Gb  HwButton.o [1]
BSP::HwButton::HwButton(Port_t, unsigned short)
                         0x800'53a1    0x2  Code  Gb  HwButton.o [1]
BSP::HwButton::HwInit(Mode_t, IntEdge_t, HAL::Callback *, HAL::Callback *, HAL::Callback *)
                         0x800'53bf   0x1a  Code  Gb  HwButton.o [1]
BSP::HwButton::ReadButton()
                         0x800'54b1   0x2a  Code  Gb  HwButton.o [1]
BSP::HwButton::Run()     0x800'53d9   0xd0  Code  Gb  HwButton.o [1]
BSP::HwButton::Run()::ElapsedTime
                        0x2000'0e18    0x4  Data  Lc  HwButton.o [1]
BSP::HwButton::Run(){1}{12}::LastClickStateEntered
                        0x2000'0e1c    0x4  Data  Lc  HwButton.o [1]
BSP::INA219::CaptureSamples(BSP::INA219::Power_t *)
                         0x800'397f   0x50  Code  Gb  INA219.o [1]
BSP::INA219::CaptureSamples(BSP::INA219::Power_t *)::CurrentSamples
                        0x2000'0e28    0x4  Data  Lc  INA219.o [1]
BSP::INA219::CaptureSamples(BSP::INA219::Power_t *)::SampleCount
                        0x2000'0e2c    0x4  Data  Lc  INA219.o [1]
BSP::INA219::GetBusVoltage_V()
                         0x800'3b15   0x14  Code  Gb  INA219.o [1]
BSP::INA219::GetBusVoltage_raw()
                         0x800'3adf   0x16  Code  Gb  INA219.o [1]
BSP::INA219::GetCurrent_mA()
                         0x800'3b4d   0x12  Code  Gb  INA219.o [1]
BSP::INA219::GetCurrent_raw()
                         0x800'3af5   0x16  Code  Gb  INA219.o [1]
BSP::INA219::HwInit()    0x800'393b   0x14  Code  Gb  INA219.o [1]
BSP::INA219::INA219(unsigned char)
                         0x800'3935    0x4  Code  Gb  INA219.o [1]
BSP::INA219::ReadRegister(unsigned char, unsigned short *)
                         0x800'39f9   0x52  Code  Gb  INA219.o [1]
BSP::INA219::Run(BSP::INA219::Power_t *)
                         0x800'394f   0x30  Code  Gb  INA219.o [1]
BSP::INA219::SetCalibration_16V_400mA()
                         0x800'3ab3   0x2c  Code  Gb  INA219.o [1]
BSP::INA219::SetCalibration_32V_2A()
                         0x800'3a4b   0x12  Code  Gb  INA219.o [1]
BSP::INA219::WriteRegister(unsigned char, unsigned short)
                         0x800'39cf   0x2a  Code  Gb  INA219.o [1]
BSP::INA219::~INA219()   0x800'3939    0x2  Code  Gb  INA219.o [1]
BSP::NokiaLCD::ClearDisplay()
                         0x800'3cdd   0x30  Code  Gb  NokiaLCD.o [1]
BSP::NokiaLCD::DisplayBitmap(char *)
                         0x800'3e91    0x2  Code  Gb  NokiaLCD.o [1]
BSP::NokiaLCD::DisplayBuf(char *)
                         0x800'3e5f   0x32  Code  Gb  NokiaLCD.o [1]
BSP::NokiaLCD::DisplayInit()
                         0x800'3c23   0x9a  Code  Gb  NokiaLCD.o [1]
BSP::NokiaLCD::DisplayStr(unsigned char, unsigned char, char const *)
                         0x800'3e19   0x46  Code  Gb  NokiaLCD.o [1]
BSP::NokiaLCD::DrawString(char const *)
                         0x800'3dfd   0x1a  Code  Gb  NokiaLCD.o [1]
BSP::NokiaLCD::GoToXY(unsigned char, unsigned char)
                         0x800'3d0d   0x3c  Code  Gb  NokiaLCD.o [1]
BSP::NokiaLCD::HwInit()
                         0x800'3bc3   0x60  Code  Gb  NokiaLCD.o [1]
BSP::NokiaLCD::LCDCharacter(char)
                         0x800'3d49   0xac  Code  Gb  NokiaLCD.o [1]
BSP::NokiaLCD::NokiaLCD(HAL::Spi *, Port_t, unsigned short, Port_t, unsigned short, Port_t, unsigned short, Port_t, unsigned short)
                         0x800'3b71   0x52  Code  Gb  NokiaLCD.o [1]
BSP::NokiaLCD::Refresh()
                         0x800'3e99    0x4  Code  Gb  NokiaLCD.o [1]
BSP::NokiaLCD::Write(BSP::NokiaLCD::DC_t, unsigned char)
                         0x800'3cbd   0x20  Code  Gb  NokiaLCD.o [1]
BSP::ST7735::ST7735(BSP::ST7735::ST77xx_t, HAL::Spi *, Port_t, unsigned short, Port_t, unsigned short, Port_t, unsigned short, Port_t, unsigned short)
                         0x800'3ead   0x54  Code  Gb  ST7735.o [1]
BSP::Screen::EventHandler(BSP::Screen::Event_t)
                         0x800'56d5   0x2e  Code  Gb  Screen.o [1]
BSP::Screen::Screen(char *)
                         0x800'5693    0x2  Code  Gb  Screen.o [1]
BSP::Screen::Screen(char *) [subobject]
                         0x800'568d    0x4  Code  Gb  Screen.o [1]
BSP::Screen::SetScreenHandler(void (*)(), void (*)(), void (*)())
                         0x800'56c9    0xc  Code  Gb  Screen.o [1]
BSP::Screen::~Screen()   0x800'56b9    0x2  Code  Gb  Screen.o [1]
BSP::Screen::~Screen() [subobject]
                         0x800'5691    0x2  Code  Gb  Screen.o [1]
BSP::UI::ActiveScreen   0x2000'0d88    0x1  Data  Gb  UI.o [1]
BSP::UI::AddScreen(BSP::Screen *)
                         0x800'55a1   0x1c  Code  Gb  UI.o [1]
BSP::UI::DisplayScreen()
                         0x800'5617   0x34  Code  Gb  UI.o [1]
BSP::UI::EventHamdler(BSP::Screen::Event_t &)
                         0x800'55e9   0x2e  Code  Gb  UI.o [1]
BSP::UI::GoToNextScreen()
                         0x800'55bd   0x16  Code  Gb  UI.o [1]
BSP::UI::GoToPreviousScreen()
                         0x800'55d3   0x16  Code  Gb  UI.o [1]
BSP::UI::GoToScreen(BSP::Screen *)
                         0x800'564b   0x2c  Code  Gb  UI.o [1]
BSP::UI::Init()          0x800'5571   0x30  Code  Gb  UI.o [1]
BSP::UI::PreviousActiveScreen
                        0x2000'0d89    0x1  Data  Gb  UI.o [1]
BSP::UI::TotalAddeedScreens
                        0x2000'0d8a    0x1  Data  Gb  UI.o [1]
BSP::UI::UI(BSP::NokiaLCD *)
                         0x800'556d    0x4  Code  Gb  UI.o [1]
BSP::UI::m_Screens      0x2000'0d8c   0x28  Data  Gb  UI.o [1]
BSP::w25qxx::w25qxx(HAL::Spi *, Port_t, unsigned short)
                         0x800'6991    0x2  Code  Gb  w25qxx.o [1]
BackLight_ScreenTouchHandler()
                         0x800'526d   0x3e  Code  Gb  Power_Monitor.o [1]
BtnOnFallCallback::CallbackFunction()
                         0x800'6f01   0x18  Code  Gb  DigitalIO_Test.o [1]
BtnOnFallCallbackObj    0x2000'0044    0x4  Data  Gb  DigitalIO_Test.o [1]
BtnOnRiseCallback::CallbackFunction()
                         0x800'6ee9   0x18  Code  Gb  DigitalIO_Test.o [1]
BtnOnRiseCallbackObj    0x2000'0040    0x4  Data  Gb  DigitalIO_Test.o [1]
BusFault_Handler         0x800'717f    0x2  Code  Gb  stm32f1xx_it.o [1]
CAN1_RX1_IRQHandler      0x800'612b   0x18  Code  Gb  InterruptHandlers.o [1]
CAN1_SCE_IRQHandler      0x800'6143   0x18  Code  Gb  InterruptHandlers.o [1]
CCw                     0x2000'0054    0x4  Data  Gb  DigitalIO_Test.o [1]
CHANNEL_OFFSET_TAB       0x800'305c    0x8  Data  Lc  DMA.o [1]
CHANNEL_OFFSET_TAB       0x800'2dc8    0x8  Data  Lc  Spi.o [1]
CHANNEL_OFFSET_TAB       0x800'34d8    0x8  Data  Lc  stm32f1xx_ll_dma.o [1]
CHANNEL_OFFSET_TAB       0x800'41a4    0x8  Data  Lc  Uart.o [1]
CSTACK$$Base            0x2000'1000          --   Gb  - Linker created -
CSTACK$$Limit           0x2000'2000          --   Gb  - Linker created -
ClickCallback::CallbackFunction()
                         0x800'7189    0xc  Code  Gb  Power_Monitor.o [1]
ClickCb                 0x2000'0140    0x4  Data  Gb  Power_Monitor.o [1]
Cw                      0x2000'0050    0x4  Data  Gb  DigitalIO_Test.o [1]
DMA1_Channel1_IRQHandler
                         0x800'6043   0x1c  Code  Gb  InterruptHandlers.o [1]
DMA1_Channel2_IRQHandler
                         0x800'605f   0x1c  Code  Gb  InterruptHandlers.o [1]
DMA1_Channel3_IRQHandler
                         0x800'607b   0x1c  Code  Gb  InterruptHandlers.o [1]
DMA1_Channel4_IRQHandler
                         0x800'6097   0x1a  Code  Gb  InterruptHandlers.o [1]
DMA1_Channel5_IRQHandler
                         0x800'60b1   0x18  Code  Gb  InterruptHandlers.o [1]
DMA1_Channel6_IRQHandler
                         0x800'60c9   0x18  Code  Gb  InterruptHandlers.o [1]
DMA1_Channel7_IRQHandler
                         0x800'60e1   0x18  Code  Gb  InterruptHandlers.o [1]
DebugMon_Handler         0x800'7185    0x2  Code  Gb  stm32f1xx_it.o [1]
DtorRecArray            0x2000'0e4c    0xc  Data  Lc  cppinit.o [2]
EXTI0_IRQHandler         0x800'5fd5   0x16  Code  Gb  InterruptHandlers.o [1]
EXTI15_10_IRQHandler     0x800'62f3   0x12  Code  Gb  InterruptHandlers.o [1]
EXTI1_IRQHandler         0x800'5feb   0x16  Code  Gb  InterruptHandlers.o [1]
EXTI2_IRQHandler         0x800'6001   0x16  Code  Gb  InterruptHandlers.o [1]
EXTI3_IRQHandler         0x800'6017   0x16  Code  Gb  InterruptHandlers.o [1]
EXTI4_IRQHandler         0x800'602d   0x16  Code  Gb  InterruptHandlers.o [1]
EXTI9_5_IRQHandler       0x800'615b   0x18  Code  Gb  InterruptHandlers.o [1]
ExCvt                    0x800'6b6c   0x80  Data  Lc  ff.o [1]
FLASH_IRQHandler         0x800'5fa9   0x16  Code  Gb  InterruptHandlers.o [1]
FatFs                   0x2000'0e14    0x4  Data  Lc  ff.o [1]
FileName                0x2000'00ac   0x1c  Data  Gb  Power_Monitor.o [1]
Fsid                    0x2000'0e10    0x2  Data  Lc  ff.o [1]
HAL::DMA::ClearFlag(unsigned int, unsigned int)
                         0x800'3039    0xc  Code  Gb  DMA.o [1]
HAL::DMA::DMA(unsigned int)
                         0x800'2f57    0xa  Code  Gb  DMA.o [1]
HAL::DMA::DisableHalfTransferCompleteInterrupt(unsigned int)
                         0x800'342d   0x20  Code  Gb  Spi.o [1]
HAL::DMA::DisableTransferCompleteInterrupt(unsigned int)
                         0x800'344d   0x20  Code  Gb  Spi.o [1]
HAL::DMA::DisableTransferErrorInterrupt(unsigned int)
                         0x800'346d   0x20  Code  Gb  Spi.o [1]
HAL::DMA::EnableTransferCompleteInterrupt(unsigned int)
                         0x800'3065   0x20  Code  Gb  Uart.o [1]
HAL::DMA::GetFlag(unsigned int, unsigned int)
                         0x800'3045   0x16  Code  Gb  DMA.o [1]
HAL::DMA::HwInit(void *)
                         0x800'2f63   0x24  Code  Gb  DMA.o [1]
HAL::DMA::Load(unsigned int, unsigned int, unsigned int, unsigned int, unsigned int, unsigned int)
                         0x800'2fb5   0x78  Code  Gb  DMA.o [1]
HAL::DMA::XferConfig(LL_DMA_InitTypeDef *, unsigned int)
                         0x800'2f87   0x2c  Code  Gb  DMA.o [1]
HAL::DMA::~DMA()         0x800'2f61    0x2  Code  Gb  DMA.o [1]
HAL::DigitalIn<(Port_t)1073810432, (unsigned short)0, (Mode_t)1, (IntEdge_t)3, (HAL::Callback *)0>::ISR()
                         0x800'6d71   0x34  Code  Gb  DigitalIO_Test.o [1]
HAL::DigitalIn<(Port_t)1073810432, (unsigned short)1, (Mode_t)1, (IntEdge_t)3, (HAL::Callback *)0>::ISR()
                         0x800'6da5   0x34  Code  Gb  DigitalIO_Test.o [1]
HAL::DigitalIn<(Port_t)1073810432, (unsigned short)2, (Mode_t)1, (IntEdge_t)3, (HAL::Callback *)0>::ISR()
                         0x800'6d3d   0x34  Code  Gb  DigitalIO_Test.o [1]
HAL::DigitalOut<(Port_t)1073810432, (unsigned short)10, (Mode_t)10, (unsigned int)2>::HwInit()
                         0x800'4249   0x34  Code  Gb  I2c.o [1]
HAL::DigitalOut<(Port_t)1073810432, (unsigned short)11, (Mode_t)10, (unsigned int)2>::HwInit()
                         0x800'4215   0x34  Code  Gb  I2c.o [1]
HAL::DigitalOut<(Port_t)1073810432, (unsigned short)6, (Mode_t)10, (unsigned int)2>::HwInit()
                         0x800'41ad   0x34  Code  Gb  I2c.o [1]
HAL::DigitalOut<(Port_t)1073810432, (unsigned short)7, (Mode_t)10, (unsigned int)2>::HwInit()
                         0x800'41e1   0x34  Code  Gb  I2c.o [1]
HAL::GetTicksSince(unsigned int)
                         0x800'33af    0xe  Code  Gb  CPP_HAL.o [1]
HAL::GpioInput::GpioInput(Port_t, unsigned short)
                         0x800'30b5    0x2  Code  Gb  GpioInput.o [1]
HAL::GpioInput::HwInit(Mode_t, IntEdge_t, HAL::Callback *)
                         0x800'30cd   0xc0  Code  Gb  GpioInput.o [1]
HAL::GpioInput::ISR()    0x800'324f   0x2a  Code  Gb  GpioInput.o [1]
HAL::GpioInput::SetEXTI_Intr(IntEdge_t)
                         0x800'318d   0x48  Code  Gb  GpioInput.o [1]
HAL::GpioInput::SetInputMode(Mode_t)
                         0x800'31d5   0x7a  Code  Gb  GpioInput.o [1]
HAL::GpioOutput::GpioOutput(Port_t, unsigned short)
                         0x800'23b1    0x2  Code  Gb  GpioOutput.o [1]
HAL::GpioOutput::High()
                         0x800'4cd9    0xc  Code  Gb  w25qxx.o [1]
HAL::GpioOutput::HwInit(Mode_t, unsigned int)
                         0x800'23c1  0x11c  Code  Gb  GpioOutput.o [1]
HAL::GpioOutput::Low()   0x800'4c9d    0xc  Code  Gb  w25qxx.o [1]
HAL::I2c::HwInit(void *)
                         0x800'3589   0xb6  Code  Gb  I2c.o [1]
HAL::I2c::I2c(I2cPort_t, unsigned int)
                         0x800'354f   0x3a  Code  Gb  I2c.o [1]
HAL::I2c::ISR()          0x800'3929    0x2  Code  Gb  I2c.o [1]
HAL::I2c::SendSlaveAddress(unsigned short, unsigned char)
                         0x800'363f   0x9a  Code  Gb  I2c.o [1]
HAL::I2c::XferPoll(unsigned short, unsigned char *, unsigned int, unsigned char *, unsigned int, unsigned char)
                         0x800'36d9  0x240  Code  Gb  I2c.o [1]
HAL::InterruptManager::RegisterDeviceInterrupt(IRQn_Type, unsigned int, HAL::InterruptSource *)
                         0x800'2eb9   0x4a  Code  Gb  InterruptManager.o [1]
HAL::InterruptManager::m_InterruptSourceArray
                        0x2000'0c14  0x100  Data  Gb  InterruptManager.o [1]
HAL::InterruptManager::m_SysTick_Handler
                        0x2000'0e3c    0x4  Data  Gb  InterruptManager.o [1]
HAL::Rtc::GetTime(char *)
                         0x800'58d3   0x68  Code  Gb  RTC.o [1]
HAL::Rtc::HwInit(void *)
                         0x800'5815   0x82  Code  Gb  RTC.o [1]
HAL::Rtc::ISR()          0x800'59b3   0x54  Code  Gb  RTC.o [1]
HAL::Rtc::RTC_ReadTimeCounter()
                         0x800'593b   0x22  Code  Gb  RTC.o [1]
HAL::Rtc::RegisterCallback(HAL::Rtc::CallbackSource_t, HAL::Callback *)
                         0x800'595d   0x56  Code  Gb  RTC.o [1]
HAL::Rtc::SetTime(unsigned char, unsigned char, unsigned char)
                         0x800'5897   0x36  Code  Gb  RTC.o [1]
HAL::Spi::HwInit(bool, HAL::Spi::XferMode_t)
                         0x800'2569  0x23e  Code  Gb  Spi.o [1]
HAL::Spi::ISR()          0x800'296b   0x38  Code  Gb  Spi.o [1]
HAL::Spi::LoadRxDmaChannel(unsigned char *, unsigned int)
                         0x800'2c51   0x20  Code  Gb  Spi.o [1]
HAL::Spi::LoadTxDmaChannel(unsigned char *, unsigned int)
                         0x800'2c71   0x1e  Code  Gb  Spi.o [1]
HAL::Spi::MasterPinsHwInit(Port_t, unsigned short, Port_t, unsigned short, Port_t, unsigned short)
                         0x800'27a7   0x4a  Code  Gb  Spi.o [1]
HAL::Spi::SPI1_DMA_MasterTx_Done_Handler()
                         0x800'2ab5   0xae  Code  Gb  Spi.o [1]
HAL::Spi::SPI1_DMA_Rx_Callback::ISR()
                         0x800'2d9d    0x4  Code  Gb  Spi.o [1]
HAL::Spi::SPI1_DMA_SlaveRx_Done_Handler()
                         0x800'2c9d   0x2a  Code  Gb  Spi.o [1]
HAL::Spi::SPI1_DMA_SlaveTx_Done_Handler()
                         0x800'2cc7   0x4c  Code  Gb  Spi.o [1]
HAL::Spi::SPI1_DMA_Tx_Callback::ISR()
                         0x800'2da5   0x12  Code  Gb  Spi.o [1]
HAL::Spi::SPI2_DMA_MasterTx_Done_Handler()
                         0x800'2b63   0xb2  Code  Gb  Spi.o [1]
HAL::Spi::SPI2_DMA_Rx_Callback::ISR()
                         0x800'2da1    0x4  Code  Gb  Spi.o [1]
HAL::Spi::SPI2_DMA_SlaveRx_Done_Handler()
                         0x800'2d13   0x2e  Code  Gb  Spi.o [1]
HAL::Spi::SPI2_DMA_SlaveTx_Done_Handler()
                         0x800'2d4b   0x36  Code  Gb  Spi.o [1]
HAL::Spi::SPI2_DMA_Tx_Callback::ISR()
                         0x800'2db7   0x12  Code  Gb  Spi.o [1]
HAL::Spi::SetBaudrate()
                         0x800'3413   0x1a  Code  Gb  Spi.o [1]
HAL::Spi::SlavePinsHwInit(Port_t, unsigned short, Port_t, unsigned short, Port_t, unsigned short, Port_t, unsigned short)
                         0x800'27f1   0x6c  Code  Gb  Spi.o [1]
HAL::Spi::Spi(SpiPort_t, unsigned int)
                         0x800'24f9   0x70  Code  Gb  Spi.o [1]
HAL::Spi::TxPoll(unsigned char *, unsigned int, HAL::Spi::XferMode_t)
                         0x800'285d   0x92  Code  Gb  Spi.o [1]
HAL::Spi::TxRxPoll8Bit(unsigned char)
                         0x800'28ef   0x40  Code  Gb  Spi.o [1]
HAL::Spi::TxnDoneHandler_DMA()
                         0x800'29af  0x106  Code  Gb  Spi.o [1]
HAL::Uart::ISR()         0x800'3f4d   0x9c  Code  Gb  Uart.o [1]
HAL::Uart::UART_DMA_Rx_Callback::ISR()
                         0x800'41a1    0x4  Code  Gb  Uart.o [1]
HAL::Uart::UART_DMA_Rx_Done_Handler()
                         0x800'40a9   0xbe  Code  Gb  Uart.o [1]
HAL::Uart::UART_DMA_Tx_Callback::ISR()
                         0x800'419d    0x4  Code  Gb  Uart.o [1]
HAL::Uart::UART_DMA_Tx_Done_Handler()
                         0x800'3fe9   0xc0  Code  Gb  Uart.o [1]
HAL::Uart::Uart(UartPort_t, unsigned int)
                         0x800'3f01   0x4c  Code  Gb  Uart.o [1]
HAL::WaitOnFlag(unsigned int volatile *, unsigned int, unsigned int, unsigned int)
                         0x800'338d   0x22  Code  Gb  CPP_HAL.o [1]
HAL_Init                 0x800'69a5   0x20  Code  Gb  stm32f1xx_hal.o [1]
HAL_NVIC_SetPriority     0x800'69e7   0x5a  Code  Gb  stm32f1xx_hal_cortex.o [1]
HAL_NVIC_SetPriorityGrouping
                         0x800'69cd   0x1a  Code  Gb  stm32f1xx_hal_cortex.o [1]
HAL_SYSTICK_Config       0x800'6a41   0x22  Code  Gb  stm32f1xx_hal_cortex.o [1]
HardFault_Handler        0x800'717b    0x2  Code  Gb  stm32f1xx_it.o [1]
HomeScreen              0x2000'0150  0x208  Data  Gb  Power_Monitor.o [1]
HwButton_Intr_Test()::B9_HwBtnInt
                        0x2000'0060   0x34  Data  Lc  DigitalIO_Test.o [1]
HwButton_Intr_Test()::static guard for B9_HwBtnInt
                        0x2000'002c    0x1  Data  Lc  DigitalIO_Test.o [1]
I2C1_ER_IRQHandler       0x800'6233   0x12  Code  Gb  InterruptHandlers.o [1]
I2C1_EV_IRQHandler       0x800'621b   0x18  Code  Gb  InterruptHandlers.o [1]
I2C2_ER_IRQHandler       0x800'6263   0x12  Code  Gb  InterruptHandlers.o [1]
I2C2_EV_IRQHandler       0x800'624b   0x12  Code  Gb  InterruptHandlers.o [1]
INA219_Dev              0x2000'083c   0x18  Data  Gb  CPP_HAL.o [1]
Init_Power_Monitor()     0x800'4f61  0x126  Code  Gb  Power_Monitor.o [1]
InterruptManagerInstance
                        0x2000'0e48    0x1  Data  Gb  CPP_HAL.o [1]
LED_C13                 0x2000'0030    0x8  Data  Gb  DigitalIO_Test.o [1]
LL_DMA_Init              0x800'348d   0x4a  Code  Gb  stm32f1xx_ll_dma.o [1]
LL_I2C_Init              0x800'427d   0xcc  Code  Gb  stm32f1xx_ll_i2c.o [1]
LL_RCC_GetSystemClocksFreq
                         0x800'4d05   0x70  Code  Gb  stm32f1xx_ll_rcc.o [1]
LL_RTC_EnterInitMode     0x800'5d63   0x4a  Code  Gb  stm32f1xx_ll_rtc.o [1]
LL_RTC_ExitInitMode      0x800'5dad   0x4a  Code  Gb  stm32f1xx_ll_rtc.o [1]
LL_RTC_Init              0x800'5cf5   0x6e  Code  Gb  stm32f1xx_ll_rtc.o [1]
LL_RTC_WaitForSynchro    0x800'5df7   0x4c  Code  Gb  stm32f1xx_ll_rtc.o [1]
LL_SPI_Init              0x800'2e59   0x58  Code  Gb  stm32f1xx_ll_spi.o [1]
LL_SetSystemCoreClock    0x800'4ccb    0x6  Code  Gb  stm32f1xx_ll_utils.o [1]
LL_mDelay                0x800'4ca9   0x22  Code  Gb  stm32f1xx_ll_utils.o [1]
LfnBuf                  0x2000'0a14  0x200  Data  Lc  ff.o [1]
LfnOfs                   0x800'0b70   0x10  Data  Lc  ff.o [1]
LivePower_ScreenTouchHandler()
                         0x800'5259    0x6  Code  Gb  Power_Monitor.o [1]
LongLongPressCallback::CallbackFunction()
                         0x800'71a1    0xc  Code  Gb  Power_Monitor.o [1]
LongLongPressCb         0x2000'0148    0x4  Data  Gb  Power_Monitor.o [1]
LongPressCallback::CallbackFunction()
                         0x800'7195    0xc  Code  Gb  Power_Monitor.o [1]
LongPressCb             0x2000'0144    0x4  Data  Gb  Power_Monitor.o [1]
MemManage_Handler        0x800'717d    0x2  Code  Gb  stm32f1xx_it.o [1]
Menu                    0x2000'0358  0x23c  Data  Gb  Power_Monitor.o [1]
MillisElapsed<1000U>()::previous_millis
                        0x2000'00f4    0x4  Data  Lc  Power_Monitor.o [1]
MillisElapsed<1000U>()::static guard for previous_millis
                        0x2000'00c8    0x1  Data  Lc  Power_Monitor.o [1]
MillisElapsed<128U>()::previous_millis
                        0x2000'0e24    0x4  Data  Lc  INA219.o [1]
MillisElapsed<128U>()::static guard for previous_millis
                        0x2000'0e20    0x1  Data  Lc  INA219.o [1]
MyUI                    0x2000'014c    0x4  Data  Gb  Power_Monitor.o [1]
NMI_Handler              0x800'7179    0x2  Code  Gb  stm32f1xx_it.o [1]
NokiaLCDObj             0x2000'095c   0x28  Data  Gb  CPP_HAL.o [1]
NokiaLCDObj1            0x2000'0db4   0x28  Data  Lc  Power_Monitor.o [1]
OnCCwCallback::CallbackFunction()
                         0x800'7149   0x10  Code  Gb  DigitalIO_Test.o [1]
OnCCwCallbackObj        0x2000'004c    0x4  Data  Gb  DigitalIO_Test.o [1]
OnCwCallback::CallbackFunction()
                         0x800'7139   0x10  Code  Gb  DigitalIO_Test.o [1]
OnCwCallbackObj         0x2000'0048    0x4  Data  Gb  DigitalIO_Test.o [1]
OnFallCount             0x2000'003c    0x4  Data  Gb  DigitalIO_Test.o [1]
OnRiseCount             0x2000'0038    0x4  Data  Gb  DigitalIO_Test.o [1]
PVD_IRQHandler           0x800'5f67   0x16  Code  Gb  InterruptHandlers.o [1]
PendSV_Handler           0x800'7187    0x2  Code  Gb  stm32f1xx_it.o [1]
Power                   0x2000'00e8    0xc  Data  Gb  Power_Monitor.o [1]
PowerStr                0x2000'00cc   0x1c  Data  Gb  Power_Monitor.o [1]
Power_Monitor_Test()     0x800'5239   0x16  Code  Gb  Power_Monitor.o [1]
Power_Monitor_Test()::InitDone
                        0x2000'0e49    0x1  Data  Lc  Power_Monitor.o [1]
RCC_IRQHandler           0x800'5fbf   0x16  Code  Gb  InterruptHandlers.o [1]
RTCSecCallback::CallbackFunction()
                         0x800'6e5d   0x20  Code  Gb  main.o [1]
RTCSecCallback::RtcSecCount
                        0x2000'0098    0x4  Data  Gb  main.o [1]
RTCSecCallbackObj       0x2000'00a8    0x4  Data  Gb  main.o [1]
RTC_Alarm_IRQHandler     0x800'630d   0x12  Code  Gb  InterruptHandlers.o [1]
RTC_IRQHandler           0x800'5f93   0x16  Code  Gb  InterruptHandlers.o [1]
Region$$Table$$Base      0x800'6e38          --   Gb  - Linker created -
Region$$Table$$Limit     0x800'6e5c          --   Gb  - Linker created -
Reset_ScreenTouchHandler()
                         0x800'5261    0x2  Code  Gb  Power_Monitor.o [1]
RotaryEncoderPollObj    0x2000'0010   0x1c  Data  Gb  DigitalIO_Test.o [1]
Rtc_test()               0x800'67f5   0x40  Code  Gb  main.o [1]
Rtc_test()::InitDone    0x2000'0094    0x1  Data  Lc  main.o [1]
Run_Power_Monitor()      0x800'5089  0x1b0  Code  Gb  Power_Monitor.o [1]
SD_CARD_ScreenTouchHandler()
                         0x800'5265    0x2  Code  Gb  Power_Monitor.o [1]
SD_CS                   0x2000'0e08    0x8  Data  Gb  fat_sd_spi.o [1]
SD_Save_ScreenTouchHandler()
                         0x800'5269    0x2  Code  Gb  Power_Monitor.o [1]
SD_ff_hw                0x2000'0df8   0x10  Data  Gb  diskio.o [1]
SHT$$INIT_ARRAY$$Base    0x800'6f18          --   Gb  - Linker created -
SHT$$INIT_ARRAY$$Limit   0x800'6f30          --   Gb  - Linker created -
SHT$$PREINIT_ARRAY$$Base
                         0x800'6f18          --   Gb  - Linker created -
SHT$$PREINIT_ARRAY$$Limit
                         0x800'6f18          --   Gb  - Linker created -
SPI1_IRQHandler          0x800'627b   0x12  Code  Gb  InterruptHandlers.o [1]
SPI2_IRQHandler          0x800'6293   0x12  Code  Gb  InterruptHandlers.o [1]
SVC_Handler              0x800'7183    0x2  Code  Gb  stm32f1xx_it.o [1]
Save_To_SD_Card(char const *, char *, unsigned int)
                         0x800'52bb   0x5c  Code  Gb  Power_Monitor.o [1]
ScreenLongTouchHandler()
                         0x800'5255    0x4  Code  Gb  Power_Monitor.o [1]
ScreenTouchHandler()     0x800'5251    0x4  Code  Gb  Power_Monitor.o [1]
SetSystickTimerInterrupt()
                         0x800'6945   0x26  Code  Gb  main.o [1]
SetSystickTimerInterrupt()::SysTimerObj
                        0x2000'0e34    0x4  Data  Lc  main.o [1]
SetSystickTimerInterrupt()::static guard for SysTimerObj
                        0x2000'0e30    0x1  Data  Lc  main.o [1]
SysTick_Handler          0x800'6341    0xe  Code  Gb  InterruptHandlers.o [1]
SysTimerCallback::ISR()
                         0x800'7159   0x10  Code  Gb  main.o [1]
SystemClock_Config()     0x800'6869   0xdc  Code  Gb  main.o [1]
SystemCoreClock         0x2000'05a0    0x4  Data  Gb  system_stm32f1xx.o [1]
SystemInit               0x800'6bed   0x40  Code  Gb  system_stm32f1xx.o [1]
SystickTimerTicks       0x2000'0e38    0x4  Data  Gb  CPP_HAL.o [1]
TAMPER_IRQHandler        0x800'5f7d   0x16  Code  Gb  InterruptHandlers.o [1]
TFT_1_8                 0x2000'0984   0x30  Data  Gb  CPP_HAL.o [1]
TFT_Small               0x2000'09b4   0x30  Data  Gb  CPP_HAL.o [1]
TIM1_BRK_IRQHandler      0x800'6173   0x18  Code  Gb  InterruptHandlers.o [1]
TIM1_CC_IRQHandler       0x800'61bb   0x18  Code  Gb  InterruptHandlers.o [1]
TIM1_TRG_COM_IRQHandler
                         0x800'61a3   0x18  Code  Gb  InterruptHandlers.o [1]
TIM1_UP_IRQHandler       0x800'618b   0x18  Code  Gb  InterruptHandlers.o [1]
TIM2_IRQHandler          0x800'61d3   0x18  Code  Gb  InterruptHandlers.o [1]
TIM3_IRQHandler          0x800'61eb   0x18  Code  Gb  InterruptHandlers.o [1]
TIM4_IRQHandler          0x800'6203   0x18  Code  Gb  InterruptHandlers.o [1]
TimeStr                 0x2000'00fc   0x10  Data  Gb  Power_Monitor.o [1]
USART1_IRQHandler        0x800'62ab   0x12  Code  Gb  InterruptHandlers.o [1]
USART2_IRQHandler        0x800'62c3   0x12  Code  Gb  InterruptHandlers.o [1]
USART3_IRQHandler        0x800'62db   0x12  Code  Gb  InterruptHandlers.o [1]
USBWakeUp_IRQHandler     0x800'6327   0x12  Code  Gb  InterruptHandlers.o [1]
USB_HP_CAN1_TX_IRQHandler
                         0x800'6111   0x18  Code  Gb  InterruptHandlers.o [1]
USB_LP_CAN1_RX0_IRQHandler
                         0x800'6129    0x2  Code  Gb  InterruptHandlers.o [1]
UsageFault_Handler       0x800'7181    0x2  Code  Gb  stm32f1xx_it.o [1]
Utils::queue<HAL::Spi::Transaction_t const *, unsigned int, (unsigned int)10>::Read(HAL::Spi::Transaction_t const **)
                         0x800'33e5   0x2e  Code  Gb  Spi.o [1]
Virtual function table for BSP::ControlScreen
                         0x800'6f30   0x14  Data  Gb  ControlScreen.o [1]
Virtual function table for BSP::Screen
                         0x800'7070   0x14  Data  Gb  Screen.o [1]
Virtual function table for BtnOnFallCallback
                         0x800'6f58   0x14  Data  Gb  DigitalIO_Test.o [1]
Virtual function table for BtnOnRiseCallback
                         0x800'6f44   0x14  Data  Gb  DigitalIO_Test.o [1]
Virtual function table for ClickCallback
                         0x800'7020   0x14  Data  Gb  Power_Monitor.o [1]
Virtual function table for HAL::DigitalIn<(Port_t)1073810432, (unsigned short)0, (Mode_t)1, (IntEdge_t)3, (HAL::Callback *)0>
                         0x800'6fbc   0x14  Data  Gb  DigitalIO_Test.o [1]
Virtual function table for HAL::DigitalIn<(Port_t)1073810432, (unsigned short)1, (Mode_t)1, (IntEdge_t)3, (HAL::Callback *)0>
                         0x800'6fa8   0x14  Data  Gb  DigitalIO_Test.o [1]
Virtual function table for HAL::DigitalIn<(Port_t)1073810432, (unsigned short)2, (Mode_t)1, (IntEdge_t)3, (HAL::Callback *)0>
                         0x800'6f94   0x14  Data  Gb  DigitalIO_Test.o [1]
Virtual function table for HAL::GpioInput
                         0x800'6fd0   0x14  Data  Gb  GpioInput.o [1]
Virtual function table for HAL::I2c
                         0x800'6fe4   0x14  Data  Gb  I2c.o [1]
Virtual function table for HAL::Rtc
                         0x800'705c   0x14  Data  Gb  RTC.o [1]
Virtual function table for HAL::Spi
                         0x800'70d4   0x14  Data  Gb  Spi.o [1]
Virtual function table for HAL::Spi::SPI1_DMA_Rx_Callback
                         0x800'70ac   0x14  Data  Gb  Spi.o [1]
Virtual function table for HAL::Spi::SPI1_DMA_Tx_Callback
                         0x800'7084   0x14  Data  Gb  Spi.o [1]
Virtual function table for HAL::Spi::SPI2_DMA_Rx_Callback
                         0x800'70c0   0x14  Data  Gb  Spi.o [1]
Virtual function table for HAL::Spi::SPI2_DMA_Tx_Callback
                         0x800'7098   0x14  Data  Gb  Spi.o [1]
Virtual function table for HAL::Uart
                         0x800'7110   0x14  Data  Gb  Uart.o [1]
Virtual function table for HAL::Uart::UART_DMA_Rx_Callback
                         0x800'70fc   0x14  Data  Gb  Uart.o [1]
Virtual function table for HAL::Uart::UART_DMA_Tx_Callback
                         0x800'70e8   0x14  Data  Gb  Uart.o [1]
Virtual function table for LongLongPressCallback
                         0x800'7048   0x14  Data  Gb  Power_Monitor.o [1]
Virtual function table for LongPressCallback
                         0x800'7034   0x14  Data  Gb  Power_Monitor.o [1]
Virtual function table for OnCCwCallback
                         0x800'6f80   0x14  Data  Gb  DigitalIO_Test.o [1]
Virtual function table for OnCwCallback
                         0x800'6f6c   0x14  Data  Gb  DigitalIO_Test.o [1]
Virtual function table for RTCSecCallback
                         0x800'6ff8   0x14  Data  Gb  main.o [1]
Virtual function table for SysTimerCallback
                         0x800'700c   0x14  Data  Gb  main.o [1]
WWDG_IRQHandler          0x800'5f51   0x16  Code  Gb  InterruptHandlers.o [1]
[local to DMA_cpp]::LL_DMA_DisableChannel(DMA_TypeDef *, unsigned int)
                         0x800'2f2d   0x14  Code  Lc  DMA.o [1]
[local to DMA_cpp]::LL_DMA_EnableChannel(DMA_TypeDef *, unsigned int)
                         0x800'2f19   0x14  Code  Lc  DMA.o [1]
[local to DMA_cpp]::LL_DMA_SetDataLength(DMA_TypeDef *, unsigned int, unsigned int)
                         0x800'2f41   0x16  Code  Lc  DMA.o [1]
[local to DisplayBuffer_cpp]::BSP::ASCII1
                         0x800'6360  0x240  Data  Lc  DisplayBuffer.o [1]
[local to GpioInput_cpp]::LL_GPIO_SetPinMode(GPIO_TypeDef *, unsigned int, unsigned int)
                         0x800'3085   0x2c  Code  Lc  GpioInput.o [1]
[local to GpioOutput_cpp]::LL_GPIO_SetPinMode(GPIO_TypeDef *, unsigned int, unsigned int)
                         0x800'2369   0x18  Code  Lc  GpioOutput.o [1]
[local to GpioOutput_cpp]::LL_GPIO_SetPinOutputType(GPIO_TypeDef *, unsigned int, unsigned int)
                         0x800'2381   0x16  Code  Lc  GpioOutput.o [1]
[local to I2c_cpp]::LL_GPIO_SetPinMode(GPIO_TypeDef *, unsigned int, unsigned int)
                         0x800'34f3   0x18  Code  Lc  I2c.o [1]
[local to I2c_cpp]::LL_GPIO_SetPinOutputType(GPIO_TypeDef *, unsigned int, unsigned int)
                         0x800'3537   0x18  Code  Lc  I2c.o [1]
[local to I2c_cpp]::LL_GPIO_SetPinSpeed(GPIO_TypeDef *, unsigned int, unsigned int)
                         0x800'350b   0x16  Code  Lc  I2c.o [1]
[local to I2c_cpp]::LL_I2C_ClearFlag_ADDR(I2C_TypeDef *)
                         0x800'34e1   0x12  Code  Lc  I2c.o [1]
[local to NokiaLCD_cpp]::BSP::ASCII
                         0x800'65a0  0x240  Data  Lc  NokiaLCD.o [1]
[local to fat_sd_spi_c]::crc7_one(unsigned char, unsigned char)
                         0x800'1b17   0x16  Code  Lc  fat_sd_spi.o [1]
[local to fat_sd_spi_c]::sd_cmd(unsigned char, unsigned int)
                         0x800'1b61   0x76  Code  Lc  fat_sd_spi.o [1]
[local to fat_sd_spi_c]::sd_get_data(hwif *, unsigned char *, int)
                         0x800'2009   0x6e  Code  Lc  fat_sd_spi.o [1]
[local to fat_sd_spi_c]::sd_get_r1()
                         0x800'1bd7   0x20  Code  Lc  fat_sd_spi.o [1]
[local to fat_sd_spi_c]::sd_get_r7(unsigned int *)
                         0x800'1bf7   0x44  Code  Lc  fat_sd_spi.o [1]
[local to fat_sd_spi_c]::sd_init(hwif *)
                         0x800'1c85  0x32e  Code  Lc  fat_sd_spi.o [1]
[local to fat_sd_spi_c]::sd_nec()
                         0x800'1c3b   0x4a  Code  Lc  fat_sd_spi.o [1]
[local to fat_sd_spi_c]::sd_read_status(hwif *)
                         0x800'1fb9   0x50  Code  Lc  fat_sd_spi.o [1]
[local to fat_sd_spi_c]::sd_readsector(hwif *, unsigned int, unsigned char *)
                         0x800'2077   0x60  Code  Lc  fat_sd_spi.o [1]
[local to fat_sd_spi_c]::sd_writesector(hwif *, unsigned int, unsigned char const *)
                         0x800'20dd   0xe2  Code  Lc  fat_sd_spi.o [1]
[local to ff_c]::check_fs(FATFS *, unsigned long)
                         0x800'0e07   0x64  Code  Lc  ff.o [1]
[local to ff_c]::create_chain(FATFS *, unsigned long)
                         0x800'0521   0x9e  Code  Lc  ff.o [1]
[local to ff_c]::dir_find(DIR *)
                         0x800'076b  0x152  Code  Lc  ff.o [1]
[local to ff_c]::dir_next(DIR *, int)
                         0x800'063f   0xe0  Code  Lc  ff.o [1]
[local to ff_c]::dir_register(DIR *)
                         0x800'08bd  0x2b4  Code  Lc  ff.o [1]
[local to ff_c]::dir_sdi(DIR *, unsigned int)
                         0x800'05bf   0x80  Code  Lc  ff.o [1]
[local to ff_c]::find_volume(FATFS **, char const **, unsigned char)
                         0x800'0e6b  0x2ae  Code  Lc  ff.o [1]
[local to ff_c]::follow_path(DIR *, char const *)
                         0x800'0b81  0x226  Code  Lc  ff.o [1]
[local to ff_c]::get_ldnumber(char const **)
                         0x800'0dc1   0x46  Code  Lc  ff.o [1]
[local to ff_c]::ld_clust(FATFS *, unsigned char const *)
                         0x800'071f   0x1e  Code  Lc  ff.o [1]
[local to ff_c]::mem_cpy(void *, void const *, unsigned int)
                         0x800'00ed   0x10  Code  Lc  ff.o [1]
[local to ff_c]::move_window(FATFS *, unsigned long)
                         0x800'014b   0x34  Code  Lc  ff.o [1]
[local to ff_c]::putc_bfd(putbuff *, char)
                         0x800'16cd   0x3a  Code  Lc  ff.o [1]
[local to ff_c]::remove_chain(FATFS *, unsigned long)
                         0x800'03f7  0x12a  Code  Lc  ff.o [1]
[local to ff_c]::st_clust(unsigned char *, unsigned long)
                         0x800'073d   0x12  Code  Lc  ff.o [1]
[local to ff_c]::sum_sfn(unsigned char const *)
                         0x800'074f   0x1c  Code  Lc  ff.o [1]
[local to ff_c]::sync_fs(FATFS *)
                         0x800'017f   0xa2  Code  Lc  ff.o [1]
[local to ff_c]::sync_window(FATFS *)
                         0x800'00fd   0x4e  Code  Lc  ff.o [1]
[local to ff_c]::validate(void *)
                         0x800'111f   0x2a  Code  Lc  ff.o [1]
__aeabi_atexit           0x800'392b    0xa  Code  Gb  cxxabi.o [3]
__aeabi_cfcmple          0x800'43f9         Code  Gb  FltCmpLe.o [4]
__aeabi_d2f              0x800'4939         Code  Gb  DblToFlt.o [4]
__aeabi_dadd             0x800'47bd         Code  Gb  DblAdd.o [4]
__aeabi_ddiv             0x800'4575         Code  Gb  DblDiv.o [4]
__aeabi_dmul             0x800'49bd         Code  Gb  DblMul.o [4]
__aeabi_f2d              0x800'452d         Code  Gb  FltToDbl.o [4]
__aeabi_f2iz             0x800'5e4d         Code  Gb  FltToS32.o [4]
__aeabi_fadd             0x800'4449         Code  Gb  FltAdd.o [4]
__aeabi_fdiv             0x800'4ba1         Code  Gb  FltDiv.o [4]
__aeabi_fmul             0x800'5e79         Code  Gb  FltMul.o [4]
__aeabi_fsub             0x800'4d8d         Code  Gb  FltSub.o [4]
__aeabi_i2f              0x800'4b61         Code  Gb  S32ToFlt.o [4]
__aeabi_memclr           0x800'1a55         Code  Gb  ABImemclr.o [5]
__aeabi_memcpy4          0x800'2dd1         Code  Gb  ABImemcpy.o [5]
__aeabi_memcpy8          0x800'2dd1         Code  Gb  ABImemcpy.o [5]
__aeabi_memset           0x800'1a5d         Code  Gb  ABImemset.o [5]
__aeabi_ui2d             0x800'49a1         Code  Gb  U32ToDbl.o [4]
__aeabi_ui2f             0x800'4b85         Code  Gb  U32ToFlt.o [4]
__call_ctors             0x800'4359   0x18  Code  Gb  cppinit.o [2]
__call_dtors             0x800'43a7    0xc  Code  Gb  cppinit.o [2]
__call_dtors0            0x800'43b3   0x36  Code  Gb  cppinit.o [2]
__cexit_call_dtors       0x800'6ec7         Code  Gb  cexit.o [5]
__cmain                  0x800'6e9d         Code  Gb  cmain.o [5]
__cstart_call_dtors      0x800'71c0         Data  Gb  cstart_call_dtors.o [5]
__cxa_atexit             0x800'4371   0x36  Code  Gb  cppinit.o [2]
__dso_handle            0x2000'0e44    0x4  Data  Gb  cppinit.o [2]
__exit                   0x800'6ed5   0x14  Code  Gb  exit.o [6]
__iar_Memset             0x800'1a5d         Code  Gb  ABImemset.o [5]
__iar_Memset_word        0x800'1a65         Code  Gb  ABImemset.o [5]
__iar_close_ttio         0x800'6dd9   0x2c  Code  Gb  iarttio.o [6]
__iar_cstart_call_ctors
                         0x800'6e7d   0x20  Code  Gb  cmain_call_ctors.o [5]
__iar_dadd               0x800'4e0d         Code  Gb  DblSub.o [4]
__iar_data_init3         0x800'6e11   0x28  Code  Gb  data_init.o [5]
__iar_debug_exceptions   0x800'1a5a    0x1  Data  Gb  unwind_debug.o [6]
__iar_dsub               0x800'47cd         Code  Gb  DblAdd.o [4]
__iar_dsubStart          0x800'47df         Code  Gb  DblAdd.o [4]
__iar_fadd               0x800'4d99         Code  Gb  FltSub.o [4]
__iar_fsub               0x800'4455         Code  Gb  FltAdd.o [4]
__iar_fsubStart          0x800'4465         Code  Gb  FltAdd.o [4]
__iar_lookup_ttioh       0x800'6e05    0x4  Code  Gb  XShttio.o [2]
__iar_packbits_init_single3
                         0x800'6d05   0x38  Code  Gb  packbits_init_single.o [5]
__iar_program_start      0x800'71ad         Code  Gb  cstartup_M.o [5]
__iar_tls$$INIT_ARRAY$$Base
                         0x800'6f30          --   Gb  - Linker created -
__iar_tls$$INIT_ARRAY$$Limit
                         0x800'6f30          --   Gb  - Linker created -
__iar_ttio_handles      0x2000'05a4    0x8  Data  Lc  XShttio.o [2]
__iar_zero_init3         0x800'1963   0x3a  Code  Gb  zero_init3.o [5]
__low_level_init         0x800'6ebb    0x4  Code  Gb  low_level_init.o [2]
__sti__routine           0x800'32b9   0xd4  Code  Lc  CPP_HAL.o [1]
__sti__routine           0x800'7125    0xa  Code  Lc  DigitalIO_Test.o [1]
__sti__routine           0x800'1ac5    0xe  Code  Lc  fat_sd_spi.o [1]
__sti__routine           0x800'67e1   0x12  Code  Lc  main.o [1]
__sti__routine           0x800'4ee1   0x80  Code  Lc  Power_Monitor.o [1]
__sti__routine           0x800'6ccd   0x30  Code  Lc  ST7735_1.o [1]
__vector_table           0x800'0000         Data  Gb  startup_stm32f103xb.o [1]
_call_main               0x800'6ea9         Code  Gb  cmain.o [5]
_exit                    0x800'6ec5         Code  Gb  cexit.o [5]
_main                    0x800'6eb7         Code  Gb  cmain.o [5]
bool MillisElapsed<(unsigned int)128>()
                         0x800'441d   0x2c  Code  Gb  INA219.o [1]
clust2sect(FATFS *, unsigned long)
                         0x800'0221   0x1a  Code  Gb  ff.o [1]
colorB                  0x2000'0ddc    0x1  Data  Gb  ST7735_1.o [1]
crc16(unsigned char const *, int)
                         0x800'1b2d   0x34  Code  Gb  fat_sd_spi.o [1]
disk_initialize          0x800'19a9   0x12  Code  Gb  diskio.o [1]
disk_ioctl               0x800'1a25   0x28  Code  Gb  diskio.o [1]
disk_read                0x800'19bb   0x2e  Code  Gb  diskio.o [1]
disk_status              0x800'199d    0xc  Code  Gb  diskio.o [1]
disk_write               0x800'19e9   0x2e  Code  Gb  diskio.o [1]
dma1                    0x2000'0838    0x4  Data  Gb  CPP_HAL.o [1]
exit                     0x800'6ebf    0x4  Code  Gb  exit.o [2]
f_close                  0x800'15a5   0x1c  Code  Gb  ff.o [1]
f_lseek                  0x800'15c1   0xf2  Code  Gb  ff.o [1]
f_mount                  0x800'1149   0x66  Code  Gb  ff.o [1]
f_open                   0x800'11af  0x14e  Code  Gb  ff.o [1]
f_printf                 0x800'1707  0x25c  Code  Gb  ff.o [1]
f_sync                   0x800'1529   0x7c  Code  Gb  ff.o [1]
f_write                  0x800'1301  0x228  Code  Gb  ff.o [1]
ff_convert               0x800'1a51    0x2  Code  Gb  diskio.o [1]
ff_wtoupper              0x800'1a53    0x2  Code  Gb  diskio.o [1]
fil                     0x2000'05b0   0x24  Data  Gb  Power_Monitor.o [1]
fr                      0x2000'05ac    0x1  Data  Gb  Power_Monitor.o [1]
fs                      0x2000'05d4  0x230  Data  Gb  Power_Monitor.o [1]
ftoa(float, char *, int)
                         0x800'5adb   0x52  Code  Gb  Utils.o [1]
gEvent                  0x2000'00c9    0x1  Data  Gb  Power_Monitor.o [1]
g_GpioCallbacks         0x2000'0d14   0x40  Data  Gb  CPP_HAL.o [1]
get_fat(FATFS *, unsigned long)
                         0x800'023b   0xce  Code  Gb  ff.o [1]
get_fattime              0x800'1b11    0x6  Code  Gb  fat_sd_spi.o [1]
hwif_init(hwif *)        0x800'21d5  0x122  Code  Gb  fat_sd_spi.o [1]
i2c1                    0x2000'0804   0x34  Data  Gb  CPP_HAL.o [1]
intToStr(int, char *, int)
                         0x800'5a21   0x5c  Code  Gb  Utils.o [1]
intToStr(int, char *, int, char)
                         0x800'5a7d   0x5e  Code  Gb  Utils.o [1]
mWH                     0x2000'00f8    0x4  Data  Gb  Power_Monitor.o [1]
m_CSPin                 0x2000'0df0    0x8  Data  Gb  ST7735_1.o [1]
m_DCPin                 0x2000'0de8    0x8  Data  Gb  ST7735_1.o [1]
m_RstPin                0x2000'0de0    0x8  Data  Gb  ST7735_1.o [1]
madctl                  0x2000'0ddd    0x1  Data  Gb  ST7735_1.o [1]
main                     0x800'6845   0x1e  Code  Gb  main.o [1]
mem_cpy(void *, void const *, unsigned int)
                         0x800'5b83   0x10  Code  Gb  Utils.o [1]
myTime                  0x2000'009c    0xc  Data  Gb  main.o [1]
next_abi_dtor_rec       0x2000'0e40    0x4  Data  Lc  cppinit.o [2]
power(float, int)        0x800'5b35   0x4e  Code  Gb  Utils.o [1]
put_fat(FATFS *, unsigned long, unsigned long)
                         0x800'0309   0xee  Code  Gb  ff.o [1]
rtc                     0x2000'0000   0x10  Data  Gb  CPP_HAL.o [1]
sd_read(hwif *, unsigned int, unsigned char *)
                         0x800'22f7   0x36  Code  Gb  fat_sd_spi.o [1]
sd_write(hwif *, unsigned int, unsigned char const *)
                         0x800'232d   0x34  Code  Gb  fat_sd_spi.o [1]
spi1                    0x2000'0854   0x84  Data  Gb  CPP_HAL.o [1]
spi2                    0x2000'08d8   0x84  Data  Gb  CPP_HAL.o [1]
spi_cs_high()            0x800'1ae3   0x10  Code  Gb  fat_sd_spi.o [1]
spi_cs_low()             0x800'1ad3   0x10  Code  Gb  fat_sd_spi.o [1]
spi_init()               0x800'1af3   0x1e  Code  Gb  fat_sd_spi.o [1]
uart1                   0x2000'09e4   0x30  Data  Gb  CPP_HAL.o [1]
uwTick                  0x2000'0598    0x4  Data  Gb  stm32f1xx_hal.o [1]
uwTickFreq              0x2000'0594    0x1  Data  Gb  stm32f1xx_hal.o [1]
uwTickPrio              0x2000'059c    0x4  Data  Gb  stm32f1xx_hal.o [1]
void Gpio_ClockEnable<(Port_t)1073810432>()
                         0x800'4ce5   0x20  Code  Gb  main.o [1]
w25qxxDev               0x2000'0d54   0x34  Data  Gb  main.o [1]


[1] = C:\Amit_Chaudhary\STM32F1xx_CPP_FW\STM32F1xx_CPP_FW - CPF - SPI 2.0 Uart Working\IAR\Debug\Obj
[2] = dl7M_tln.a
[3] = dlpp7M_tl_nc.a
[4] = m7M_tl.a
[5] = rt7M_tl.a
[6] = shb_l.a

  26'967 bytes of readonly  code memory
   2'268 bytes of readonly  data memory
   8'186 bytes of readwrite data memory

Errors: none
Warnings: none
