###############################################################################
#
# IAR ELF Linker V8.40.2.214/W32 for ARM                  12/Apr/2020  21:01:04
# Copyright 2007-2019 IAR Systems AB.
#
#    Output file  =
#        C:\Amit_Chaudhary\STM32F1xx_CPP_FW\STM32L1xx_CPP_FW -
#        ADC\IAR\Debug\Exe\Main.out
#    Map file     =
#        C:\Amit_Chaudhary\STM32F1xx_CPP_FW\STM32L1xx_CPP_FW -
#        ADC\IAR\Debug\List\Main.map
#    Command line =
#        -f C:\Users\AMITCH~1\AppData\Local\Temp\EW29D0.tmp
#        ("C:\Amit_Chaudhary\STM32F1xx_CPP_FW\STM32L1xx_CPP_FW -
#        ADC\IAR\Debug\Obj\ADC.o"
#        "C:\Amit_Chaudhary\STM32F1xx_CPP_FW\STM32L1xx_CPP_FW -
#        ADC\IAR\Debug\Obj\BMP280.o"
#        "C:\Amit_Chaudhary\STM32F1xx_CPP_FW\STM32L1xx_CPP_FW -
#        ADC\IAR\Debug\Obj\BtnInt.o"
#        "C:\Amit_Chaudhary\STM32F1xx_CPP_FW\STM32L1xx_CPP_FW -
#        ADC\IAR\Debug\Obj\BtnPoll.o"
#        "C:\Amit_Chaudhary\STM32F1xx_CPP_FW\STM32L1xx_CPP_FW -
#        ADC\IAR\Debug\Obj\CmdSvr.o"
#        "C:\Amit_Chaudhary\STM32F1xx_CPP_FW\STM32L1xx_CPP_FW -
#        ADC\IAR\Debug\Obj\ControlScreen.o"
#        "C:\Amit_Chaudhary\STM32F1xx_CPP_FW\STM32L1xx_CPP_FW -
#        ADC\IAR\Debug\Obj\CPP_HAL.o"
#        "C:\Amit_Chaudhary\STM32F1xx_CPP_FW\STM32L1xx_CPP_FW -
#        ADC\IAR\Debug\Obj\DigitalIO.o"
#        "C:\Amit_Chaudhary\STM32F1xx_CPP_FW\STM32L1xx_CPP_FW -
#        ADC\IAR\Debug\Obj\DigitalIO_Test.o"
#        "C:\Amit_Chaudhary\STM32F1xx_CPP_FW\STM32L1xx_CPP_FW -
#        ADC\IAR\Debug\Obj\diskio.o"
#        "C:\Amit_Chaudhary\STM32F1xx_CPP_FW\STM32L1xx_CPP_FW -
#        ADC\IAR\Debug\Obj\DisplayBuffer.o"
#        "C:\Amit_Chaudhary\STM32F1xx_CPP_FW\STM32L1xx_CPP_FW -
#        ADC\IAR\Debug\Obj\DMA.o"
#        "C:\Amit_Chaudhary\STM32F1xx_CPP_FW\STM32L1xx_CPP_FW -
#        ADC\IAR\Debug\Obj\fat_sd_spi.o"
#        "C:\Amit_Chaudhary\STM32F1xx_CPP_FW\STM32L1xx_CPP_FW -
#        ADC\IAR\Debug\Obj\ff.o"
#        "C:\Amit_Chaudhary\STM32F1xx_CPP_FW\STM32L1xx_CPP_FW -
#        ADC\IAR\Debug\Obj\fonts.o"
#        "C:\Amit_Chaudhary\STM32F1xx_CPP_FW\STM32L1xx_CPP_FW -
#        ADC\IAR\Debug\Obj\GpioOutput.o"
#        "C:\Amit_Chaudhary\STM32F1xx_CPP_FW\STM32L1xx_CPP_FW -
#        ADC\IAR\Debug\Obj\I2c.o"
#        "C:\Amit_Chaudhary\STM32F1xx_CPP_FW\STM32L1xx_CPP_FW -
#        ADC\IAR\Debug\Obj\I2C_Commands.o"
#        "C:\Amit_Chaudhary\STM32F1xx_CPP_FW\STM32L1xx_CPP_FW -
#        ADC\IAR\Debug\Obj\I2C_Test.o"
#        "C:\Amit_Chaudhary\STM32F1xx_CPP_FW\STM32L1xx_CPP_FW -
#        ADC\IAR\Debug\Obj\INA219.o"
#        "C:\Amit_Chaudhary\STM32F1xx_CPP_FW\STM32L1xx_CPP_FW -
#        ADC\IAR\Debug\Obj\InterruptHandlers.o"
#        "C:\Amit_Chaudhary\STM32F1xx_CPP_FW\STM32L1xx_CPP_FW -
#        ADC\IAR\Debug\Obj\InterruptManager.o"
#        "C:\Amit_Chaudhary\STM32F1xx_CPP_FW\STM32L1xx_CPP_FW -
#        ADC\IAR\Debug\Obj\ir_Aiwa.o"
#        "C:\Amit_Chaudhary\STM32F1xx_CPP_FW\STM32L1xx_CPP_FW -
#        ADC\IAR\Debug\Obj\ir_Denon.o"
#        "C:\Amit_Chaudhary\STM32F1xx_CPP_FW\STM32L1xx_CPP_FW -
#        ADC\IAR\Debug\Obj\ir_Dish.o"
#        "C:\Amit_Chaudhary\STM32F1xx_CPP_FW\STM32L1xx_CPP_FW -
#        ADC\IAR\Debug\Obj\ir_JVC.o"
#        "C:\Amit_Chaudhary\STM32F1xx_CPP_FW\STM32L1xx_CPP_FW -
#        ADC\IAR\Debug\Obj\ir_LG.o"
#        "C:\Amit_Chaudhary\STM32F1xx_CPP_FW\STM32L1xx_CPP_FW -
#        ADC\IAR\Debug\Obj\ir_Mitsubishi.o"
#        "C:\Amit_Chaudhary\STM32F1xx_CPP_FW\STM32L1xx_CPP_FW -
#        ADC\IAR\Debug\Obj\ir_NEC.o"
#        "C:\Amit_Chaudhary\STM32F1xx_CPP_FW\STM32L1xx_CPP_FW -
#        ADC\IAR\Debug\Obj\ir_Panasonic.o"
#        "C:\Amit_Chaudhary\STM32F1xx_CPP_FW\STM32L1xx_CPP_FW -
#        ADC\IAR\Debug\Obj\ir_RC5_RC6.o"
#        "C:\Amit_Chaudhary\STM32F1xx_CPP_FW\STM32L1xx_CPP_FW -
#        ADC\IAR\Debug\Obj\ir_Samsung.o"
#        "C:\Amit_Chaudhary\STM32F1xx_CPP_FW\STM32L1xx_CPP_FW -
#        ADC\IAR\Debug\Obj\ir_Sanyo.o"
#        "C:\Amit_Chaudhary\STM32F1xx_CPP_FW\STM32L1xx_CPP_FW -
#        ADC\IAR\Debug\Obj\ir_Sharp.o"
#        "C:\Amit_Chaudhary\STM32F1xx_CPP_FW\STM32L1xx_CPP_FW -
#        ADC\IAR\Debug\Obj\ir_Sony.o"
#        "C:\Amit_Chaudhary\STM32F1xx_CPP_FW\STM32L1xx_CPP_FW -
#        ADC\IAR\Debug\Obj\ir_Template.o"
#        "C:\Amit_Chaudhary\STM32F1xx_CPP_FW\STM32L1xx_CPP_FW -
#        ADC\IAR\Debug\Obj\ir_Whynter.o"
#        "C:\Amit_Chaudhary\STM32F1xx_CPP_FW\STM32L1xx_CPP_FW -
#        ADC\IAR\Debug\Obj\irPronto.o"
#        "C:\Amit_Chaudhary\STM32F1xx_CPP_FW\STM32L1xx_CPP_FW -
#        ADC\IAR\Debug\Obj\IRremote.o"
#        "C:\Amit_Chaudhary\STM32F1xx_CPP_FW\STM32L1xx_CPP_FW -
#        ADC\IAR\Debug\Obj\irSend.o"
#        "C:\Amit_Chaudhary\STM32F1xx_CPP_FW\STM32L1xx_CPP_FW -
#        ADC\IAR\Debug\Obj\main.o"
#        "C:\Amit_Chaudhary\STM32F1xx_CPP_FW\STM32L1xx_CPP_FW -
#        ADC\IAR\Debug\Obj\Mlx90615.o"
#        "C:\Amit_Chaudhary\STM32F1xx_CPP_FW\STM32L1xx_CPP_FW -
#        ADC\IAR\Debug\Obj\NokiaLCD.o"
#        "C:\Amit_Chaudhary\STM32F1xx_CPP_FW\STM32L1xx_CPP_FW -
#        ADC\IAR\Debug\Obj\Power_Monitor.o"
#        "C:\Amit_Chaudhary\STM32F1xx_CPP_FW\STM32L1xx_CPP_FW -
#        ADC\IAR\Debug\Obj\RTC.o"
#        "C:\Amit_Chaudhary\STM32F1xx_CPP_FW\STM32L1xx_CPP_FW -
#        ADC\IAR\Debug\Obj\Screen.o"
#        "C:\Amit_Chaudhary\STM32F1xx_CPP_FW\STM32L1xx_CPP_FW -
#        ADC\IAR\Debug\Obj\Spi.o"
#        "C:\Amit_Chaudhary\STM32F1xx_CPP_FW\STM32L1xx_CPP_FW -
#        ADC\IAR\Debug\Obj\ssd1306.o"
#        "C:\Amit_Chaudhary\STM32F1xx_CPP_FW\STM32L1xx_CPP_FW -
#        ADC\IAR\Debug\Obj\ssd1306_Test.o"
#        "C:\Amit_Chaudhary\STM32F1xx_CPP_FW\STM32L1xx_CPP_FW -
#        ADC\IAR\Debug\Obj\ST7735.o"
#        "C:\Amit_Chaudhary\STM32F1xx_CPP_FW\STM32L1xx_CPP_FW -
#        ADC\IAR\Debug\Obj\st7735fonts.o"
#        "C:\Amit_Chaudhary\STM32F1xx_CPP_FW\STM32L1xx_CPP_FW -
#        ADC\IAR\Debug\Obj\startup_stm32l151xb.o"
#        "C:\Amit_Chaudhary\STM32F1xx_CPP_FW\STM32L1xx_CPP_FW -
#        ADC\IAR\Debug\Obj\stm32l1xx_it.o"
#        "C:\Amit_Chaudhary\STM32F1xx_CPP_FW\STM32L1xx_CPP_FW -
#        ADC\IAR\Debug\Obj\stm32l1xx_ll_adc.o"
#        "C:\Amit_Chaudhary\STM32F1xx_CPP_FW\STM32L1xx_CPP_FW -
#        ADC\IAR\Debug\Obj\stm32l1xx_ll_dma.o"
#        "C:\Amit_Chaudhary\STM32F1xx_CPP_FW\STM32L1xx_CPP_FW -
#        ADC\IAR\Debug\Obj\stm32l1xx_ll_exti.o"
#        "C:\Amit_Chaudhary\STM32F1xx_CPP_FW\STM32L1xx_CPP_FW -
#        ADC\IAR\Debug\Obj\stm32l1xx_ll_gpio.o"
#        "C:\Amit_Chaudhary\STM32F1xx_CPP_FW\STM32L1xx_CPP_FW -
#        ADC\IAR\Debug\Obj\stm32l1xx_ll_i2c.o"
#        "C:\Amit_Chaudhary\STM32F1xx_CPP_FW\STM32L1xx_CPP_FW -
#        ADC\IAR\Debug\Obj\stm32l1xx_ll_pwr.o"
#        "C:\Amit_Chaudhary\STM32F1xx_CPP_FW\STM32L1xx_CPP_FW -
#        ADC\IAR\Debug\Obj\stm32l1xx_ll_rcc.o"
#        "C:\Amit_Chaudhary\STM32F1xx_CPP_FW\STM32L1xx_CPP_FW -
#        ADC\IAR\Debug\Obj\stm32l1xx_ll_rtc.o"
#        "C:\Amit_Chaudhary\STM32F1xx_CPP_FW\STM32L1xx_CPP_FW -
#        ADC\IAR\Debug\Obj\stm32l1xx_ll_spi.o"
#        "C:\Amit_Chaudhary\STM32F1xx_CPP_FW\STM32L1xx_CPP_FW -
#        ADC\IAR\Debug\Obj\stm32l1xx_ll_tim.o"
#        "C:\Amit_Chaudhary\STM32F1xx_CPP_FW\STM32L1xx_CPP_FW -
#        ADC\IAR\Debug\Obj\stm32l1xx_ll_usart.o"
#        "C:\Amit_Chaudhary\STM32F1xx_CPP_FW\STM32L1xx_CPP_FW -
#        ADC\IAR\Debug\Obj\stm32l1xx_ll_utils.o"
#        "C:\Amit_Chaudhary\STM32F1xx_CPP_FW\STM32L1xx_CPP_FW -
#        ADC\IAR\Debug\Obj\system_stm32l1xx.o"
#        "C:\Amit_Chaudhary\STM32F1xx_CPP_FW\STM32L1xx_CPP_FW -
#        ADC\IAR\Debug\Obj\tinyprintf.o"
#        "C:\Amit_Chaudhary\STM32F1xx_CPP_FW\STM32L1xx_CPP_FW -
#        ADC\IAR\Debug\Obj\Uart.o"
#        "C:\Amit_Chaudhary\STM32F1xx_CPP_FW\STM32L1xx_CPP_FW -
#        ADC\IAR\Debug\Obj\UI.o"
#        "C:\Amit_Chaudhary\STM32F1xx_CPP_FW\STM32L1xx_CPP_FW -
#        ADC\IAR\Debug\Obj\Utils.o"
#        "C:\Amit_Chaudhary\STM32F1xx_CPP_FW\STM32L1xx_CPP_FW -
#        ADC\IAR\Debug\Obj\w25qxx.o" --no_out_extension -o
#        "C:\Amit_Chaudhary\STM32F1xx_CPP_FW\STM32L1xx_CPP_FW -
#        ADC\IAR\Debug\Exe\Main.out" --redirect _Printf=_PrintfFullNoMb
#        --redirect _Scanf=_ScanfFullNoMb --map
#        "C:\Amit_Chaudhary\STM32F1xx_CPP_FW\STM32L1xx_CPP_FW -
#        ADC\IAR\Debug\List\Main.map" --config "C:\Program Files (x86)\IAR
#        Systems\STM32 ARM\arm\config\linker\ST\stm32l151x8.icf" --semihosting
#        --entry __iar_program_start --vfe --text_out locale)
#
###############################################################################

*******************************************************************************
*** RUNTIME MODEL ATTRIBUTES
***

CppFlavor                     = *
__CPP_Exceptions              = Disabled
__CPP_Language                = C++14
__Heap_Handler                = Basic
__SystemLibrary               = DLib
__dlib_dynamic_initialization = normal
__dlib_version                = 6


*******************************************************************************
*** HEAP SELECTION
***

The basic heap was selected because some modules are built with
size limitations (and not runtime checking), and --advanced_heap
was not specified.


*******************************************************************************
*** PLACEMENT SUMMARY
***

"A0":  place at address 0x800'0000 { ro section .intvec };
"P1":  place in [from 0x800'0000 to 0x800'ffff] { ro };
define block CSTACK with size = 2K, alignment = 8 { };
define block HEAP with size = 2K, alignment = 8 { };
"P2":  place in [from 0x2000'0000 to 0x2000'27ff] {
          rw, block CSTACK, block HEAP };
initialize by copy { rw };

No sections matched the following patterns:

  section .eeprom  in "P3"


  Section                Kind         Address    Size  Object
  -------                ----         -------    ----  ------
"A0":                                            0xf4
  .intvec                ro code   0x800'0000    0xf4  startup_stm32l151xb.o [1]
                                 - 0x800'00f4    0xf4

"P1":                                          0x65b4
  .rodata                const     0x800'00f4  0x134c  st7735fonts.o [1]
  .text                  ro code   0x800'1440   0x6f2  ST7735.o [1]
  .text                  ro code   0x800'1b32    0x3a  zero_init3.o [5]
  .text                  ro code   0x800'1b6c   0x1e2  GpioOutput.o [1]
  .text                  ro code   0x800'1d4e    0x2e  copy_init3.o [5]
  .text                  ro code   0x800'1d7c   0x506  Spi.o [1]
  .text                  ro code   0x800'2282    0x22  ST7735.o [1]
  .text                  ro code   0x800'22a4    0x1e  ST7735.o [1]
  .text                  ro code   0x800'22c2     0xe  ST7735.o [1]
  .text                  ro code   0x800'22d0     0xe  ST7735.o [1]
  .text                  ro code   0x800'22de    0x22  ST7735.o [1]
  .text                  ro code   0x800'2300    0x10  w25qxx.o [1]
  .text                  ro code   0x800'2310     0xe  w25qxx.o [1]
  .text                  ro code   0x800'231e     0x2  main.o [1]
  .text                  ro code   0x800'2320    0x64  stm32l1xx_ll_utils.o [1]
  .text                  ro code   0x800'2384    0x86  ABImemcpy.o [5]
  .text                  ro code   0x800'240a     0xc  Spi.o [1]
  .rodata                const     0x800'2416     0x1  unwind_debug.o [6]
  .text                  ro code   0x800'2418    0x7c  stm32l1xx_ll_spi.o [1]
  .text                  ro code   0x800'2494     0xc  Spi.o [1]
  .text                  ro code   0x800'24a0   0x4a8  DigitalIO.o [1]
  .text                  ro code   0x800'2948   0x184  CPP_HAL.o [1]
  .text                  ro code   0x800'2acc    0x8c  InterruptManager.o [1]
  .text                  ro code   0x800'2b58    0x14  CPP_HAL.o [1]
  .text                  ro code   0x800'2b6c   0x2e4  I2c.o [1]
  .text                  ro code   0x800'2e50    0x40  DMA.o [1]
  .text                  ro code   0x800'2e90     0xa  cxxabi.o [3]
  .text                  ro code   0x800'2e9c     0x6  INA219.o [1]
  .text                  ro code   0x800'2ea4     0xc  CPP_HAL.o [1]
  .text                  ro code   0x800'2eb0    0x60  NokiaLCD.o [1]
  .text                  ro code   0x800'2f10   0x286  Uart.o [1]
  .text                  ro code   0x800'3198    0x20  main.o [1]
  .text                  ro code   0x800'31b8     0xc  I2c.o [1]
  .text                  ro code   0x800'31c4     0xc  I2c.o [1]
  .text                  ro code   0x800'31d0    0x2c  I2c.o [1]
  .text                  ro code   0x800'31fc    0xa0  cppinit.o [2]
  .text                  ro code   0x800'329c     0xc  Uart.o [1]
  .text                  ro code   0x800'32a8   0x1d4  stm32l1xx_ll_usart.o [1]
  .text                  ro code   0x800'347c     0xc  Uart.o [1]
  .text                  ro code   0x800'3488    0xf0  ADC.o [1]
  .text                  ro code   0x800'3578   0x160  stm32l1xx_ll_rcc.o [1]
  .text                  ro code   0x800'36d8   0x5f8  main.o [1]
  .text                  ro code   0x800'3cd0     0xc  main.o [1]
  .text                  ro code   0x800'3cdc     0xc  main.o [1]
  .text                  ro code   0x800'3ce8    0x1c  w25qxx.o [1]
  .text                  ro code   0x800'3d04     0xc  main.o [1]
  .text                  ro code   0x800'3d10     0xc  main.o [1]
  .text                  ro code   0x800'3d1c   0x4a4  RTC.o [1]
  .text                  ro code   0x800'41c0   0x50a  tinyprintf.o [1]
  .text                  ro code   0x800'46cc     0xc  main.o [1]
  .text                  ro code   0x800'46d8    0x66  ABImemset.o [5]
  .text                  ro code   0x800'4740   0x336  stm32l1xx_ll_rtc.o [1]
  .text                  ro code   0x800'4a78    0x10  RTC.o [1]
  .text                  ro code   0x800'4a88    0x10  RTC.o [1]
  .text                  ro code   0x800'4a98    0x10  RTC.o [1]
  .text                  ro code   0x800'4aa8    0x10  RTC.o [1]
  .text                  ro code   0x800'4ab8    0x10  RTC.o [1]
  .text                  ro code   0x800'4ac8    0x68  DblToFlt.o [4]
  .text                  ro code   0x800'4b30   0x136  Utils.o [1]
  .text                  ro code   0x800'4c68    0x2a  FltToS32.o [4]
  .text                  ro code   0x800'4c94    0x24  S32ToFlt.o [4]
  .text                  ro code   0x800'4cb8    0x80  FltSub.o [4]
  .text                  ro code   0x800'4d38    0xd8  FltMul.o [4]
  .text                  ro code   0x800'4e10    0xfc  FltDiv.o [4]
  .text                  ro code   0x800'4f0c    0xd6  FltAdd.o [4]
  .text                  ro code   0x800'4fe4   0x5b0  InterruptHandlers.o [1]
  .rodata                const     0x800'5594   0x240  DisplayBuffer.o [1]
  .text                  ro code   0x800'57d4   0x19c  DisplayBuffer.o [1]
  .text                  ro code   0x800'5970    0xec  Power_Monitor.o [1]
  .text                  ro code   0x800'5a5c     0xc  Power_Monitor.o [1]
  .text                  ro code   0x800'5a68     0xc  Power_Monitor.o [1]
  .text                  ro code   0x800'5a74     0xc  Power_Monitor.o [1]
  .text                  ro code   0x800'5a80    0x22  Power_Monitor.o [1]
  .text                  ro code   0x800'5aa4    0x30  UI.o [1]
  .text                  ro code   0x800'5ad4    0x58  Screen.o [1]
  .text                  ro code   0x800'5b2c    0xba  ControlScreen.o [1]
  .text                  ro code   0x800'5be8     0xc  Power_Monitor.o [1]
  .text                  ro code   0x800'5bf4     0xc  Screen.o [1]
  .text                  ro code   0x800'5c00    0x14  Screen.o [1]
  .text                  ro code   0x800'5c14    0x68  DigitalIO_Test.o [1]
  .text                  ro code   0x800'5c7c     0xc  DigitalIO_Test.o [1]
  .text                  ro code   0x800'5c88     0xc  DigitalIO_Test.o [1]
  .text                  ro code   0x800'5c94     0xc  DigitalIO_Test.o [1]
  .text                  ro code   0x800'5ca0    0x18  DigitalIO_Test.o [1]
  .text                  ro code   0x800'5cb8    0x1a  DigitalIO_Test.o [1]
  .text                  ro code   0x800'5cd4     0xc  DigitalIO_Test.o [1]
  .text                  ro code   0x800'5ce0     0xc  DigitalIO_Test.o [1]
  .text                  ro code   0x800'5cec     0xc  DigitalIO_Test.o [1]
  .text                  ro code   0x800'5cf8     0xc  DigitalIO_Test.o [1]
  .text                  ro code   0x800'5d04     0xc  DigitalIO_Test.o [1]
  .text                  ro code   0x800'5d10     0xc  DigitalIO_Test.o [1]
  .text                  ro code   0x800'5d1c     0xc  DigitalIO_Test.o [1]
  .rodata                const     0x800'5d28    0x58  Power_Monitor.o [1]
  .rodata                const     0x800'5d80    0x58  Power_Monitor.o [1]
  .text                  ro code   0x800'5dd8    0x54  system_stm32l1xx.o [1]
  .text                  ro code   0x800'5e2c    0x44  main.o [1]
  .text                  ro code   0x800'5e70     0x6  main.o [1]
  .rodata                const     0x800'5e78    0x40  GpioOutput.o [1]
  .rodata                const     0x800'5eb8    0x3c  ST7735.o [1]
  .rodata                const     0x800'5ef4    0x30  RTC.o [1]
  .text                  ro code   0x800'5f24    0x30  main.o [1]
  .rodata                const     0x800'5f54    0x2c  ST7735.o [1]
  .text                  ro code   0x800'5f80    0x2c  DigitalIO_Test.o [1]
  .text                  ro code   0x800'5fac     0xc  DigitalIO_Test.o [1]
  .text                  ro code   0x800'5fb8    0x14  DigitalIO_Test.o [1]
  .text                  ro code   0x800'5fcc    0x2c  main.o [1]
  .text                  ro code   0x800'5ff8     0xe  main.o [1]
  .rodata                const     0x800'6008    0x28  main.o [1]
  .text                  ro code   0x800'6030    0x28  main.o [1]
  .text                  ro code   0x800'6058    0x28  data_init.o [5]
  .rodata                const     0x800'6080    0x24  ST7735.o [1]
  SHT$$PREINIT_ARRAY               0x800'60a4     0x0  <Block>
  SHT$$INIT_ARRAY                  0x800'60a4    0x24  <Block>
    .init_array          const     0x800'60a4     0x4  CPP_HAL.o [1]
    .init_array          const     0x800'60a8     0x4  DigitalIO_Test.o [1]
    .init_array          const     0x800'60ac     0x4  fat_sd_spi.o [1]
    .init_array          const     0x800'60b0     0x4  I2C_Commands.o [1]
    .init_array          const     0x800'60b4     0x4  I2C_Test.o [1]
    .init_array          const     0x800'60b8     0x4  IRremote.o [1]
    .init_array          const     0x800'60bc     0x4  irSend.o [1]
    .init_array          const     0x800'60c0     0x4  main.o [1]
    .init_array          const     0x800'60c4     0x4  Power_Monitor.o [1]
  __iar_tls$$INIT_ARRAY            0x800'60c8     0x0  <Block>
  .iar.init_table        const     0x800'60c8    0x28  - Linker created -
  .text                  ro code   0x800'60f0    0x20  cmain_call_ctors.o [5]
  .text                  ro code   0x800'6110    0x1e  cmain.o [5]
  .text                  ro code   0x800'612e     0x4  low_level_init.o [2]
  .text                  ro code   0x800'6132     0x4  exit.o [2]
  .text                  ro code   0x800'6138     0xe  cexit.o [5]
  .text                  ro code   0x800'6148    0x14  exit.o [6]
  .rodata                const     0x800'615c    0x1c  RTC.o [1]
  .text                  ro code   0x800'6178    0x1c  DigitalIO_Test.o [1]
  .text                  ro code   0x800'6194    0x1c  DigitalIO_Test.o [1]
  .text                  ro code   0x800'61b0    0x1c  fat_sd_spi.o [1]
  .text                  ro code   0x800'61cc    0x1c  main.o [1]
  .text                  ro code   0x800'61e8    0x10  main.o [1]
  .text                  ro code   0x800'61f8    0x18  main.o [1]
  .rodata                const     0x800'6210    0x14  ADC.o [1]
  .rodata                const     0x800'6224    0x14  ControlScreen.o [1]
  .rodata                const     0x800'6238    0x14  DigitalIO_Test.o [1]
  .rodata                const     0x800'624c    0x14  DigitalIO_Test.o [1]
  .rodata                const     0x800'6260    0x14  DigitalIO_Test.o [1]
  .rodata                const     0x800'6274    0x14  DigitalIO_Test.o [1]
  .rodata                const     0x800'6288    0x14  DigitalIO_Test.o [1]
  .rodata                const     0x800'629c    0x14  DigitalIO_Test.o [1]
  .rodata                const     0x800'62b0    0x14  DigitalIO_Test.o [1]
  .rodata                const     0x800'62c4    0x14  DigitalIO_Test.o [1]
  .rodata                const     0x800'62d8    0x14  DigitalIO_Test.o [1]
  .rodata                const     0x800'62ec    0x14  DigitalIO_Test.o [1]
  .rodata                const     0x800'6300    0x14  DigitalIO_Test.o [1]
  .rodata                const     0x800'6314    0x14  I2c.o [1]
  .rodata                const     0x800'6328    0x14  I2c.o [1]
  .rodata                const     0x800'633c    0x14  I2c.o [1]
  .rodata                const     0x800'6350    0x14  I2C_Commands.o [1]
  .rodata                const     0x800'6364    0x14  I2C_Test.o [1]
  .rodata                const     0x800'6378    0x14  IRremote.o [1]
  .rodata                const     0x800'638c    0x14  main.o [1]
  .rodata                const     0x800'63a0    0x14  main.o [1]
  .rodata                const     0x800'63b4    0x14  main.o [1]
  .rodata                const     0x800'63c8    0x14  main.o [1]
  .rodata                const     0x800'63dc    0x14  main.o [1]
  .rodata                const     0x800'63f0    0x14  main.o [1]
  .rodata                const     0x800'6404    0x14  main.o [1]
  .rodata                const     0x800'6418    0x14  Power_Monitor.o [1]
  .rodata                const     0x800'642c    0x14  Power_Monitor.o [1]
  .rodata                const     0x800'6440    0x14  Power_Monitor.o [1]
  .rodata                const     0x800'6454    0x14  Power_Monitor.o [1]
  .rodata                const     0x800'6468    0x14  RTC.o [1]
  .rodata                const     0x800'647c    0x14  Screen.o [1]
  .rodata                const     0x800'6490    0x14  Spi.o [1]
  .rodata                const     0x800'64a4    0x14  Uart.o [1]
  .rodata                const     0x800'64b8    0x10  ControlScreen.o [1]
  .rodata                const     0x800'64c8    0x10  DigitalIO.o [1]
  .rodata                const     0x800'64d8    0x10  RTC.o [1]
  .rodata                const     0x800'64e8    0x10  ST7735.o [1]
  .rodata                const     0x800'64f8    0x10  ST7735.o [1]
  .rodata                const     0x800'6508    0x10  system_stm32l1xx.o [1]
  .text                  ro code   0x800'6518    0x10  DigitalIO_Test.o [1]
  .text                  ro code   0x800'6528    0x10  DigitalIO_Test.o [1]
  .text                  ro code   0x800'6538    0x10  DigitalIO_Test.o [1]
  .text                  ro code   0x800'6548    0x10  I2C_Commands.o [1]
  .text                  ro code   0x800'6558     0xc  I2C_Commands.o [1]
  .text                  ro code   0x800'6564    0x10  I2C_Test.o [1]
  .text                  ro code   0x800'6574    0x10  I2C_Test.o [1]
  .text                  ro code   0x800'6584    0x10  IRremote.o [1]
  .text                  ro code   0x800'6594     0xc  IRremote.o [1]
  .text                  ro code   0x800'65a0    0x10  irSend.o [1]
  .text                  ro code   0x800'65b0    0x10  main.o [1]
  .text                  ro code   0x800'65c0    0x10  startup_stm32l151xb.o [1]
  .text                  ro code   0x800'65d0    0x10  stm32l1xx_it.o [1]
  Initializer bytes      const     0x800'65e0    0x10  <for P2-1>
  .rodata                const     0x800'65f0     0xc  main.o [1]
  .rodata                const     0x800'65fc     0xc  main.o [1]
  .rodata                const     0x800'6608     0xc  RTC.o [1]
  .rodata                const     0x800'6614     0xc  system_stm32l1xx.o [1]
  .text                  ro code   0x800'6620     0xc  cstartup_M.o [5]
  .text                  ro code   0x800'662c     0xa  DigitalIO_Test.o [1]
  .text                  ro code   0x800'6636     0xa  DigitalIO_Test.o [1]
  .text                  ro code   0x800'6640     0xa  DigitalIO_Test.o [1]
  .text                  ro code   0x800'664a     0xa  DigitalIO_Test.o [1]
  .text                  ro code   0x800'6654     0xa  DigitalIO_Test.o [1]
  .text                  ro code   0x800'665e     0xa  IRremote.o [1]
  .text                  ro code   0x800'6668     0xa  Power_Monitor.o [1]
  .text                  ro code   0x800'6672     0xa  Power_Monitor.o [1]
  .text                  ro code   0x800'667c     0xa  Power_Monitor.o [1]
  .text                  ro code   0x800'6686     0xa  Power_Monitor.o [1]
  .rodata                const     0x800'6690     0x8  I2c.o [1]
  .rodata                const     0x800'6698     0x8  system_stm32l1xx.o [1]
  .text                  ro code   0x800'66a0     0x8  I2C_Test.o [1]
  .text                  ro code   0x800'66a8     0x0  cstart_call_dtors.o [5]
  .rodata                const     0x800'66a8     0x0  zero_init3.o [5]
  .rodata                const     0x800'66a8     0x0  copy_init3.o [5]
                                 - 0x800'66a8  0x65b4

"P2", part 1 of 3:                               0x10
  P2-1                            0x2000'0000     0xd  <Init block>
    .data                inited   0x2000'0000     0x8  st7735fonts.o [1]
    .data                inited   0x2000'0008     0x4  system_stm32l1xx.o [1]
    .data                inited   0x2000'000c     0x1  Power_Monitor.o [1]
                                - 0x2000'000d     0xd

"P2", part 2 of 3:                              0x9ec
  .bss                   zero     0x2000'0010   0x23c  Power_Monitor.o [1]
  .bss                   zero     0x2000'024c   0x208  Power_Monitor.o [1]
  .bss                   zero     0x2000'0454   0x1a0  CPP_HAL.o [1]
  .bss                   zero     0x2000'05f4   0x100  InterruptManager.o [1]
  .bss                   zero     0x2000'06f4    0x4c  CPP_HAL.o [1]
  .bss                   zero     0x2000'0740    0x40  DigitalIO.o [1]
  .bss                   zero     0x2000'0780    0x34  main.o [1]
  .bss                   zero     0x2000'07b4    0x30  CPP_HAL.o [1]
  .bss                   zero     0x2000'07e4    0x30  CPP_HAL.o [1]
  .bss                   zero     0x2000'0814    0x28  CPP_HAL.o [1]
  .bss                   zero     0x2000'083c    0x28  main.o [1]
  .bss                   zero     0x2000'0864    0x28  Power_Monitor.o [1]
  .bss                   zero     0x2000'088c    0x20  main.o [1]
  .bss                   zero     0x2000'08ac    0x18  CPP_HAL.o [1]
  .bss                   zero     0x2000'08c4    0x14  CPP_HAL.o [1]
  .bss                   zero     0x2000'08d8    0x14  CPP_HAL.o [1]
  .bss                   zero     0x2000'08ec    0x10  Power_Monitor.o [1]
  .bss                   zero     0x2000'08fc     0xc  CPP_HAL.o [1]
  .bss                   zero     0x2000'0908     0xc  CPP_HAL.o [1]
  .bss                   zero     0x2000'0914     0x8  CPP_HAL.o [1]
  .bss                   zero     0x2000'091c     0x8  CPP_HAL.o [1]
  .bss                   zero     0x2000'0924     0x8  CPP_HAL.o [1]
  .bss                   zero     0x2000'092c     0x8  DigitalIO_Test.o [1]
  .bss                   zero     0x2000'0934     0x8  DigitalIO_Test.o [1]
  .bss                   zero     0x2000'093c     0x8  fat_sd_spi.o [1]
  .bss                   zero     0x2000'0944     0x8  I2C_Test.o [1]
  .bss                   zero     0x2000'094c     0x8  irSend.o [1]
  .bss                   zero     0x2000'0954     0x8  main.o [1]
  .bss                   zero     0x2000'095c     0x8  main.o [1]
  .bss                   zero     0x2000'0964     0x8  main.o [1]
  .bss                   zero     0x2000'096c     0x4  ADC.o [1]
  .bss                   zero     0x2000'0970     0x4  CPP_HAL.o [1]
  .bss                   zero     0x2000'0974     0x4  CPP_HAL.o [1]
  .bss                   zero     0x2000'0978     0x4  DigitalIO_Test.o [1]
  .bss                   zero     0x2000'097c     0x4  DigitalIO_Test.o [1]
  .bss                   zero     0x2000'0980     0x4  DigitalIO_Test.o [1]
  .bss                   zero     0x2000'0984     0x4  DigitalIO_Test.o [1]
  .bss                   zero     0x2000'0988     0x4  DigitalIO_Test.o [1]
  .bss                   zero     0x2000'098c     0x4  DigitalIO_Test.o [1]
  .bss                   zero     0x2000'0990     0x4  DigitalIO_Test.o [1]
  .bss                   zero     0x2000'0994     0x4  DigitalIO_Test.o [1]
  .bss                   zero     0x2000'0998     0x4  DigitalIO_Test.o [1]
  .bss                   zero     0x2000'099c     0x4  DigitalIO_Test.o [1]
  .bss                   zero     0x2000'09a0     0x4  DigitalIO_Test.o [1]
  .bss                   zero     0x2000'09a4     0x4  DigitalIO_Test.o [1]
  .bss                   zero     0x2000'09a8     0x4  DigitalIO_Test.o [1]
  .bss                   zero     0x2000'09ac     0x4  I2C_Commands.o [1]
  .bss                   zero     0x2000'09b0     0x4  InterruptManager.o [1]
  .bss                   zero     0x2000'09b4     0x4  IRremote.o [1]
  .bss                   zero     0x2000'09b8     0x4  main.o [1]
  .bss                   zero     0x2000'09bc     0x4  main.o [1]
  .bss                   zero     0x2000'09c0     0x4  main.o [1]
  .bss                   zero     0x2000'09c4     0x4  main.o [1]
  .bss                   zero     0x2000'09c8     0x4  main.o [1]
  .bss                   zero     0x2000'09cc     0x4  main.o [1]
  .bss                   zero     0x2000'09d0     0x4  main.o [1]
  .bss                   zero     0x2000'09d4     0x4  Power_Monitor.o [1]
  .bss                   zero     0x2000'09d8     0x4  Power_Monitor.o [1]
  .bss                   zero     0x2000'09dc     0x4  Power_Monitor.o [1]
  .bss                   zero     0x2000'09e0     0x4  Power_Monitor.o [1]
  .bss                   zero     0x2000'09e4     0x4  tinyprintf.o [1]
  .bss                   zero     0x2000'09e8     0x4  tinyprintf.o [1]
  .bss                   zero     0x2000'09ec     0x4  cppinit.o [2]
  .bss                   zero     0x2000'09f0     0x4  cppinit.o [2]
  .bss                   zero     0x2000'09f4     0x1  CPP_HAL.o [1]
  .bss                   zero     0x2000'09f5     0x1  main.o [1]
  .bss                   zero     0x2000'09f6     0x1  main.o [1]
  .bss                   zero     0x2000'09f7     0x1  main.o [1]
  .bss                   zero     0x2000'09f8     0x1  main.o [1]
  .bss                   zero     0x2000'09f9     0x1  UI.o [1]
  .bss                   zero     0x2000'09fa     0x1  UI.o [1]
  .bss                   zero     0x2000'09fb     0x1  UI.o [1]
                                - 0x2000'09fc   0x9ec

"P2", part 3 of 3:                              0x9b4
  .iar.dynexit                    0x2000'09fc   0x1b0  <Block>
    .iar.dynexit         uninit   0x2000'09fc     0xc  cppinit.o [2]
    .iar.dynexit         uninit   0x2000'0a08   0x1a4  <Block tail>
  CSTACK                          0x2000'0bb0   0x800  <Block>
    CSTACK               uninit   0x2000'0bb0   0x800  <Block tail>
                                - 0x2000'13b0   0x9b4

Unused ranges:

         From           To    Size
         ----           --    ----
   0x800'66a8   0x800'ffff  0x9958
  0x2000'13b0  0x2000'27ff  0x1450


*******************************************************************************
*** INIT TABLE
***

          Address      Size
          -------      ----
Zero (__iar_zero_init3)
    1 destination range, total size 0x9ec:
          0x2000'0010  0x9ec

Copy (__iar_copy_init3)
    1 source range, total size 0x10 (123% of destination):
           0x800'65e0   0x10
    1 destination range, total size 0xd:
          0x2000'0000    0xd

Extra (__iar_cstart_call_ctors)



*******************************************************************************
*** MODULE SUMMARY
***

    Module                 ro code  ro data  rw data
    ------                 -------  -------  -------
command line/config:
    ------------------------------------------------
    Total:

C:\Amit_Chaudhary\STM32F1xx_CPP_FW\STM32L1xx_CPP_FW - ADC\IAR\Debug\Obj: [1]
    ADC.o                      240       20        4
    CPP_HAL.o                  420        4      749
    ControlScreen.o            186       36
    DMA.o                       64
    DigitalIO.o              1'192       16       64
    DigitalIO_Test.o           504      224       68
    DisplayBuffer.o            412      576
    GpioOutput.o               482       64
    I2C_Commands.o              28       24        4
    I2C_Test.o                  40       24        8
    I2c.o                      808       68
    INA219.o                     6
    IRremote.o                  38       24        4
    InterruptHandlers.o      1'456
    InterruptManager.o         140               260
    NokiaLCD.o                  96
    Power_Monitor.o            358      261    1'165
    RTC.o                    1'268      124
    ST7735.o                 1'904      172
    Screen.o                   120       20
    Spi.o                    1'310       20
    UI.o                        48                 3
    Uart.o                     670       20
    Utils.o                    310
    fat_sd_spi.o                28        4        8
    irSend.o                    16        4        8
    main.o                   1'926      208      180
    st7735fonts.o                     4'948        8
    startup_stm32l151xb.o      260
    stm32l1xx_it.o              16
    stm32l1xx_ll_rcc.o         352
    stm32l1xx_ll_rtc.o         822
    stm32l1xx_ll_spi.o         124
    stm32l1xx_ll_usart.o       468
    stm32l1xx_ll_utils.o       100
    system_stm32l1xx.o          84       40        4
    tinyprintf.o             1'290                 8
    w25qxx.o                    58
    ------------------------------------------------
    Total:                  17'644    6'901    2'545

dl7M_tln.a: [2]
    cppinit.o                  160                20
    exit.o                       4
    low_level_init.o             4
    ------------------------------------------------
    Total:                     168                20

dlpp7M_tl_nc.a: [3]
    cxxabi.o                    10
    ------------------------------------------------
    Total:                      10

m7M_tl.a: [4]
    DblToFlt.o                 104
    FltAdd.o                   214
    FltDiv.o                   252
    FltMul.o                   216
    FltSub.o                   128
    FltToS32.o                  42
    S32ToFlt.o                  36
    ------------------------------------------------
    Total:                     992

rt7M_tl.a: [5]
    ABImemcpy.o                134
    ABImemset.o                102
    cexit.o                     14
    cmain.o                     30
    cmain_call_ctors.o          32
    copy_init3.o                46
    cstart_call_dtors.o
    cstartup_M.o                12
    data_init.o                 40
    zero_init3.o                58
    ------------------------------------------------
    Total:                     468

shb_l.a: [6]
    exit.o                      20
    unwind_debug.o                        1
    ------------------------------------------------
    Total:                      20        1

    Gaps                        29        4
    Linker created                       43    2'468
----------------------------------------------------
    Grand Total:            19'331    6'949    5'033


*******************************************************************************
*** ENTRY LIST
***

Entry                       Address    Size  Type      Object
-----                       -------    ----  ----      ------
.iar.dynexit$$Base      0x2000'09fc           --   Gb  - Linker created -
.iar.dynexit$$Limit     0x2000'0bac           --   Gb  - Linker created -
.iar.init_table$$Base    0x800'60c8           --   Gb  - Linker created -
.iar.init_table$$Limit   0x800'60f0           --   Gb  - Linker created -
?main                    0x800'6111          Code  Gb  cmain.o [5]
A11_Btn                 0x2000'092c     0x8  Data  Gb  DigitalIO_Test.o [1]
A11_BtnPolling          0x2000'0934     0x8  Data  Gb  DigitalIO_Test.o [1]
ADC1_IRQHandler          0x800'5239    0x22  Code  Gb  InterruptHandlers.o [1]
ADCCallback_t::ADCCallback_t()
                         0x800'3d05     0xc  Code  Gb  main.o [1]
ADCCallback_t::CallbackFunction()
                         0x800'5fcd    0x2c  Code  Gb  main.o [1]
ADCCallback_t::CallbackFunction()::string
                         0x800'6008    0x28  Data  Gb  main.o [1]
AHBPrescTable            0x800'6508    0x10  Data  Gb  system_stm32l1xx.o [1]
APBPrescTable            0x800'6698     0x8  Data  Gb  system_stm32l1xx.o [1]
AdcCallback             0x2000'09c4     0x4  Data  Gb  main.o [1]
B9_HwBtnInt             0x2000'08ec    0x10  Data  Gb  Power_Monitor.o [1]
BSP::BtnInt_t<(Port_t)1073873920, (unsigned short)9, (Mode_t)1, (IntEdge_t)2, (&BtnOnRiseCallbackObj), (&BtnOnFallCallbackObj)>::BtnInt_t()
                         0x800'5ca1    0x18  Code  Gb  DigitalIO_Test.o [1]
BSP::BtnInt_t<(Port_t)1073873920, (unsigned short)9, (Mode_t)1, (IntEdge_t)2, (&BtnOnRiseCallbackObj), (&BtnOnFallCallbackObj)>::CallbackFunction()
                         0x800'5f81    0x2c  Code  Gb  DigitalIO_Test.o [1]
BSP::BtnInt_t<(Port_t)1073873920, (unsigned short)9, (Mode_t)1, (IntEdge_t)2, (&BtnOnRiseCallbackObj), (&BtnOnFallCallbackObj)>::Read()
                         0x800'5fad     0xc  Code  Gb  DigitalIO_Test.o [1]
BSP::BtnPolling_t<(Port_t)1073873920, (unsigned short)2, (Mode_t)1, (unsigned char)5>::BtnPolling_t()
                         0x800'5cb9    0x1a  Code  Gb  DigitalIO_Test.o [1]
BSP::ControlScreen::AddHandler(unsigned char, void (*)(), void (*)())
                         0x800'5bc9    0x1e  Code  Gb  ControlScreen.o [1]
BSP::ControlScreen::ControlScreen(char *)
                         0x800'5b2d    0x60  Code  Gb  ControlScreen.o [1]
BSP::ControlScreen::~ControlScreen()
                         0x800'5b8d    0x2c  Code  Gb  ControlScreen.o [1]
BSP::DisplayBuffer::DisplayBuffer(char *)
                         0x800'5c01    0x14  Code  Gb  Screen.o [1]
BSP::DisplayBuffer::DisplayBuffer(char *) [subobject]
                         0x800'5bf5     0xc  Code  Gb  Screen.o [1]
BSP::DisplayBuffer::DrawBuffer(char const *, unsigned char)
                         0x800'5899    0x50  Code  Gb  DisplayBuffer.o [1]
BSP::DisplayBuffer::DrawChar(unsigned char, unsigned char, char, unsigned char)
                         0x800'57d5    0xc0  Code  Gb  DisplayBuffer.o [1]
BSP::DisplayBuffer::DrawStr(unsigned char, unsigned char, char const *, unsigned char, unsigned char)
                         0x800'592b    0x46  Code  Gb  DisplayBuffer.o [1]
BSP::DisplayBuffer::InvertRow(unsigned char)
                         0x800'58e9    0x42  Code  Gb  DisplayBuffer.o [1]
BSP::HwButton<HAL::DigitalIn<(Port_t)1073873920, (unsigned short)9, (Mode_t)2, (IntEdge_t)3, (HAL::Callback *)0>, (&ClickCb), (&LongPressCb), (&LongLongPressCb)>::HwButton()
                         0x800'5a81    0x22  Code  Gb  Power_Monitor.o [1]
BSP::INA219::INA219(unsigned char)
                         0x800'2e9d     0x4  Code  Gb  INA219.o [1]
BSP::INA219::~INA219()   0x800'2ea1     0x2  Code  Gb  INA219.o [1]
BSP::NokiaLCD::NokiaLCD(HAL::Spi *, Port_t, unsigned short, Port_t, unsigned short, Port_t, unsigned short, Port_t, unsigned short)
                         0x800'2eb1    0x60  Code  Gb  NokiaLCD.o [1]
BSP::ST7735::Deselect()
                         0x800'22d1     0xe  Code  Gb  ST7735.o [1]
BSP::ST7735::DisplayInit()
                         0x800'1721    0x86  Code  Gb  ST7735.o [1]
BSP::ST7735::ExecuteCommandList(unsigned char const *)
                         0x800'182b    0x88  Code  Gb  ST7735.o [1]
BSP::ST7735::FillRectangle(unsigned short, unsigned short, unsigned short, unsigned short, unsigned short)
                         0x800'1a4d    0xc4  Code  Gb  ST7735.o [1]
BSP::ST7735::FillScreen(unsigned short)
                         0x800'1b11    0x22  Code  Gb  ST7735.o [1]
BSP::ST7735::HwInit()    0x800'14b3    0x62  Code  Gb  ST7735.o [1]
BSP::ST7735::Reset()     0x800'22df    0x22  Code  Gb  ST7735.o [1]
BSP::ST7735::Rotate(BSP::ST7735::Rotation_t)
                         0x800'1515   0x20c  Code  Gb  ST7735.o [1]
BSP::ST7735::ST7735(BSP::ST7735::ST77xx_t, HAL::Spi *, Port_t, unsigned short, Port_t, unsigned short, Port_t, unsigned short, Port_t, unsigned short)
                         0x800'144d    0x66  Code  Gb  ST7735.o [1]
BSP::ST7735::Select()    0x800'22c3     0xe  Code  Gb  ST7735.o [1]
BSP::ST7735::SetAddressWindow(unsigned char, unsigned char, unsigned char, unsigned char)
                         0x800'18b3    0x72  Code  Gb  ST7735.o [1]
BSP::ST7735::WriteChar(unsigned short, unsigned short, char, FontDef, unsigned short, unsigned short)
                         0x800'1925    0xa4  Code  Gb  ST7735.o [1]
BSP::ST7735::WriteCommand(unsigned char)
                         0x800'17bd    0x1a  Code  Gb  ST7735.o [1]
BSP::ST7735::WriteData(unsigned char *, unsigned int)
                         0x800'17d7    0x1e  Code  Gb  ST7735.o [1]
BSP::ST7735::WriteData(unsigned char)
                         0x800'17f5    0x1a  Code  Gb  ST7735.o [1]
BSP::ST7735::WriteData(unsigned short)
                         0x800'180f    0x1c  Code  Gb  ST7735.o [1]
BSP::ST7735::WriteString(unsigned short, unsigned short, char const *, FontDef, unsigned short, unsigned short)
                         0x800'19c9    0x84  Code  Gb  ST7735.o [1]
BSP::Screen::Screen(char *)
                         0x800'5aed    0x28  Code  Gb  Screen.o [1]
BSP::Screen::Screen(char *) [subobject]
                         0x800'5ad5     0xc  Code  Gb  Screen.o [1]
BSP::Screen::~Screen()   0x800'5b19    0x14  Code  Gb  Screen.o [1]
BSP::Screen::~Screen() [subobject]
                         0x800'5ae1     0xc  Code  Gb  Screen.o [1]
BSP::UI::ActiveScreen   0x2000'09f9     0x1  Data  Gb  UI.o [1]
BSP::UI::GoToNextScreen()
                         0x800'5aa9    0x1e  Code  Gb  UI.o [1]
BSP::UI::PreviousActiveScreen
                        0x2000'09fa     0x1  Data  Gb  UI.o [1]
BSP::UI::TotalAddeedScreens
                        0x2000'09fb     0x1  Data  Gb  UI.o [1]
BSP::UI::UI(BSP::NokiaLCD *)
                         0x800'5aa5     0x4  Code  Gb  UI.o [1]
BSP::w25qxx::w25qxx(HAL::Spi *, Port_t, unsigned short)
                         0x800'3ce9    0x1c  Code  Gb  w25qxx.o [1]
Btn1                    0x2000'09a0     0x4  Data  Gb  DigitalIO_Test.o [1]
Btn2                    0x2000'09a4     0x4  Data  Gb  DigitalIO_Test.o [1]
Btn3                    0x2000'09a8     0x4  Data  Gb  DigitalIO_Test.o [1]
BtnOnFallCallback::BtnOnFallCallback()
                         0x800'5c95     0xc  Code  Gb  DigitalIO_Test.o [1]
BtnOnFallCallback::CallbackFunction()
                         0x800'6195    0x1c  Code  Gb  DigitalIO_Test.o [1]
BtnOnFallCallbackObj    0x2000'098c     0x4  Data  Gb  DigitalIO_Test.o [1]
BtnOnRiseCallback::BtnOnRiseCallback()
                         0x800'5c89     0xc  Code  Gb  DigitalIO_Test.o [1]
BtnOnRiseCallback::CallbackFunction()
                         0x800'6179    0x1c  Code  Gb  DigitalIO_Test.o [1]
BtnOnRiseCallbackObj    0x2000'0988     0x4  Data  Gb  DigitalIO_Test.o [1]
BusFault_Handler         0x800'65d7     0x2  Code  Gb  stm32l1xx_it.o [1]
ButtonCallback::ButtonCallback()
                         0x800'5c7d     0xc  Code  Gb  DigitalIO_Test.o [1]
ButtonCallback::CallbackFunction()
                         0x800'6519    0x10  Code  Gb  DigitalIO_Test.o [1]
ButtonCallbackObj       0x2000'097c     0x4  Data  Gb  DigitalIO_Test.o [1]
CCw                     0x2000'099c     0x4  Data  Gb  DigitalIO_Test.o [1]
CHANNEL_OFFSET_TAB       0x800'6690     0x8  Data  Lc  I2c.o [1]
COMP_IRQHandler          0x800'529d    0x1e  Code  Gb  InterruptHandlers.o [1]
CSTACK$$Base            0x2000'0bb0           --   Gb  - Linker created -
CSTACK$$Limit           0x2000'13b0           --   Gb  - Linker created -
ChipTemperature         0x2000'0924     0x8  Data  Gb  CPP_HAL.o [1]
ClickCallback::CallbackFunction()
                         0x800'6673     0xa  Code  Gb  Power_Monitor.o [1]
ClickCallback::ClickCallback()
                         0x800'5a5d     0xc  Code  Gb  Power_Monitor.o [1]
ClickCb                 0x2000'09d4     0x4  Data  Gb  Power_Monitor.o [1]
Cw                      0x2000'0998     0x4  Data  Gb  DigitalIO_Test.o [1]
DAC_IRQHandler           0x800'527f    0x1e  Code  Gb  InterruptHandlers.o [1]
DMA1_Channel1_IRQHandler
                         0x800'514b    0x22  Code  Gb  InterruptHandlers.o [1]
DMA1_Channel2_IRQHandler
                         0x800'516d    0x22  Code  Gb  InterruptHandlers.o [1]
DMA1_Channel3_IRQHandler
                         0x800'518f    0x22  Code  Gb  InterruptHandlers.o [1]
DMA1_Channel4_IRQHandler
                         0x800'51b1    0x22  Code  Gb  InterruptHandlers.o [1]
DMA1_Channel5_IRQHandler
                         0x800'51d3    0x22  Code  Gb  InterruptHandlers.o [1]
DMA1_Channel6_IRQHandler
                         0x800'51f5    0x22  Code  Gb  InterruptHandlers.o [1]
DMA1_Channel7_IRQHandler
                         0x800'5217    0x22  Code  Gb  InterruptHandlers.o [1]
DebugLogInstance        0x2000'0454   0x1a0  Data  Gb  CPP_HAL.o [1]
DebugMon_Handler         0x800'65dd     0x2  Code  Gb  stm32l1xx_it.o [1]
DtorRecArray            0x2000'09fc     0xc  Data  Lc  cppinit.o [2]
EXTI0_IRQHandler         0x800'50a5    0x20  Code  Gb  InterruptHandlers.o [1]
EXTI15_10_IRQHandler     0x800'54bb    0x24  Code  Gb  InterruptHandlers.o [1]
EXTI1_IRQHandler         0x800'50c5    0x20  Code  Gb  InterruptHandlers.o [1]
EXTI2_IRQHandler         0x800'50e5    0x22  Code  Gb  InterruptHandlers.o [1]
EXTI3_IRQHandler         0x800'5107    0x22  Code  Gb  InterruptHandlers.o [1]
EXTI4_IRQHandler         0x800'5129    0x22  Code  Gb  InterruptHandlers.o [1]
EXTI9_5_IRQHandler       0x800'52bb    0x1e  Code  Gb  InterruptHandlers.o [1]
FLASH_IRQHandler         0x800'5065    0x20  Code  Gb  InterruptHandlers.o [1]
HAL::Adc::Adc(ADC_TypeDef *)
                         0x800'34db     0x6  Code  Gb  ADC.o [1]
HAL::Adc::Adc(ADC_TypeDef *) [subobject]
                         0x800'3489     0xc  Code  Gb  ADC.o [1]
HAL::Adc::ISR()          0x800'3543    0x28  Code  Gb  ADC.o [1]
HAL::Adc::Read(unsigned int)
                         0x800'34ff    0x44  Code  Gb  ADC.o [1]
HAL::Adc::StartConversion()
                         0x800'34e1    0x1e  Code  Gb  ADC.o [1]
HAL::Adc::m_WDCallback  0x2000'096c     0x4  Data  Gb  ADC.o [1]
HAL::AnalogIn::AnalogIn(unsigned int)
                         0x800'3199    0x20  Code  Gb  main.o [1]
HAL::AnalogIn::Read()    0x800'5ff9     0xe  Code  Gb  main.o [1]
HAL::DMA::ClearFlag(unsigned int, unsigned int)
                         0x800'2e61    0x16  Code  Gb  DMA.o [1]
HAL::DMA::DMA(unsigned int)
                         0x800'2e51     0xa  Code  Gb  DMA.o [1]
HAL::DMA::DisableInterrupt(unsigned int, unsigned int)
                         0x800'31d1    0x2c  Code  Gb  I2c.o [1]
HAL::DMA::GetFlag(unsigned int, unsigned int)
                         0x800'2e77    0x1a  Code  Gb  DMA.o [1]
HAL::DMA::~DMA()         0x800'2e5b     0x2  Code  Gb  DMA.o [1]
HAL::DWTHwInit()         0x800'2a31    0x16  Code  Gb  CPP_HAL.o [1]
HAL::DigitalIO::DispatchCallback()
                         0x800'28db    0x36  Code  Gb  DigitalIO.o [1]
HAL::DigitalIO::Gpio_ClockEnable(Port_t)
                         0x800'2811    0x4a  Code  Gb  DigitalIO.o [1]
HAL::DigitalIO::Gpio_get_pin_IRQn(unsigned char)
                         0x800'2609    0x1a  Code  Gb  DigitalIO.o [1]
HAL::DigitalIO::RegisterCallback(unsigned short, IntEdge_t, HAL::Callback *)
                         0x800'28bb    0x20  Code  Gb  DigitalIO.o [1]
HAL::DigitalIO::SetAlternateFunction(Port_t, unsigned short, unsigned int)
                         0x800'27e3    0x2e  Code  Gb  DigitalIO.o [1]
HAL::DigitalIO::SetEXTI_Intr(unsigned short, IntEdge_t)
                         0x800'285b    0x60  Code  Gb  DigitalIO.o [1]
HAL::DigitalIO::SetInputMode(Port_t, unsigned short, Mode_t, HAL::InterruptSource *, IntEdge_t, HAL::Callback *)
                         0x800'262b    0xb0  Code  Gb  DigitalIO.o [1]
HAL::DigitalIO::SetOutputMode(Port_t, unsigned short, Mode_t, unsigned int)
                         0x800'26db   0x108  Code  Gb  DigitalIO.o [1]
HAL::DigitalIO::g_GpioCallbacks
                        0x2000'0740    0x40  Data  Gb  DigitalIO.o [1]
HAL::DigitalIO::get_LL_pin(unsigned char)
                         0x800'2623     0x8  Code  Gb  DigitalIO.o [1]
HAL::DigitalIn<(Port_t)1073872896, (unsigned short)6, (Mode_t)2, (IntEdge_t)3, (HAL::Callback *)0>::DigitalIn()
                         0x800'6595     0xc  Code  Gb  IRremote.o [1]
HAL::DigitalIn<(Port_t)1073872896, (unsigned short)6, (Mode_t)2, (IntEdge_t)3, (HAL::Callback *)0>::ISR()
                         0x800'665f     0xa  Code  Gb  IRremote.o [1]
HAL::DigitalIn<(Port_t)1073873920, (unsigned short)0, (Mode_t)2, (IntEdge_t)0, (&ButtonCallbackObj)>::DigitalIn()
                         0x800'5ced     0xc  Code  Gb  DigitalIO_Test.o [1]
HAL::DigitalIn<(Port_t)1073873920, (unsigned short)0, (Mode_t)2, (IntEdge_t)0, (&ButtonCallbackObj)>::ISR()
                         0x800'6641     0xa  Code  Gb  DigitalIO_Test.o [1]
HAL::DigitalIn<(Port_t)1073873920, (unsigned short)1, (Mode_t)2, (IntEdge_t)0, (&ButtonCallbackObj)>::DigitalIn()
                         0x800'5cf9     0xc  Code  Gb  DigitalIO_Test.o [1]
HAL::DigitalIn<(Port_t)1073873920, (unsigned short)1, (Mode_t)2, (IntEdge_t)0, (&ButtonCallbackObj)>::ISR()
                         0x800'664b     0xa  Code  Gb  DigitalIO_Test.o [1]
HAL::DigitalIn<(Port_t)1073873920, (unsigned short)2, (Mode_t)1, (IntEdge_t)3, (HAL::Callback *)0>::DigitalIn()
                         0x800'5d1d     0xc  Code  Gb  DigitalIO_Test.o [1]
HAL::DigitalIn<(Port_t)1073873920, (unsigned short)2, (Mode_t)1, (IntEdge_t)3, (HAL::Callback *)0>::ISR()
                         0x800'6637     0xa  Code  Gb  DigitalIO_Test.o [1]
HAL::DigitalIn<(Port_t)1073873920, (unsigned short)2, (Mode_t)2, (IntEdge_t)0, (&ButtonCallbackObj)>::DigitalIn()
                         0x800'5d05     0xc  Code  Gb  DigitalIO_Test.o [1]
HAL::DigitalIn<(Port_t)1073873920, (unsigned short)2, (Mode_t)2, (IntEdge_t)0, (&ButtonCallbackObj)>::ISR()
                         0x800'6655     0xa  Code  Gb  DigitalIO_Test.o [1]
HAL::DigitalIn<(Port_t)1073873920, (unsigned short)9, (Mode_t)1, (IntEdge_t)2, (HAL::Callback *)0>::DigitalIn()
                         0x800'5d11     0xc  Code  Gb  DigitalIO_Test.o [1]
HAL::DigitalIn<(Port_t)1073873920, (unsigned short)9, (Mode_t)1, (IntEdge_t)2, (HAL::Callback *)0>::ISR()
                         0x800'662d     0xa  Code  Gb  DigitalIO_Test.o [1]
HAL::DigitalIn<(Port_t)1073873920, (unsigned short)9, (Mode_t)1, (IntEdge_t)2, (HAL::Callback *)0>::Read()
                         0x800'5fb9    0x14  Code  Gb  DigitalIO_Test.o [1]
HAL::DigitalIn<(Port_t)1073873920, (unsigned short)9, (Mode_t)2, (IntEdge_t)3, (HAL::Callback *)0>::DigitalIn()
                         0x800'5be9     0xc  Code  Gb  Power_Monitor.o [1]
HAL::DigitalIn<(Port_t)1073873920, (unsigned short)9, (Mode_t)2, (IntEdge_t)3, (HAL::Callback *)0>::ISR()
                         0x800'6669     0xa  Code  Gb  Power_Monitor.o [1]
HAL::DigitalOut<(Port_t)1073873920, (unsigned short)5, (Mode_t)6, (unsigned int)2>::Toggle()
                         0x800'61e9    0x10  Code  Gb  main.o [1]
HAL::GpioOutput::GpioOutput(Port_t, unsigned short)
                         0x800'1c75     0xc  Code  Gb  GpioOutput.o [1]
HAL::GpioOutput::High()
                         0x800'2311     0xe  Code  Gb  w25qxx.o [1]
HAL::GpioOutput::HwInit(Mode_t, unsigned int)
                         0x800'1c81    0xce  Code  Gb  GpioOutput.o [1]
HAL::GpioOutput::Low()   0x800'2301    0x10  Code  Gb  w25qxx.o [1]
HAL::I2c::I2C_DMA_Rx_Callback::I2C_DMA_Rx_Callback(HAL::I2c*)
                         0x800'31b9     0xc  Code  Gb  I2c.o [1]
HAL::I2c::I2C_DMA_Rx_Callback::ISR()
                         0x800'2d8b     0xc  Code  Gb  I2c.o [1]
HAL::I2c::I2C_DMA_Rx_Done_Handler()
                         0x800'2cff    0x8c  Code  Gb  I2c.o [1]
HAL::I2c::I2C_DMA_Tx_Callback::I2C_DMA_Tx_Callback(HAL::I2c*)
                         0x800'31c5     0xc  Code  Gb  I2c.o [1]
HAL::I2c::I2C_DMA_Tx_Callback::ISR()
                         0x800'2d97    0x86  Code  Gb  I2c.o [1]
HAL::I2c::I2c(I2cPort_t)
                         0x800'2b81    0x84  Code  Gb  I2c.o [1]
HAL::I2c::ISR()          0x800'2e31    0x20  Code  Gb  I2c.o [1]
HAL::I2c::LoadNextTransaction_MASTER_DMA()
                         0x800'2ca5    0x5a  Code  Gb  I2c.o [1]
HAL::I2c::TxnDoneHandler(unsigned int)
                         0x800'2c05    0xa0  Code  Gb  I2c.o [1]
HAL::InterruptManager::RegisterDeviceInterrupt(IRQn_Type, unsigned int, HAL::InterruptSource *)
                         0x800'2af9    0x4c  Code  Gb  InterruptManager.o [1]
HAL::InterruptManager::m_InterruptSourceArray
                        0x2000'05f4   0x100  Data  Gb  InterruptManager.o [1]
HAL::InterruptManager::m_SysTick_Handler
                        0x2000'09b0     0x4  Data  Gb  InterruptManager.o [1]
HAL::PulseOut<(unsigned int)1073742848, (TimerChanel_t)49, (unsigned int)38000>::GetCCRx()
                         0x800'5e2d    0x44  Code  Gb  main.o [1]
HAL::PulseOut<(unsigned int)1073742848, (TimerChanel_t)49, (unsigned int)38000>::ISR()
                         0x800'231f     0x2  Code  Gb  main.o [1]
HAL::PulseOut<(unsigned int)1073742848, (TimerChanel_t)49, (unsigned int)38000>::PulseOut()
                         0x800'61f9    0x18  Code  Gb  main.o [1]
HAL::Rtc::Date2Str(unsigned int, char *)
                         0x800'3faf    0x56  Code  Gb  RTC.o [1]
HAL::Rtc::EnableWakeUpTimer()
                         0x800'4a99    0x10  Code  Gb  RTC.o [1]
HAL::Rtc::GetDate(char *)
                         0x800'401d    0x1a  Code  Gb  RTC.o [1]
HAL::Rtc::GetDate_WWDDMMYY()
                         0x800'4a89    0x10  Code  Gb  RTC.o [1]
HAL::Rtc::GetTime(char *)
                         0x800'4005    0x18  Code  Gb  RTC.o [1]
HAL::Rtc::GetTime_00HHMMSS()
                         0x800'4a79    0x10  Code  Gb  RTC.o [1]
HAL::Rtc::GetTimestampDate()
                         0x800'4ab9    0x10  Code  Gb  RTC.o [1]
HAL::Rtc::GetTimestampDate(char *)
                         0x800'40cf    0x1c  Code  Gb  RTC.o [1]
HAL::Rtc::GetTimestampTime()
                         0x800'4aa9    0x10  Code  Gb  RTC.o [1]
HAL::Rtc::GetTimestampTime(char *)
                         0x800'40b3    0x1c  Code  Gb  RTC.o [1]
HAL::Rtc::HwInit(LL_RTC_TimeTypeDef *, LL_RTC_DateTypeDef *)
                         0x800'3e67   0x104  Code  Gb  RTC.o [1]
HAL::Rtc::ISR()          0x800'40eb    0xa0  Code  Gb  RTC.o [1]
HAL::Rtc::Rtc()          0x800'2ea5     0xc  Code  Gb  CPP_HAL.o [1]
HAL::Rtc::SetWakeUpTimer(HAL::Rtc::WakeUpTimerRange_t, unsigned int, HAL::Callback *)
                         0x800'4037    0x7c  Code  Gb  RTC.o [1]
HAL::Rtc::Time2Str(unsigned int, char *)
                         0x800'3f6b    0x44  Code  Gb  RTC.o [1]
HAL::Spi::Disable()      0x800'240b     0xc  Code  Gb  Spi.o [1]
HAL::Spi::Enable()       0x800'2495     0xc  Code  Gb  Spi.o [1]
HAL::Spi::HwInit(bool, HAL::Spi::XferMode_t)
                         0x800'1e11   0x18e  Code  Gb  Spi.o [1]
HAL::Spi::ISR()          0x800'2281     0x2  Code  Gb  Spi.o [1]
HAL::Spi::MasterPinsHwInit(Port_t, unsigned short, Port_t, unsigned short, Port_t, unsigned short)
                         0x800'1f9f    0x66  Code  Gb  Spi.o [1]
HAL::Spi::SetBaudrate(HAL::Spi::Spi_Baudrate_t)
                         0x800'22a5    0x1e  Code  Gb  ST7735.o [1]
HAL::Spi::SetMode(unsigned char)
                         0x800'2283    0x22  Code  Gb  ST7735.o [1]
HAL::Spi::SlavePinsHwInit(Port_t, unsigned short, Port_t, unsigned short, Port_t, unsigned short, Port_t, unsigned short)
                         0x800'2005    0x9e  Code  Gb  Spi.o [1]
HAL::Spi::Spi(SpiPort_t, unsigned int)
                         0x800'1dcd    0x44  Code  Gb  Spi.o [1]
HAL::Spi::Tx(unsigned char)
                         0x800'20a3    0x60  Code  Gb  Spi.o [1]
HAL::Spi::Tx(unsigned short, HAL::Spi::XferMode_t)
                         0x800'2103    0xb4  Code  Gb  Spi.o [1]
HAL::Spi::TxPoll(unsigned char *, unsigned int, HAL::Spi::XferMode_t)
                         0x800'21b7    0xac  Code  Gb  Spi.o [1]
HAL::Uart::Disable()     0x800'329d     0xc  Code  Gb  Uart.o [1]
HAL::Uart::Enable()      0x800'347d     0xc  Code  Gb  Uart.o [1]
HAL::Uart::HwInit(unsigned int, unsigned int, unsigned int)
                         0x800'2faf   0x168  Code  Gb  Uart.o [1]
HAL::Uart::ISR()         0x800'3195     0x2  Code  Gb  Uart.o [1]
HAL::Uart::PinsHwInit(Port_t, unsigned short, Port_t, unsigned short)
                         0x800'2f61    0x4e  Code  Gb  Uart.o [1]
HAL::Uart::TxPoll(unsigned char)
                         0x800'3117    0x50  Code  Gb  Uart.o [1]
HAL::Uart::Uart(UartPort_t, unsigned int)
                         0x800'2f55     0xc  Code  Gb  Uart.o [1]
HAL::WaitOnFlag(unsigned int volatile *, unsigned int, unsigned int, unsigned int)
                         0x800'2a47    0x26  Code  Gb  CPP_HAL.o [1]
HardFault_Handler        0x800'65d3     0x2  Code  Gb  stm32l1xx_it.o [1]
HomeScreen              0x2000'024c   0x208  Data  Gb  Power_Monitor.o [1]
HwButton_ClickEvent()    0x800'59fd     0x8  Code  Gb  Power_Monitor.o [1]
HwButton_LongLongPressEvent()
                         0x800'5a0d     0x8  Code  Gb  Power_Monitor.o [1]
HwButton_LongPressEvent()
                         0x800'5a05     0x8  Code  Gb  Power_Monitor.o [1]
I2C1_ER_IRQHandler       0x800'53ab    0x22  Code  Gb  InterruptHandlers.o [1]
I2C1_EV_IRQHandler       0x800'538d    0x1e  Code  Gb  InterruptHandlers.o [1]
I2C2_ER_IRQHandler       0x800'53ef    0x22  Code  Gb  InterruptHandlers.o [1]
I2C2_EV_IRQHandler       0x800'53cd    0x22  Code  Gb  InterruptHandlers.o [1]
I2CCallback             0x2000'0944     0x8  Data  Gb  I2C_Test.o [1]
I2CCallback_t::CallbackFunction()
                         0x800'66a1     0x8  Code  Gb  I2C_Test.o [1]
I2CCallback_t::I2CCallback_t()
                         0x800'6575    0x10  Code  Gb  I2C_Test.o [1]
I2C_CmdSvr_Callback     0x2000'09ac     0x4  Data  Gb  I2C_Commands.o [1]
I2C_CmdSvr_Callback_t::I2C_CmdSvr_Callback_t()
                         0x800'6559     0xc  Code  Gb  I2C_Commands.o [1]
INA219_Dev              0x2000'08ac    0x18  Data  Gb  CPP_HAL.o [1]
IR_OUT                  0x2000'094c     0x8  Data  Lc  irSend.o [1]
InterruptManagerInstance
                        0x2000'09f4     0x1  Data  Gb  CPP_HAL.o [1]
IntrCount               0x2000'0978     0x4  Data  Gb  DigitalIO_Test.o [1]
IrReadPin               0x2000'09b4     0x4  Data  Gb  IRremote.o [1]
LED                     0x2000'0914     0x8  Data  Gb  CPP_HAL.o [1]
LL_Init1msTick           0x800'2339    0x10  Code  Gb  stm32l1xx_ll_utils.o [1]
LL_RCC_GetSystemClocksFreq
                         0x800'35c9    0x24  Code  Gb  stm32l1xx_ll_rcc.o [1]
LL_RTC_DATE_Init         0x800'4943    0xcc  Code  Gb  stm32l1xx_ll_rtc.o [1]
LL_RTC_EnterInitMode     0x800'4a21    0x56  Code  Gb  stm32l1xx_ll_rtc.o [1]
LL_RTC_Init              0x800'4827    0x46  Code  Gb  stm32l1xx_ll_rtc.o [1]
LL_RTC_TIME_Init         0x800'486d    0xd6  Code  Gb  stm32l1xx_ll_rtc.o [1]
LL_SPI_Init              0x800'242b    0x66  Code  Gb  stm32l1xx_ll_spi.o [1]
LL_SetSystemCoreClock    0x800'236f     0x6  Code  Gb  stm32l1xx_ll_utils.o [1]
LL_USART_Init            0x800'33e1    0x88  Code  Gb  stm32l1xx_ll_usart.o [1]
LL_mDelay                0x800'2349    0x26  Code  Gb  stm32l1xx_ll_utils.o [1]
LongLongPressCallback::CallbackFunction()
                         0x800'6687     0xa  Code  Gb  Power_Monitor.o [1]
LongLongPressCallback::LongLongPressCallback()
                         0x800'5a75     0xc  Code  Gb  Power_Monitor.o [1]
LongLongPressCb         0x2000'09dc     0x4  Data  Gb  Power_Monitor.o [1]
LongPressCallback::CallbackFunction()
                         0x800'667d     0xa  Code  Gb  Power_Monitor.o [1]
LongPressCallback::LongPressCallback()
                         0x800'5a69     0xc  Code  Gb  Power_Monitor.o [1]
LongPressCb             0x2000'09d8     0x4  Data  Gb  Power_Monitor.o [1]
MemManage_Handler        0x800'65d5     0x2  Code  Gb  stm32l1xx_it.o [1]
Menu                    0x2000'0010   0x23c  Data  Gb  Power_Monitor.o [1]
MyUI                    0x2000'09e0     0x4  Data  Gb  Power_Monitor.o [1]
NMI_Handler              0x800'65d1     0x2  Code  Gb  stm32l1xx_it.o [1]
NokiaLCDObj             0x2000'0814    0x28  Data  Gb  CPP_HAL.o [1]
NokiaLCDObj1            0x2000'0864    0x28  Data  Lc  Power_Monitor.o [1]
OnCCwCallback::CallbackFunction()
                         0x800'6539    0x10  Code  Gb  DigitalIO_Test.o [1]
OnCCwCallback::OnCCwCallback()
                         0x800'5ce1     0xc  Code  Gb  DigitalIO_Test.o [1]
OnCCwCallbackObj        0x2000'0994     0x4  Data  Gb  DigitalIO_Test.o [1]
OnCwCallback::CallbackFunction()
                         0x800'6529    0x10  Code  Gb  DigitalIO_Test.o [1]
OnCwCallback::OnCwCallback()
                         0x800'5cd5     0xc  Code  Gb  DigitalIO_Test.o [1]
OnCwCallbackObj         0x2000'0990     0x4  Data  Gb  DigitalIO_Test.o [1]
OnFallCount             0x2000'0984     0x4  Data  Gb  DigitalIO_Test.o [1]
OnRiseCount             0x2000'0980     0x4  Data  Gb  DigitalIO_Test.o [1]
PLLMulTable              0x800'6614     0xc  Data  Gb  system_stm32l1xx.o [1]
PVD_IRQHandler           0x800'5005    0x20  Code  Gb  InterruptHandlers.o [1]
PendSV_Handler           0x800'65df     0x2  Code  Gb  stm32l1xx_it.o [1]
RCC_GetHCLKClockFreq(unsigned int)
                         0x800'363f    0x16  Code  Gb  stm32l1xx_ll_rcc.o [1]
RCC_GetPCLK1ClockFreq(unsigned int)
                         0x800'3655    0x14  Code  Gb  stm32l1xx_ll_rcc.o [1]
RCC_GetPCLK2ClockFreq(unsigned int)
                         0x800'3669    0x14  Code  Gb  stm32l1xx_ll_rcc.o [1]
RCC_GetSystemClockFreq()
                         0x800'35ed    0x52  Code  Gb  stm32l1xx_ll_rcc.o [1]
RCC_IRQHandler           0x800'5085    0x20  Code  Gb  InterruptHandlers.o [1]
RCC_PLL_GetFreqDomain_SYS()
                         0x800'367d    0x3c  Code  Gb  stm32l1xx_ll_rcc.o [1]
RTCSecCallback::CallbackFunction()
                         0x800'5f25    0x30  Code  Gb  main.o [1]
RTCSecCallback::RTCSecCallback()
                         0x800'3cd1     0xc  Code  Gb  main.o [1]
RTCSecCallbackObj       0x2000'09bc     0x4  Data  Gb  main.o [1]
RTCTimestampCallback::CallbackFunction()
                         0x800'6031    0x28  Code  Gb  main.o [1]
RTCTimestampCallback::RTCTimestampCallback()
                         0x800'3cdd     0xc  Code  Gb  main.o [1]
RTCTimestampCallbackObj
                        0x2000'09c0     0x4  Data  Gb  main.o [1]
RTC_Alarm_IRQHandler     0x800'54df    0x24  Code  Gb  InterruptHandlers.o [1]
RTC_WKUP_IRQHandler      0x800'5045    0x20  Code  Gb  InterruptHandlers.o [1]
Region$$Table$$Base      0x800'60c8           --   Gb  - Linker created -
Region$$Table$$Limit     0x800'60f0           --   Gb  - Linker created -
RtcSecCount             0x2000'09b8     0x4  Data  Lc  main.o [1]
Rtc_test()               0x800'38ff   0x174  Code  Gb  main.o [1]
Rtc_test()::InitDone    0x2000'09f5     0x1  Data  Lc  main.o [1]
SD_CS                   0x2000'093c     0x8  Data  Gb  fat_sd_spi.o [1]
SHT$$INIT_ARRAY$$Base    0x800'60a4           --   Gb  - Linker created -
SHT$$INIT_ARRAY$$Limit   0x800'60c8           --   Gb  - Linker created -
SHT$$PREINIT_ARRAY$$Base
                         0x800'60a4           --   Gb  - Linker created -
SHT$$PREINIT_ARRAY$$Limit
                         0x800'60a4           --   Gb  - Linker created -
SPI1_IRQHandler          0x800'5411    0x22  Code  Gb  InterruptHandlers.o [1]
SPI2_IRQHandler          0x800'5433    0x22  Code  Gb  InterruptHandlers.o [1]
SVC_Handler              0x800'65db     0x2  Code  Gb  stm32l1xx_it.o [1]
SetSystickTimerInterrupt()
                         0x800'3c6d    0x2e  Code  Gb  main.o [1]
SetSystickTimerInterrupt()::SysTimerObj
                        0x2000'09d0     0x4  Data  Lc  main.o [1]
SetSystickTimerInterrupt()::static guard for SysTimerObj
                        0x2000'09f8     0x1  Data  Lc  main.o [1]
SysTick_Handler          0x800'556f    0x16  Code  Gb  InterruptHandlers.o [1]
SysTimerCallback::ISR()
                         0x800'65b1    0x10  Code  Gb  main.o [1]
SysTimerCallback::SysTimerCallback()
                         0x800'46cd     0xc  Code  Gb  main.o [1]
SystemClock_Config()     0x800'3bbd    0xb0  Code  Gb  main.o [1]
SystemCoreClock         0x2000'0008     0x4  Data  Gb  system_stm32l1xx.o [1]
SystemInit               0x800'5dd9    0x3c  Code  Gb  system_stm32l1xx.o [1]
SystickTimerTicks       0x2000'0970     0x4  Data  Gb  CPP_HAL.o [1]
TAMPER_STAMP_IRQHandler
                         0x800'5025    0x20  Code  Gb  InterruptHandlers.o [1]
TFT_135_240             0x2000'07b4    0x30  Data  Gb  CPP_HAL.o [1]
TFT_240_240             0x2000'07e4    0x30  Data  Gb  CPP_HAL.o [1]
TIM10_IRQHandler         0x800'52f7    0x1e  Code  Gb  InterruptHandlers.o [1]
TIM11_IRQHandler         0x800'5315    0x1e  Code  Gb  InterruptHandlers.o [1]
TIM2_IRQHandler          0x800'5333    0x1e  Code  Gb  InterruptHandlers.o [1]
TIM3_IRQHandler          0x800'5351    0x1e  Code  Gb  InterruptHandlers.o [1]
TIM4_IRQHandler          0x800'536f    0x1e  Code  Gb  InterruptHandlers.o [1]
TIM6_IRQHandler          0x800'5527    0x24  Code  Gb  InterruptHandlers.o [1]
TIM7_IRQHandler          0x800'554b    0x24  Code  Gb  InterruptHandlers.o [1]
TIM9_IRQHandler          0x800'52d9    0x1e  Code  Gb  InterruptHandlers.o [1]
TglPin                  0x2000'09f7     0x1  Data  Gb  main.o [1]
Tim4_Count              0x2000'09c8     0x4  Data  Gb  main.o [1]
TimerCallback::CallbackFunction()
                         0x800'61cd    0x1c  Code  Gb  main.o [1]
TimerCallback::TimerCallback()
                         0x800'3d11     0xc  Code  Gb  main.o [1]
TimerCb                 0x2000'09cc     0x4  Data  Gb  main.o [1]
USART1_IRQHandler        0x800'5455    0x22  Code  Gb  InterruptHandlers.o [1]
USART2_IRQHandler        0x800'5477    0x22  Code  Gb  InterruptHandlers.o [1]
USART3_IRQHandler        0x800'5499    0x22  Code  Gb  InterruptHandlers.o [1]
USB_FS_WKUP_IRQHandler   0x800'5503    0x24  Code  Gb  InterruptHandlers.o [1]
USB_HP_IRQHandler        0x800'525b    0x22  Code  Gb  InterruptHandlers.o [1]
USB_LP_IRQHandler        0x800'527d     0x2  Code  Gb  InterruptHandlers.o [1]
UsageFault_Handler       0x800'65d9     0x2  Code  Gb  stm32l1xx_it.o [1]
Utils::DebugLog<unsigned int, (unsigned int)5, (unsigned int)7, (unsigned int)20, (unsigned int)100>::DebugLog()
                         0x800'2b59    0x14  Code  Gb  CPP_HAL.o [1]
Virtual function table for ADCCallback_t
                         0x800'63c8    0x14  Data  Gb  main.o [1]
Virtual function table for BSP::BtnInt_t<(Port_t)1073873920, (unsigned short)9, (Mode_t)1, (IntEdge_t)2, (&BtnOnRiseCallbackObj), (&BtnOnFallCallbackObj)>
                         0x800'62b0    0x14  Data  Gb  DigitalIO_Test.o [1]
Virtual function table for BSP::ControlScreen
                         0x800'6224    0x14  Data  Gb  ControlScreen.o [1]
Virtual function table for BSP::Screen
                         0x800'647c    0x14  Data  Gb  Screen.o [1]
Virtual function table for BtnOnFallCallback
                         0x800'6260    0x14  Data  Gb  DigitalIO_Test.o [1]
Virtual function table for BtnOnRiseCallback
                         0x800'624c    0x14  Data  Gb  DigitalIO_Test.o [1]
Virtual function table for ButtonCallback
                         0x800'6238    0x14  Data  Gb  DigitalIO_Test.o [1]
Virtual function table for ClickCallback
                         0x800'6418    0x14  Data  Gb  Power_Monitor.o [1]
Virtual function table for HAL::Adc
                         0x800'6210    0x14  Data  Gb  ADC.o [1]
Virtual function table for HAL::AnalogIn
                         0x800'63b4    0x14  Data  Gb  main.o [1]
Virtual function table for HAL::DigitalIn<(Port_t)1073872896, (unsigned short)6, (Mode_t)2, (IntEdge_t)3, (HAL::Callback *)0>
                         0x800'6378    0x14  Data  Gb  IRremote.o [1]
Virtual function table for HAL::DigitalIn<(Port_t)1073873920, (unsigned short)0, (Mode_t)2, (IntEdge_t)0, (&ButtonCallbackObj)>
                         0x800'62d8    0x14  Data  Gb  DigitalIO_Test.o [1]
Virtual function table for HAL::DigitalIn<(Port_t)1073873920, (unsigned short)1, (Mode_t)2, (IntEdge_t)0, (&ButtonCallbackObj)>
                         0x800'62ec    0x14  Data  Gb  DigitalIO_Test.o [1]
Virtual function table for HAL::DigitalIn<(Port_t)1073873920, (unsigned short)2, (Mode_t)1, (IntEdge_t)3, (HAL::Callback *)0>
                         0x800'62c4    0x14  Data  Gb  DigitalIO_Test.o [1]
Virtual function table for HAL::DigitalIn<(Port_t)1073873920, (unsigned short)2, (Mode_t)2, (IntEdge_t)0, (&ButtonCallbackObj)>
                         0x800'6300    0x14  Data  Gb  DigitalIO_Test.o [1]
Virtual function table for HAL::DigitalIn<(Port_t)1073873920, (unsigned short)9, (Mode_t)1, (IntEdge_t)2, (HAL::Callback *)0>
                         0x800'629c    0x14  Data  Gb  DigitalIO_Test.o [1]
Virtual function table for HAL::DigitalIn<(Port_t)1073873920, (unsigned short)9, (Mode_t)2, (IntEdge_t)3, (HAL::Callback *)0>
                         0x800'6454    0x14  Data  Gb  Power_Monitor.o [1]
Virtual function table for HAL::I2c
                         0x800'633c    0x14  Data  Gb  I2c.o [1]
Virtual function table for HAL::I2c::I2C_DMA_Rx_Callback
                         0x800'6314    0x14  Data  Gb  I2c.o [1]
Virtual function table for HAL::I2c::I2C_DMA_Tx_Callback
                         0x800'6328    0x14  Data  Gb  I2c.o [1]
Virtual function table for HAL::PulseOut<(unsigned int)1073742848, (TimerChanel_t)49, (unsigned int)38000>
                         0x800'63f0    0x14  Data  Gb  main.o [1]
Virtual function table for HAL::Rtc
                         0x800'6468    0x14  Data  Gb  RTC.o [1]
Virtual function table for HAL::Spi
                         0x800'6490    0x14  Data  Gb  Spi.o [1]
Virtual function table for HAL::Uart
                         0x800'64a4    0x14  Data  Gb  Uart.o [1]
Virtual function table for I2CCallback_t
                         0x800'6364    0x14  Data  Gb  I2C_Test.o [1]
Virtual function table for I2C_CmdSvr_Callback_t
                         0x800'6350    0x14  Data  Gb  I2C_Commands.o [1]
Virtual function table for LongLongPressCallback
                         0x800'6440    0x14  Data  Gb  Power_Monitor.o [1]
Virtual function table for LongPressCallback
                         0x800'642c    0x14  Data  Gb  Power_Monitor.o [1]
Virtual function table for OnCCwCallback
                         0x800'6288    0x14  Data  Gb  DigitalIO_Test.o [1]
Virtual function table for OnCwCallback
                         0x800'6274    0x14  Data  Gb  DigitalIO_Test.o [1]
Virtual function table for RTCSecCallback
                         0x800'638c    0x14  Data  Gb  main.o [1]
Virtual function table for RTCTimestampCallback
                         0x800'63a0    0x14  Data  Gb  main.o [1]
Virtual function table for SysTimerCallback
                         0x800'6404    0x14  Data  Gb  main.o [1]
Virtual function table for TimerCallback
                         0x800'63dc    0x14  Data  Gb  main.o [1]
WWDG_IRQHandler          0x800'4fe5    0x20  Code  Gb  InterruptHandlers.o [1]
[local to ADC_cpp]::LL_ADC_REG_ReadConversionData12(ADC_TypeDef *)
                         0x800'34d5     0x6  Code  Lc  ADC.o [1]
[local to ADC_cpp]::LL_ADC_REG_SetSequencerRanks(ADC_TypeDef *, unsigned int, unsigned int)
                         0x800'3495    0x36  Code  Lc  ADC.o [1]
[local to ADC_cpp]::LL_ADC_REG_StartConversionSWStart(ADC_TypeDef *)
                         0x800'34cb     0xa  Code  Lc  ADC.o [1]
[local to DigitalIO_cpp]::LL_AHB1_GRP1_EnableClock(unsigned int)
                         0x800'24a1    0x18  Code  Lc  DigitalIO.o [1]
[local to DigitalIO_cpp]::LL_EXTI_ClearFlag_0_31(unsigned int)
                         0x800'2501     0x8  Code  Lc  DigitalIO.o [1]
[local to DigitalIO_cpp]::LL_EXTI_DisableEvent_0_31(unsigned int)
                         0x800'24c5     0xc  Code  Lc  DigitalIO.o [1]
[local to DigitalIO_cpp]::LL_EXTI_DisableFallingTrig_0_31(unsigned int)
                         0x800'24f5     0xc  Code  Lc  DigitalIO.o [1]
[local to DigitalIO_cpp]::LL_EXTI_DisableRisingTrig_0_31(unsigned int)
                         0x800'24dd     0xc  Code  Lc  DigitalIO.o [1]
[local to DigitalIO_cpp]::LL_EXTI_EnableFallingTrig_0_31(unsigned int)
                         0x800'24e9     0xc  Code  Lc  DigitalIO.o [1]
[local to DigitalIO_cpp]::LL_EXTI_EnableIT_0_31(unsigned int)
                         0x800'24b9     0xc  Code  Lc  DigitalIO.o [1]
[local to DigitalIO_cpp]::LL_EXTI_EnableRisingTrig_0_31(unsigned int)
                         0x800'24d1     0xc  Code  Lc  DigitalIO.o [1]
[local to DigitalIO_cpp]::LL_GPIO_SetAFPin_0_7(GPIO_TypeDef *, unsigned int, unsigned int)
                         0x800'25a5    0x2e  Code  Lc  DigitalIO.o [1]
[local to DigitalIO_cpp]::LL_GPIO_SetAFPin_8_15(GPIO_TypeDef *, unsigned int, unsigned int)
                         0x800'25d3    0x36  Code  Lc  DigitalIO.o [1]
[local to DigitalIO_cpp]::LL_GPIO_SetPinMode(GPIO_TypeDef *, unsigned int, unsigned int)
                         0x800'2509    0x2e  Code  Lc  DigitalIO.o [1]
[local to DigitalIO_cpp]::LL_GPIO_SetPinOutputType(GPIO_TypeDef *, unsigned int, unsigned int)
                         0x800'2537    0x12  Code  Lc  DigitalIO.o [1]
[local to DigitalIO_cpp]::LL_GPIO_SetPinPull(GPIO_TypeDef *, unsigned int, unsigned int)
                         0x800'2577    0x2e  Code  Lc  DigitalIO.o [1]
[local to DigitalIO_cpp]::LL_GPIO_SetPinSpeed(GPIO_TypeDef *, unsigned int, unsigned int)
                         0x800'2549    0x2e  Code  Lc  DigitalIO.o [1]
[local to DisplayBuffer_cpp]::BSP::ASCII1
                         0x800'5594   0x240  Data  Lc  DisplayBuffer.o [1]
[local to GpioOutput_cpp]::Gpio_ClockEnable(Port_t)
                         0x800'1c0d    0x4a  Code  Lc  GpioOutput.o [1]
[local to GpioOutput_cpp]::LL_AHB1_GRP1_EnableClock(unsigned int)
                         0x800'1b6d    0x16  Code  Lc  GpioOutput.o [1]
[local to GpioOutput_cpp]::LL_GPIO_SetPinMode(GPIO_TypeDef *, unsigned int, unsigned int)
                         0x800'1b83    0x2e  Code  Lc  GpioOutput.o [1]
[local to GpioOutput_cpp]::LL_GPIO_SetPinOutputType(GPIO_TypeDef *, unsigned int, unsigned int)
                         0x800'1bb1    0x12  Code  Lc  GpioOutput.o [1]
[local to GpioOutput_cpp]::LL_GPIO_SetPinSpeed(GPIO_TypeDef *, unsigned int, unsigned int)
                         0x800'1bc3    0x2e  Code  Lc  GpioOutput.o [1]
[local to GpioOutput_cpp]::get_LL_pin(unsigned char)
                         0x800'1bf1    0x1c  Code  Lc  GpioOutput.o [1]
[local to I2c_cpp]::LL_DMA_GetMode(DMA_TypeDef *, unsigned int)
                         0x800'2b6d    0x14  Code  Lc  I2c.o [1]
[local to InterruptManager_cpp]::__NVIC_SetPriority(IRQn_Type, unsigned int)
                         0x800'2acd    0x2c  Code  Lc  InterruptManager.o [1]
[local to RTC_cpp]::LL_EXTI_ClearFlag_0_31(unsigned int)
                         0x800'3d43     0x8  Code  Lc  RTC.o [1]
[local to RTC_cpp]::LL_EXTI_EnableIT_0_31(unsigned int)
                         0x800'3d2b     0xc  Code  Lc  RTC.o [1]
[local to RTC_cpp]::LL_EXTI_EnableRisingTrig_0_31(unsigned int)
                         0x800'3d37     0xc  Code  Lc  RTC.o [1]
[local to RTC_cpp]::LL_RCC_EnableRTC()
                         0x800'3d1d     0xe  Code  Lc  RTC.o [1]
[local to RTC_cpp]::LL_RTC_BAK_GetRegister(RTC_TypeDef *, unsigned int)
                         0x800'3e11    0x10  Code  Lc  RTC.o [1]
[local to RTC_cpp]::LL_RTC_BAK_SetRegister(RTC_TypeDef *, unsigned int, unsigned int)
                         0x800'3dff    0x12  Code  Lc  RTC.o [1]
[local to RTC_cpp]::LL_RTC_ClearFlag_ALRA(RTC_TypeDef *)
                         0x800'3e59     0xe  Code  Lc  RTC.o [1]
[local to RTC_cpp]::LL_RTC_ClearFlag_ALRB(RTC_TypeDef *)
                         0x800'3e4b     0xe  Code  Lc  RTC.o [1]
[local to RTC_cpp]::LL_RTC_ClearFlag_TS(RTC_TypeDef *)
                         0x800'3e2f     0xe  Code  Lc  RTC.o [1]
[local to RTC_cpp]::LL_RTC_ClearFlag_TSOV(RTC_TypeDef *)
                         0x800'3e21     0xe  Code  Lc  RTC.o [1]
[local to RTC_cpp]::LL_RTC_ClearFlag_WUT(RTC_TypeDef *)
                         0x800'3e3d     0xe  Code  Lc  RTC.o [1]
[local to RTC_cpp]::LL_RTC_DATE_Get(RTC_TypeDef *)
                         0x800'3d89    0x40  Code  Lc  RTC.o [1]
[local to RTC_cpp]::LL_RTC_DisableWriteProtection(RTC_TypeDef *)
                         0x800'3d51     0xa  Code  Lc  RTC.o [1]
[local to RTC_cpp]::LL_RTC_EnableWriteProtection(RTC_TypeDef *)
                         0x800'3d4b     0x6  Code  Lc  RTC.o [1]
[local to RTC_cpp]::LL_RTC_TIME_Get(RTC_TypeDef *)
                         0x800'3d5b    0x2e  Code  Lc  RTC.o [1]
[local to RTC_cpp]::LL_RTC_TS_GetDate(RTC_TypeDef *)
                         0x800'3dd3     0xa  Code  Lc  RTC.o [1]
[local to RTC_cpp]::LL_RTC_TS_GetTime(RTC_TypeDef *)
                         0x800'3dc9     0xa  Code  Lc  RTC.o [1]
[local to RTC_cpp]::LL_RTC_WAKEUP_Disable(RTC_TypeDef *)
                         0x800'3ddd     0xa  Code  Lc  RTC.o [1]
[local to RTC_cpp]::LL_RTC_WAKEUP_SetAutoReload(RTC_TypeDef *, unsigned int)
                         0x800'3df3     0xc  Code  Lc  RTC.o [1]
[local to RTC_cpp]::LL_RTC_WAKEUP_SetClock(RTC_TypeDef *, unsigned int)
                         0x800'3de7     0xc  Code  Lc  RTC.o [1]
[local to ST7735_cpp]::LL_SPI_SetBaudRatePrescaler(SPI_TypeDef *, unsigned int)
                         0x800'1441     0xc  Code  Lc  ST7735.o [1]
[local to Spi_cpp]::LL_APB1_GRP1_EnableClock(unsigned int)
                         0x800'1d7d    0x18  Code  Lc  Spi.o [1]
[local to Spi_cpp]::LL_APB2_GRP1_EnableClock(unsigned int)
                         0x800'1d95    0x18  Code  Lc  Spi.o [1]
[local to Spi_cpp]::LL_SPI_Disable(SPI_TypeDef *)
                         0x800'1db7     0xa  Code  Lc  Spi.o [1]
[local to Spi_cpp]::LL_SPI_Enable(SPI_TypeDef *)
                         0x800'1dad     0xa  Code  Lc  Spi.o [1]
[local to Spi_cpp]::LL_SPI_SetDataWidth(SPI_TypeDef *, unsigned int)
                         0x800'1dc1     0xc  Code  Lc  Spi.o [1]
[local to Uart_cpp]::LL_APB1_GRP1_EnableClock(unsigned int)
                         0x800'2f11    0x18  Code  Lc  Uart.o [1]
[local to Uart_cpp]::LL_APB2_GRP1_EnableClock(unsigned int)
                         0x800'2f29    0x18  Code  Lc  Uart.o [1]
[local to Uart_cpp]::LL_USART_Disable(USART_TypeDef *)
                         0x800'2f4b     0xa  Code  Lc  Uart.o [1]
[local to Uart_cpp]::LL_USART_Enable(USART_TypeDef *)
                         0x800'2f41     0xa  Code  Lc  Uart.o [1]
[local to main_cpp]::LL_APB1_GRP1_EnableClock(unsigned int)
                         0x800'3867    0x18  Code  Lc  main.o [1]
[local to main_cpp]::LL_APB2_GRP1_EnableClock(unsigned int)
                         0x800'387f    0x18  Code  Lc  main.o [1]
[local to main_cpp]::LL_FLASH_Enable64bitAccess()
                         0x800'38b3     0xe  Code  Lc  main.o [1]
[local to main_cpp]::LL_FLASH_GetLatency()
                         0x800'38a7     0xc  Code  Lc  main.o [1]
[local to main_cpp]::LL_FLASH_SetLatency(unsigned int)
                         0x800'3897    0x10  Code  Lc  main.o [1]
[local to main_cpp]::LL_PWR_EnableBkUpAccess()
                         0x800'38f1     0xe  Code  Lc  main.o [1]
[local to main_cpp]::LL_PWR_SetRegulVoltageScaling(unsigned int)
                         0x800'38e1    0x10  Code  Lc  main.o [1]
[local to main_cpp]::LL_RCC_EnableRTC()
                         0x800'3809     0xe  Code  Lc  main.o [1]
[local to main_cpp]::LL_RCC_ForceBackupDomainReset()
                         0x800'3817     0xe  Code  Lc  main.o [1]
[local to main_cpp]::LL_RCC_GetSysClkSource()
                         0x800'37bd     0xc  Code  Lc  main.o [1]
[local to main_cpp]::LL_RCC_HSE_Enable()
                         0x800'3755     0xe  Code  Lc  main.o [1]
[local to main_cpp]::LL_RCC_HSE_IsReady()
                         0x800'3763     0xe  Code  Lc  main.o [1]
[local to main_cpp]::LL_RCC_HSI_Enable()
                         0x800'3771     0xe  Code  Lc  main.o [1]
[local to main_cpp]::LL_RCC_HSI_SetCalibTrimming(unsigned int)
                         0x800'377f    0x12  Code  Lc  main.o [1]
[local to main_cpp]::LL_RCC_LSI_Enable()
                         0x800'3791     0xe  Code  Lc  main.o [1]
[local to main_cpp]::LL_RCC_LSI_IsReady()
                         0x800'379f     0xe  Code  Lc  main.o [1]
[local to main_cpp]::LL_RCC_PLL_ConfigDomain_SYS(unsigned int, unsigned int, unsigned int)
                         0x800'384f    0x18  Code  Lc  main.o [1]
[local to main_cpp]::LL_RCC_PLL_Enable()
                         0x800'3833     0xe  Code  Lc  main.o [1]
[local to main_cpp]::LL_RCC_PLL_IsReady()
                         0x800'3841     0xe  Code  Lc  main.o [1]
[local to main_cpp]::LL_RCC_ReleaseBackupDomainReset()
                         0x800'3825     0xe  Code  Lc  main.o [1]
[local to main_cpp]::LL_RCC_SetAHBPrescaler(unsigned int)
                         0x800'37c9    0x10  Code  Lc  main.o [1]
[local to main_cpp]::LL_RCC_SetAPB1Prescaler(unsigned int)
                         0x800'37d9    0x10  Code  Lc  main.o [1]
[local to main_cpp]::LL_RCC_SetAPB2Prescaler(unsigned int)
                         0x800'37e9    0x10  Code  Lc  main.o [1]
[local to main_cpp]::LL_RCC_SetRTCClockSource(unsigned int)
                         0x800'37f9    0x10  Code  Lc  main.o [1]
[local to main_cpp]::LL_RCC_SetSysClkSource(unsigned int)
                         0x800'37ad    0x10  Code  Lc  main.o [1]
[local to main_cpp]::LL_SYSTICK_SetClkSource(unsigned int)
                         0x800'38c1    0x20  Code  Lc  main.o [1]
[local to main_cpp]::__NVIC_SetPriorityGrouping(unsigned int)
                         0x800'3733    0x22  Code  Lc  main.o [1]
[local to stm32l1xx_ll_rcc_c]::LL_RCC_GetAHBPrescaler()
                         0x800'358d     0xa  Code  Lc  stm32l1xx_ll_rcc.o [1]
[local to stm32l1xx_ll_rcc_c]::LL_RCC_GetAPB1Prescaler()
                         0x800'3597     0xa  Code  Lc  stm32l1xx_ll_rcc.o [1]
[local to stm32l1xx_ll_rcc_c]::LL_RCC_GetAPB2Prescaler()
                         0x800'35a1     0xa  Code  Lc  stm32l1xx_ll_rcc.o [1]
[local to stm32l1xx_ll_rcc_c]::LL_RCC_GetSysClkSource()
                         0x800'3583     0xa  Code  Lc  stm32l1xx_ll_rcc.o [1]
[local to stm32l1xx_ll_rcc_c]::LL_RCC_MSI_GetRange()
                         0x800'3579     0xa  Code  Lc  stm32l1xx_ll_rcc.o [1]
[local to stm32l1xx_ll_rcc_c]::LL_RCC_PLL_GetDivider()
                         0x800'35bf     0xa  Code  Lc  stm32l1xx_ll_rcc.o [1]
[local to stm32l1xx_ll_rcc_c]::LL_RCC_PLL_GetMainSource()
                         0x800'35ab     0xa  Code  Lc  stm32l1xx_ll_rcc.o [1]
[local to stm32l1xx_ll_rcc_c]::LL_RCC_PLL_GetMultiplicator()
                         0x800'35b5     0xa  Code  Lc  stm32l1xx_ll_rcc.o [1]
[local to stm32l1xx_ll_rtc_c]::LL_RTC_DATE_Config(RTC_TypeDef *, unsigned int, unsigned int, unsigned int, unsigned int)
                         0x800'47cf    0x42  Code  Lc  stm32l1xx_ll_rtc.o [1]
[local to stm32l1xx_ll_rtc_c]::LL_RTC_DisableInitMode(RTC_TypeDef *)
                         0x800'475d     0x8  Code  Lc  stm32l1xx_ll_rtc.o [1]
[local to stm32l1xx_ll_rtc_c]::LL_RTC_DisableWriteProtection(RTC_TypeDef *)
                         0x800'4785     0xa  Code  Lc  stm32l1xx_ll_rtc.o [1]
[local to stm32l1xx_ll_rtc_c]::LL_RTC_EnableInitMode(RTC_TypeDef *)
                         0x800'4755     0x8  Code  Lc  stm32l1xx_ll_rtc.o [1]
[local to stm32l1xx_ll_rtc_c]::LL_RTC_EnableWriteProtection(RTC_TypeDef *)
                         0x800'477f     0x6  Code  Lc  stm32l1xx_ll_rtc.o [1]
[local to stm32l1xx_ll_rtc_c]::LL_RTC_GetHourFormat(RTC_TypeDef *)
                         0x800'474d     0x8  Code  Lc  stm32l1xx_ll_rtc.o [1]
[local to stm32l1xx_ll_rtc_c]::LL_RTC_IsActiveFlag_INIT(RTC_TypeDef *)
                         0x800'4811     0xa  Code  Lc  stm32l1xx_ll_rtc.o [1]
[local to stm32l1xx_ll_rtc_c]::LL_RTC_SetAsynchPrescaler(RTC_TypeDef *, unsigned int)
                         0x800'4765     0xe  Code  Lc  stm32l1xx_ll_rtc.o [1]
[local to stm32l1xx_ll_rtc_c]::LL_RTC_SetHourFormat(RTC_TypeDef *, unsigned int)
                         0x800'4741     0xc  Code  Lc  stm32l1xx_ll_rtc.o [1]
[local to stm32l1xx_ll_rtc_c]::LL_RTC_SetSynchPrescaler(RTC_TypeDef *, unsigned int)
                         0x800'4773     0xc  Code  Lc  stm32l1xx_ll_rtc.o [1]
[local to stm32l1xx_ll_rtc_c]::LL_RTC_TIME_Config(RTC_TypeDef *, unsigned int, unsigned int, unsigned int, unsigned int)
                         0x800'478f    0x40  Code  Lc  stm32l1xx_ll_rtc.o [1]
[local to stm32l1xx_ll_rtc_c]::LL_SYSTICK_IsActiveCounterFlag()
                         0x800'481b     0xc  Code  Lc  stm32l1xx_ll_rtc.o [1]
[local to stm32l1xx_ll_spi_c]::LL_SPI_IsEnabled(SPI_TypeDef *)
                         0x800'2419     0xa  Code  Lc  stm32l1xx_ll_spi.o [1]
[local to stm32l1xx_ll_spi_c]::LL_SPI_SetCRCPolynomial(SPI_TypeDef *, unsigned int)
                         0x800'2423     0x8  Code  Lc  stm32l1xx_ll_spi.o [1]
[local to stm32l1xx_ll_usart_c]::LL_USART_IsEnabled(USART_TypeDef *)
                         0x800'32a9     0xa  Code  Lc  stm32l1xx_ll_usart.o [1]
[local to stm32l1xx_ll_usart_c]::LL_USART_SetBaudRate(USART_TypeDef *, unsigned int, unsigned int, unsigned int)
                         0x800'32cb   0x116  Code  Lc  stm32l1xx_ll_usart.o [1]
[local to stm32l1xx_ll_usart_c]::LL_USART_SetHWFlowCtrl(USART_TypeDef *, unsigned int)
                         0x800'32bf     0xc  Code  Lc  stm32l1xx_ll_usart.o [1]
[local to stm32l1xx_ll_usart_c]::LL_USART_SetStopBitsLength(USART_TypeDef *, unsigned int)
                         0x800'32b3     0xc  Code  Lc  stm32l1xx_ll_usart.o [1]
[local to stm32l1xx_ll_utils_c]::LL_InitTick(unsigned int, unsigned int)
                         0x800'2321    0x18  Code  Lc  stm32l1xx_ll_utils.o [1]
[local to tinyprintf_c]::_vsprintf_putcf(void *, char)
                         0x800'466d    0x12  Code  Lc  tinyprintf.o [1]
[local to tinyprintf_c]::a2d(char)
                         0x800'4249    0x50  Code  Lc  tinyprintf.o [1]
[local to tinyprintf_c]::a2u(char, char const **, int, unsigned int *)
                         0x800'4299    0x46  Code  Lc  tinyprintf.o [1]
[local to tinyprintf_c]::i2a(int, param *)
                         0x800'422f    0x1a  Code  Lc  tinyprintf.o [1]
[local to tinyprintf_c]::putchw(void *, void (*)(void *, char), param *)
                         0x800'42df   0x12c  Code  Lc  tinyprintf.o [1]
[local to tinyprintf_c]::ui2a(unsigned int, param *)
                         0x800'41c1    0x6e  Code  Lc  tinyprintf.o [1]
__aeabi_atexit           0x800'2e91     0xa  Code  Gb  cxxabi.o [3]
__aeabi_d2f              0x800'4ac9          Code  Gb  DblToFlt.o [4]
__aeabi_f2iz             0x800'4c69          Code  Gb  FltToS32.o [4]
__aeabi_fdiv             0x800'4e11          Code  Gb  FltDiv.o [4]
__aeabi_fmul             0x800'4d39          Code  Gb  FltMul.o [4]
__aeabi_fsub             0x800'4cb9          Code  Gb  FltSub.o [4]
__aeabi_i2f              0x800'4c95          Code  Gb  S32ToFlt.o [4]
__aeabi_memcpy4          0x800'2385          Code  Gb  ABImemcpy.o [5]
__aeabi_memcpy8          0x800'2385          Code  Gb  ABImemcpy.o [5]
__aeabi_memset           0x800'46d9          Code  Gb  ABImemset.o [5]
__call_ctors             0x800'31fd    0x18  Code  Gb  cppinit.o [2]
__call_dtors             0x800'324b     0xc  Code  Gb  cppinit.o [2]
__call_dtors0            0x800'3257    0x36  Code  Gb  cppinit.o [2]
__cexit_call_dtors       0x800'613b          Code  Gb  cexit.o [5]
__cmain                  0x800'6111          Code  Gb  cmain.o [5]
__cstart_call_dtors      0x800'66a8          Data  Gb  cstart_call_dtors.o [5]
__cxa_atexit             0x800'3215    0x36  Code  Gb  cppinit.o [2]
__dso_handle            0x2000'09f0     0x4  Data  Gb  cppinit.o [2]
__exit                   0x800'6149    0x14  Code  Gb  exit.o [6]
__iar_Memset             0x800'46d9          Code  Gb  ABImemset.o [5]
__iar_Memset_word        0x800'46e1          Code  Gb  ABImemset.o [5]
__iar_copy_init3         0x800'1d4f    0x2e  Code  Gb  copy_init3.o [5]
__iar_cstart_call_ctors
                         0x800'60f1    0x20  Code  Gb  cmain_call_ctors.o [5]
__iar_data_init3         0x800'6059    0x28  Code  Gb  data_init.o [5]
__iar_debug_exceptions   0x800'2416     0x1  Data  Gb  unwind_debug.o [6]
__iar_fadd               0x800'4cc5          Code  Gb  FltSub.o [4]
__iar_fsub               0x800'4f0d          Code  Gb  FltAdd.o [4]
__iar_fsubStart          0x800'4f1d          Code  Gb  FltAdd.o [4]
__iar_program_start      0x800'6621          Code  Gb  cstartup_M.o [5]
__iar_tls$$INIT_ARRAY$$Base
                         0x800'60c8           --   Gb  - Linker created -
__iar_tls$$INIT_ARRAY$$Limit
                         0x800'60c8           --   Gb  - Linker created -
__iar_zero_init3         0x800'1b33    0x3a  Code  Gb  zero_init3.o [5]
__low_level_init         0x800'612f     0x4  Code  Gb  low_level_init.o [2]
__sti__routine           0x800'2949    0xe8  Code  Lc  CPP_HAL.o [1]
__sti__routine           0x800'5c15    0x40  Code  Lc  DigitalIO_Test.o [1]
__sti__routine           0x800'61b1    0x12  Code  Lc  fat_sd_spi.o [1]
__sti__routine           0x800'6549     0xa  Code  Lc  I2C_Commands.o [1]
__sti__routine           0x800'6565     0xc  Code  Lc  I2C_Test.o [1]
__sti__routine           0x800'6585     0xc  Code  Lc  IRremote.o [1]
__sti__routine           0x800'65a1     0xa  Code  Lc  irSend.o [1]
__sti__routine           0x800'36d9    0x5a  Code  Lc  main.o [1]
__sti__routine           0x800'5971    0x8c  Code  Lc  Power_Monitor.o [1]
__vector_table           0x800'0000          Data  Gb  startup_stm32l151xb.o [1]
_call_main               0x800'611d          Code  Gb  cmain.o [5]
_exit                    0x800'6139          Code  Gb  cexit.o [5]
_main                    0x800'612b          Code  Gb  cmain.o [5]
adc0                    0x2000'091c     0x8  Data  Gb  CPP_HAL.o [1]
adc1                    0x2000'0954     0x8  Data  Gb  main.o [1]
adc2                    0x2000'095c     0x8  Data  Gb  main.o [1]
adcVref                 0x2000'0964     0x8  Data  Gb  main.o [1]
dma1                    0x2000'0974     0x4  Data  Gb  CPP_HAL.o [1]
exit                     0x800'6133     0x4  Code  Gb  exit.o [2]
ftoa(float, char *, int)
                         0x800'4b91    0x74  Code  Gb  Utils.o [1]
gEvent                  0x2000'000c     0x1  Data  Gb  Power_Monitor.o [1]
generic_st7789           0x800'6080    0x24  Data  Lc  ST7735.o [1]
i2c1                    0x2000'06f4    0x4c  Data  Gb  CPP_HAL.o [1]
init_cmds1               0x800'5eb8    0x3c  Data  Lc  ST7735.o [1]
init_cmds2_160X80        0x800'64f8    0x10  Data  Lc  ST7735.o [1]
init_cmds2_IS_128X160    0x800'64e8    0x10  Data  Lc  ST7735.o [1]
init_cmds3               0x800'5f54    0x2c  Data  Lc  ST7735.o [1]
init_printf              0x800'4645     0xa  Code  Gb  tinyprintf.o [1]
intToStr(int, char *, int)
                         0x800'4b4f    0x42  Code  Gb  Utils.o [1]
loop_240_240()           0x800'3a7b    0x68  Code  Gb  main.o [1]
loop_240_240()::InitDone
                        0x2000'09f6     0x1  Data  Lc  main.o [1]
loop_240_240()::TimeString
                        0x2000'088c    0x20  Data  Lc  main.o [1]
main                     0x800'3b6d    0x50  Code  Gb  main.o [1]
myTime                  0x2000'083c    0x28  Data  Gb  main.o [1]
next_abi_dtor_rec       0x2000'09ec     0x4  Data  Lc  cppinit.o [2]
power(float, int)        0x800'4c0d    0x5a  Code  Gb  Utils.o [1]
putc(void *, char)       0x800'3b59    0x12  Code  Gb  main.o [1]
reverse(char *, int)     0x800'4b31    0x1e  Code  Gb  Utils.o [1]
rtc                     0x2000'08c4    0x14  Data  Gb  CPP_HAL.o [1]
spi1                    0x2000'08fc     0xc  Data  Gb  CPP_HAL.o [1]
spi2                    0x2000'0908     0xc  Data  Gb  CPP_HAL.o [1]
st7735_Font16x26         0x800'00f4  0x134c  Data  Lc  st7735fonts.o [1]
st7735_Font_16x26       0x2000'0000     0x8  Data  Gb  st7735fonts.o [1]
st7735_Test()            0x800'3a73     0x8  Code  Gb  main.o [1]
stdout_putf             0x2000'09e4     0x4  Data  Lc  tinyprintf.o [1]
stdout_putp             0x2000'09e8     0x4  Data  Lc  tinyprintf.o [1]
tfp_format               0x800'440b   0x23a  Code  Gb  tinyprintf.o [1]
tfp_printf               0x800'464f    0x1e  Code  Gb  tinyprintf.o [1]
tfp_sprintf              0x800'46b1    0x1a  Code  Gb  tinyprintf.o [1]
tfp_vsprintf             0x800'467f    0x26  Code  Gb  tinyprintf.o [1]
uart1                   0x2000'08d8    0x14  Data  Gb  CPP_HAL.o [1]
unsigned int HAL::Timer::GetChanel<(TimerChanel_t)49>()
                         0x800'5e71     0x6  Code  Gb  main.o [1]
w25qxxDev               0x2000'0780    0x34  Data  Gb  main.o [1]


[1] = C:\Amit_Chaudhary\STM32F1xx_CPP_FW\STM32L1xx_CPP_FW - ADC\IAR\Debug\Obj
[2] = dl7M_tln.a
[3] = dlpp7M_tl_nc.a
[4] = m7M_tl.a
[5] = rt7M_tl.a
[6] = shb_l.a

  19'331 bytes of readonly  code memory
   6'949 bytes of readonly  data memory
   5'033 bytes of readwrite data memory

Errors: none
Warnings: none
