###############################################################################
#
# IAR ELF Linker V8.32.3.193/W32 for ARM                  14/May/2019  19:37:10
# Copyright 2007-2019 IAR Systems AB.
#
#    Output file  =  
#        C:\Amit_Chaudhary\STM32\Projects\IAR\STM32F1xx_CPP_FW\STM32F1xx_CPP_FW
#        - CPF - B4_BMP280_13_May_1\IAR\Debug\Exe\Main.out
#    Map file     =  
#        C:\Amit_Chaudhary\STM32\Projects\IAR\STM32F1xx_CPP_FW\STM32F1xx_CPP_FW
#        - CPF - B4_BMP280_13_May_1\IAR\Debug\List\Main.map
#    Command line =  
#        -f C:\Users\achaudha\AppData\Local\Temp\EWD142.tmp
#        ("C:\Amit_Chaudhary\STM32\Projects\IAR\STM32F1xx_CPP_FW\STM32F1xx_CPP_FW
#        - CPF - B4_BMP280_13_May_1\IAR\Debug\Obj\BtnInt.o"
#        "C:\Amit_Chaudhary\STM32\Projects\IAR\STM32F1xx_CPP_FW\STM32F1xx_CPP_FW
#        - CPF - B4_BMP280_13_May_1\IAR\Debug\Obj\BtnPoll.o"
#        "C:\Amit_Chaudhary\STM32\Projects\IAR\STM32F1xx_CPP_FW\STM32F1xx_CPP_FW
#        - CPF - B4_BMP280_13_May_1\IAR\Debug\Obj\CPP_HAL.o"
#        "C:\Amit_Chaudhary\STM32\Projects\IAR\STM32F1xx_CPP_FW\STM32F1xx_CPP_FW
#        - CPF - B4_BMP280_13_May_1\IAR\Debug\Obj\Gpio.o"
#        "C:\Amit_Chaudhary\STM32\Projects\IAR\STM32F1xx_CPP_FW\STM32F1xx_CPP_FW
#        - CPF - B4_BMP280_13_May_1\IAR\Debug\Obj\GpioInput.o"
#        "C:\Amit_Chaudhary\STM32\Projects\IAR\STM32F1xx_CPP_FW\STM32F1xx_CPP_FW
#        - CPF - B4_BMP280_13_May_1\IAR\Debug\Obj\GpioOutput.o"
#        "C:\Amit_Chaudhary\STM32\Projects\IAR\STM32F1xx_CPP_FW\STM32F1xx_CPP_FW
#        - CPF - B4_BMP280_13_May_1\IAR\Debug\Obj\I2CIntr.o"
#        "C:\Amit_Chaudhary\STM32\Projects\IAR\STM32F1xx_CPP_FW\STM32F1xx_CPP_FW
#        - CPF - B4_BMP280_13_May_1\IAR\Debug\Obj\I2CPoll.o"
#        "C:\Amit_Chaudhary\STM32\Projects\IAR\STM32F1xx_CPP_FW\STM32F1xx_CPP_FW
#        - CPF - B4_BMP280_13_May_1\IAR\Debug\Obj\INA219.o"
#        "C:\Amit_Chaudhary\STM32\Projects\IAR\STM32F1xx_CPP_FW\STM32F1xx_CPP_FW
#        - CPF - B4_BMP280_13_May_1\IAR\Debug\Obj\InterruptHandlers.o"
#        "C:\Amit_Chaudhary\STM32\Projects\IAR\STM32F1xx_CPP_FW\STM32F1xx_CPP_FW
#        - CPF - B4_BMP280_13_May_1\IAR\Debug\Obj\InterruptManager.o"
#        "C:\Amit_Chaudhary\STM32\Projects\IAR\STM32F1xx_CPP_FW\STM32F1xx_CPP_FW
#        - CPF - B4_BMP280_13_May_1\IAR\Debug\Obj\Led.o"
#        "C:\Amit_Chaudhary\STM32\Projects\IAR\STM32F1xx_CPP_FW\STM32F1xx_CPP_FW
#        - CPF - B4_BMP280_13_May_1\IAR\Debug\Obj\main.o"
#        "C:\Amit_Chaudhary\STM32\Projects\IAR\STM32F1xx_CPP_FW\STM32F1xx_CPP_FW
#        - CPF - B4_BMP280_13_May_1\IAR\Debug\Obj\printf.o"
#        "C:\Amit_Chaudhary\STM32\Projects\IAR\STM32F1xx_CPP_FW\STM32F1xx_CPP_FW
#        - CPF - B4_BMP280_13_May_1\IAR\Debug\Obj\RotaryEncoderIntr.o"
#        "C:\Amit_Chaudhary\STM32\Projects\IAR\STM32F1xx_CPP_FW\STM32F1xx_CPP_FW
#        - CPF - B4_BMP280_13_May_1\IAR\Debug\Obj\RotaryEncoderPoll.o"
#        "C:\Amit_Chaudhary\STM32\Projects\IAR\STM32F1xx_CPP_FW\STM32F1xx_CPP_FW
#        - CPF - B4_BMP280_13_May_1\IAR\Debug\Obj\startup_stm32f103xb.o"
#        "C:\Amit_Chaudhary\STM32\Projects\IAR\STM32F1xx_CPP_FW\STM32F1xx_CPP_FW
#        - CPF - B4_BMP280_13_May_1\IAR\Debug\Obj\stm32f1xx_hal.o"
#        "C:\Amit_Chaudhary\STM32\Projects\IAR\STM32F1xx_CPP_FW\STM32F1xx_CPP_FW
#        - CPF - B4_BMP280_13_May_1\IAR\Debug\Obj\stm32f1xx_hal_cortex.o"
#        "C:\Amit_Chaudhary\STM32\Projects\IAR\STM32F1xx_CPP_FW\STM32F1xx_CPP_FW
#        - CPF - B4_BMP280_13_May_1\IAR\Debug\Obj\stm32f1xx_hal_pwr.o"
#        "C:\Amit_Chaudhary\STM32\Projects\IAR\STM32F1xx_CPP_FW\STM32F1xx_CPP_FW
#        - CPF - B4_BMP280_13_May_1\IAR\Debug\Obj\stm32f1xx_hal_rcc.o"
#        "C:\Amit_Chaudhary\STM32\Projects\IAR\STM32F1xx_CPP_FW\STM32F1xx_CPP_FW
#        - CPF - B4_BMP280_13_May_1\IAR\Debug\Obj\stm32f1xx_hal_rcc_ex.o"
#        "C:\Amit_Chaudhary\STM32\Projects\IAR\STM32F1xx_CPP_FW\STM32F1xx_CPP_FW
#        - CPF - B4_BMP280_13_May_1\IAR\Debug\Obj\stm32f1xx_it.o"
#        "C:\Amit_Chaudhary\STM32\Projects\IAR\STM32F1xx_CPP_FW\STM32F1xx_CPP_FW
#        - CPF - B4_BMP280_13_May_1\IAR\Debug\Obj\stm32f1xx_ll_exti.o"
#        "C:\Amit_Chaudhary\STM32\Projects\IAR\STM32F1xx_CPP_FW\STM32F1xx_CPP_FW
#        - CPF - B4_BMP280_13_May_1\IAR\Debug\Obj\stm32f1xx_ll_gpio.o"
#        "C:\Amit_Chaudhary\STM32\Projects\IAR\STM32F1xx_CPP_FW\STM32F1xx_CPP_FW
#        - CPF - B4_BMP280_13_May_1\IAR\Debug\Obj\stm32f1xx_ll_i2c.o"
#        "C:\Amit_Chaudhary\STM32\Projects\IAR\STM32F1xx_CPP_FW\STM32F1xx_CPP_FW
#        - CPF - B4_BMP280_13_May_1\IAR\Debug\Obj\stm32f1xx_ll_pwr.o"
#        "C:\Amit_Chaudhary\STM32\Projects\IAR\STM32F1xx_CPP_FW\STM32F1xx_CPP_FW
#        - CPF - B4_BMP280_13_May_1\IAR\Debug\Obj\stm32f1xx_ll_rcc.o"
#        "C:\Amit_Chaudhary\STM32\Projects\IAR\STM32F1xx_CPP_FW\STM32F1xx_CPP_FW
#        - CPF - B4_BMP280_13_May_1\IAR\Debug\Obj\stm32f1xx_ll_utils.o"
#        "C:\Amit_Chaudhary\STM32\Projects\IAR\STM32F1xx_CPP_FW\STM32F1xx_CPP_FW
#        - CPF - B4_BMP280_13_May_1\IAR\Debug\Obj\system_stm32f1xx.o"
#        "C:\Amit_Chaudhary\STM32\Projects\IAR\STM32F1xx_CPP_FW\STM32F1xx_CPP_FW
#        - CPF - B4_BMP280_13_May_1\IAR\Debug\Obj\Utils.o" --no_out_extension
#        -o
#        "C:\Amit_Chaudhary\STM32\Projects\IAR\STM32F1xx_CPP_FW\STM32F1xx_CPP_FW
#        - CPF - B4_BMP280_13_May_1\IAR\Debug\Exe\Main.out" --redirect
#        _Printf=_PrintfFullNoMb --redirect _Scanf=_ScanfFullNoMb --map
#        "C:\Amit_Chaudhary\STM32\Projects\IAR\STM32F1xx_CPP_FW\STM32F1xx_CPP_FW
#        - CPF - B4_BMP280_13_May_1\IAR\Debug\List\Main.map" --config
#        "C:\Program Files (x86)\IAR Systems\Embedded Workbench
#        8.2\arm\config\linker\ST\stm32f103x8.icf" --semihosting --entry
#        __iar_program_start --vfe --text_out locale)
#
###############################################################################

*******************************************************************************
*** RUNTIME MODEL ATTRIBUTES
***

CppFlavor                     = *
__CPP_Exceptions              = Disabled
__CPP_Language                = C++14
__Heap_Handler                = Basic
__SystemLibrary               = DLib
__dlib_dynamic_initialization = normal
__dlib_version                = 6


*******************************************************************************
*** HEAP SELECTION
***

The basic heap was selected because some modules are built with
size limitations (and not runtime checking), and --advanced_heap
was not specified.


*******************************************************************************
*** PLACEMENT SUMMARY
***

"A0":  place at 0x800'0000 { ro section .intvec };
"P1":  place in [from 0x800'0000 to 0x800'ffff] { ro };
define block CSTACK with size = 2K, alignment = 8 { };
define block HEAP with size = 2K, alignment = 8 { };
"P2":  place in [from 0x2000'0000 to 0x2000'4fff] {
          rw, block CSTACK, block HEAP };
initialize by copy { rw };

  Section                Kind         Address    Size  Object
  -------                ----         -------    ----  ------
"A0":                                            0xec
  .intvec                ro code   0x800'0000    0xec  startup_stm32f103xb.o [1]
                                 - 0x800'00ec    0xec

"P1":                                          0x4248
  .text                  ro code   0x800'00ec  0x116a  I2CIntr.o [1]
  .text                  ro code   0x800'1256    0x18  I2CPoll.o [1]
  .text                  ro code   0x800'126e     0xe  I2CIntr.o [1]
  .text                  ro code   0x800'127c     0xe  I2CIntr.o [1]
  .text                  ro code   0x800'128a    0xa2  GpioOutput.o [1]
  .text                  ro code   0x800'132c    0x1c  I2CPoll.o [1]
  .text                  ro code   0x800'1348    0x30  I2CIntr.o [1]
  .text                  ro code   0x800'1378   0x13e  stm32f1xx_ll_i2c.o [1]
  .text                  ro code   0x800'14b6    0x3a  zero_init3.o [5]
  .text                  ro code   0x800'14f0    0x94  InterruptManager.o [1]
  .text                  ro code   0x800'1584    0x2c  main.o [1]
  .text                  ro code   0x800'15b0     0xc  I2CIntr.o [1]
  .text                  ro code   0x800'15bc     0x4  I2CIntr.o [1]
  .text                  ro code   0x800'15c0    0x36  I2CIntr.o [1]
  .text                  ro code   0x800'15f6    0x1c  I2CIntr.o [1]
  .text                  ro code   0x800'1612    0x34  I2CIntr.o [1]
  .text                  ro code   0x800'1646    0x12  main.o [1]
  .text                  ro code   0x800'1658    0x2e  main.o [1]
  .text                  ro code   0x800'1686    0x18  main.o [1]
  .text                  ro code   0x800'169e    0x2c  main.o [1]
  .text                  ro code   0x800'16ca    0x1a  I2CIntr.o [1]
  .text                  ro code   0x800'16e4     0xe  I2CPoll.o [1]
  .rodata                const     0x800'16f2     0x2  stm32f1xx_hal_rcc.o [1]
  .text                  ro code   0x800'16f4    0x38  I2CPoll.o [1]
  .text                  ro code   0x800'172c    0x8c  Gpio.o [1]
  .text                  ro code   0x800'17b8   0x164  stm32f1xx_ll_gpio.o [1]
  .text                  ro code   0x800'191c    0xb8  I2CPoll.o [1]
  .text                  ro code   0x800'19d4   0x124  stm32f1xx_ll_rcc.o [1]
  .text                  ro code   0x800'1af8   0xc42  main.o [1]
  .text                  ro code   0x800'273a    0x12  I2CIntr.o [1]
  .text                  ro code   0x800'274c    0x1e  I2CIntr.o [1]
  .text                  ro code   0x800'276a    0x26  I2CPoll.o [1]
  .text                  ro code   0x800'2790    0xa6  ABImemcpy.o [5]
  .rodata                const     0x800'2836     0x1  unwind_debug.o [6]
  .text                  ro code   0x800'2838     0xc  main.o [1]
  .text                  ro code   0x800'2844     0xc  main.o [1]
  .text                  ro code   0x800'2850     0xc  main.o [1]
  .text                  ro code   0x800'285c     0xc  main.o [1]
  .text                  ro code   0x800'2868     0xc  main.o [1]
  .text                  ro code   0x800'2874     0xc  main.o [1]
  .text                  ro code   0x800'2880     0xc  main.o [1]
  .text                  ro code   0x800'288c     0xc  main.o [1]
  .text                  ro code   0x800'2898     0xc  main.o [1]
  .text                  ro code   0x800'28a4     0xc  main.o [1]
  .text                  ro code   0x800'28b0     0xc  main.o [1]
  .text                  ro code   0x800'28bc     0xc  main.o [1]
  .text                  ro code   0x800'28c8     0xc  main.o [1]
  .text                  ro code   0x800'28d4     0xc  main.o [1]
  .text                  ro code   0x800'28e0    0x5c  BtnPoll.o [1]
  .text                  ro code   0x800'293c     0xa  cxxabi.o [3]
  .text                  ro code   0x800'2948     0xc  main.o [1]
  .text                  ro code   0x800'2954     0xc  main.o [1]
  .text                  ro code   0x800'2960    0x16  INA219.o [1]
  .text                  ro code   0x800'2978     0xc  main.o [1]
  .text                  ro code   0x800'2984     0xc  main.o [1]
  .text                  ro code   0x800'2990     0xc  main.o [1]
  .text                  ro code   0x800'299c    0x3e  main.o [1]
  .text                  ro code   0x800'29da     0x4  main.o [1]
  .text                  ro code   0x800'29e0    0x24  S32ToFlt.o [4]
  .text                  ro code   0x800'2a04    0x48  FltToDbl.o [4]
  .text                  ro code   0x800'2a4c   0x1a2  DblMul.o [4]
  .text                  ro code   0x800'2bf0    0x68  DblToFlt.o [4]
  .text                  ro code   0x800'2c58    0xfc  FltDiv.o [4]
  .text                  ro code   0x800'2d54    0x28  stm32f1xx_ll_utils.o [1]
  .text                  ro code   0x800'2d7c    0x26  stm32f1xx_hal.o [1]
  .text                  ro code   0x800'2da4   0x62c  stm32f1xx_hal_rcc.o [1]
  .text                  ro code   0x800'33d0   0x12c  stm32f1xx_hal_rcc_ex.o [1]
  .text                  ro code   0x800'34fc   0x14a  stm32f1xx_hal_cortex.o [1]
  .text                  ro code   0x800'3648    0x28  main.o [1]
  .text                  ro code   0x800'3670    0x14  main.o [1]
  .text                  ro code   0x800'3684    0x88  GpioInput.o [1]
  .text                  ro code   0x800'370c    0xa0  cppinit.o [2]
  .text                  ro code   0x800'37ac    0x4c  stm32f1xx_hal.o [1]
  .text                  ro code   0x800'37f8     0xc  stm32f1xx_hal.o [1]
  .text                  ro code   0x800'3804   0x246  DblDiv.o [4]
  .text                  ro code   0x800'3a4c   0x206  InterruptHandlers.o [1]
  .text                  ro code   0x800'3c52    0x10  InterruptHandlers.o [1]
  .rodata                const     0x800'3c64    0x74  main.o [1]
  .text                  ro code   0x800'3cd8    0x58  system_stm32f1xx.o [1]
  .text                  ro code   0x800'3d30    0x4c  main.o [1]
  .rodata                const     0x800'3d7c    0x40  I2CPoll.o [1]
  .text                  ro code   0x800'3dbc    0x40  main.o [1]
  .text                  ro code   0x800'3dfc    0x10  main.o [1]
  .text                  ro code   0x800'3e0c    0x14  main.o [1]
  .text                  ro code   0x800'3e20     0x4  main.o [1]
  .text                  ro code   0x800'3e24    0x3c  main.o [1]
  .text                  ro code   0x800'3e60    0x22  S32ToDbl.o [4]
  .text                  ro code   0x800'3e82    0x2c  copy_init3.o [5]
  .text                  ro code   0x800'3eb0    0x28  main.o [1]
  .text                  ro code   0x800'3ed8     0x2  main.o [1]
  .text                  ro code   0x800'3eda     0x2  main.o [1]
  .text                  ro code   0x800'3edc    0x28  data_init.o [5]
  .rodata                const     0x800'3f04    0x24  main.o [1]
  .text                  ro code   0x800'3f28    0x24  main.o [1]
  .iar.init_table        const     0x800'3f4c    0x28  - Linker created -
  .rodata                const     0x800'3f74    0x20  main.o [1]
  .text                  ro code   0x800'3f94    0x20  cmain_call_ctors.o [5]
  .text                  ro code   0x800'3fb4    0x1e  cmain.o [5]
  .text                  ro code   0x800'3fd2     0x4  low_level_init.o [2]
  .text                  ro code   0x800'3fd6     0x4  exit.o [2]
  .text                  ro code   0x800'3fdc     0xe  cexit.o [5]
  .text                  ro code   0x800'3fec    0x14  exit.o [6]
  .text                  ro code   0x800'4000    0x1c  stm32f1xx_it.o [1]
  .text                  ro code   0x800'401c    0x18  stm32f1xx_hal.o [1]
  .rodata                const     0x800'4034    0x14  GpioInput.o [1]
  .rodata                const     0x800'4048    0x14  I2CIntr.o [1]
  .rodata                const     0x800'405c    0x14  main.o [1]
  .rodata                const     0x800'4070    0x14  main.o [1]
  .rodata                const     0x800'4084    0x14  main.o [1]
  .rodata                const     0x800'4098    0x14  main.o [1]
  .rodata                const     0x800'40ac    0x14  main.o [1]
  .rodata                const     0x800'40c0    0x14  main.o [1]
  .rodata                const     0x800'40d4    0x14  main.o [1]
  .rodata                const     0x800'40e8    0x14  main.o [1]
  .rodata                const     0x800'40fc    0x14  main.o [1]
  .rodata                const     0x800'4110    0x14  main.o [1]
  .rodata                const     0x800'4124    0x14  main.o [1]
  .rodata                const     0x800'4138    0x14  main.o [1]
  .rodata                const     0x800'414c    0x14  main.o [1]
  .rodata                const     0x800'4160    0x14  main.o [1]
  .rodata                const     0x800'4174    0x14  main.o [1]
  .rodata                const     0x800'4188    0x14  main.o [1]
  .rodata                const     0x800'419c    0x14  main.o [1]
  .rodata                const     0x800'41b0    0x14  main.o [1]
  .rodata                const     0x800'41c4    0x14  main.o [1]
  Initializer bytes      const     0x800'41d8    0x14  <for P2-1>
  .rodata                const     0x800'41ec    0x10  stm32f1xx_hal_rcc.o [1]
  .rodata                const     0x800'41fc    0x10  system_stm32f1xx.o [1]
  .text                  ro code   0x800'420c    0x10  main.o [1]
  .text                  ro code   0x800'421c    0x10  main.o [1]
  .text                  ro code   0x800'422c    0x10  main.o [1]
  .text                  ro code   0x800'423c    0x10  main.o [1]
  .text                  ro code   0x800'424c    0x10  main.o [1]
  .text                  ro code   0x800'425c    0x10  main.o [1]
  .text                  ro code   0x800'426c    0x10  main.o [1]
  .text                  ro code   0x800'427c    0x10  main.o [1]
  .text                  ro code   0x800'428c    0x10  main.o [1]
  .text                  ro code   0x800'429c    0x10  main.o [1]
  .text                  ro code   0x800'42ac    0x10  main.o [1]
  .text                  ro code   0x800'42bc    0x10  main.o [1]
  .text                  ro code   0x800'42cc    0x10  main.o [1]
  .text                  ro code   0x800'42dc    0x10  main.o [1]
  .text                  ro code   0x800'42ec    0x10  main.o [1]
  .text                  ro code   0x800'42fc     0xe  main.o [1]
  .text                  ro code   0x800'430c    0x10  startup_stm32f103xb.o [1]
  .text                  ro code   0x800'431c     0xc  cstartup_M.o [5]
  .rodata                const     0x800'4328     0x8  system_stm32f1xx.o [1]
  SHT$$PREINIT_ARRAY               0x800'4330     0x0  <Block>
  SHT$$INIT_ARRAY                  0x800'4330     0x4  <Block>
    .init_array          const     0x800'4330     0x4  main.o [1]
  __iar_tls$$INIT_ARRAY            0x800'4334     0x0  <Block>
  .text                  ro code   0x800'4334     0x0  cstart_call_dtors.o [5]
  .rodata                const     0x800'4334     0x0  zero_init3.o [5]
  .rodata                const     0x800'4334     0x0  copy_init3.o [5]
                                 - 0x800'4334  0x4248

"P2", part 1 of 3:                               0x14
  P2-1                            0x2000'0000    0x13  <Init block>
    .data                inited   0x2000'0000     0x8  main.o [1]
    .data                inited   0x2000'0008     0x4  stm32f1xx_hal.o [1]
    .data                inited   0x2000'000c     0x4  system_stm32f1xx.o [1]
    .data                inited   0x2000'0010     0x1  main.o [1]
    .data                inited   0x2000'0011     0x1  main.o [1]
    .data                inited   0x2000'0012     0x1  stm32f1xx_hal.o [1]
                                - 0x2000'0013    0x13

"P2", part 2 of 3:                              0xa3c
  .bss                   zero     0x2000'0014   0x6f8  main.o [1]
  .bss                   zero     0x2000'070c   0x100  InterruptManager.o [1]
  .bss                   zero     0x2000'080c    0x40  GpioInput.o [1]
  .bss                   zero     0x2000'084c    0x2c  main.o [1]
  .bss                   zero     0x2000'0878    0x2c  main.o [1]
  .bss                   zero     0x2000'08a4    0x2c  main.o [1]
  .bss                   zero     0x2000'08d0    0x2c  main.o [1]
  .bss                   zero     0x2000'08fc    0x24  main.o [1]
  .bss                   zero     0x2000'0920    0x1c  main.o [1]
  .bss                   zero     0x2000'093c    0x18  main.o [1]
  .bss                   zero     0x2000'0954    0x18  main.o [1]
  .bss                   zero     0x2000'096c    0x18  main.o [1]
  .bss                   zero     0x2000'0984    0x14  main.o [1]
  .bss                   zero     0x2000'0998     0x4  main.o [1]
  .bss                   zero     0x2000'099c     0x4  main.o [1]
  .bss                   zero     0x2000'09a0     0x4  main.o [1]
  .bss                   zero     0x2000'09a4     0x4  main.o [1]
  .bss                   zero     0x2000'09a8     0x4  main.o [1]
  .bss                   zero     0x2000'09ac     0x4  main.o [1]
  .bss                   zero     0x2000'09b0     0x4  main.o [1]
  .bss                   zero     0x2000'09b4     0x4  main.o [1]
  .bss                   zero     0x2000'09b8     0x4  main.o [1]
  .bss                   zero     0x2000'09bc     0x4  main.o [1]
  .bss                   zero     0x2000'09c0     0x4  main.o [1]
  .bss                   zero     0x2000'09c4     0x4  main.o [1]
  .bss                   zero     0x2000'09c8     0x4  main.o [1]
  .bss                   zero     0x2000'09cc     0x4  main.o [1]
  .bss                   zero     0x2000'09d0     0x4  main.o [1]
  .bss                   zero     0x2000'09d4     0x4  main.o [1]
  .bss                   zero     0x2000'09d8     0x4  main.o [1]
  .bss                   zero     0x2000'09dc     0x4  main.o [1]
  .bss                   zero     0x2000'09e0     0x4  main.o [1]
  .bss                   zero     0x2000'09e4     0x4  main.o [1]
  .bss                   zero     0x2000'09e8     0x4  main.o [1]
  .bss                   zero     0x2000'09ec     0x4  main.o [1]
  .bss                   zero     0x2000'09f0     0x4  main.o [1]
  .bss                   zero     0x2000'09f4     0x4  main.o [1]
  .bss                   zero     0x2000'09f8     0x4  main.o [1]
  .bss                   zero     0x2000'09fc     0x4  main.o [1]
  .bss                   zero     0x2000'0a00     0x4  main.o [1]
  .bss                   zero     0x2000'0a04     0x4  main.o [1]
  .bss                   zero     0x2000'0a08     0x4  main.o [1]
  .bss                   zero     0x2000'0a0c     0x4  main.o [1]
  .bss                   zero     0x2000'0a10     0x4  main.o [1]
  .bss                   zero     0x2000'0a14     0x4  main.o [1]
  .bss                   zero     0x2000'0a18     0x4  main.o [1]
  .bss                   zero     0x2000'0a1c     0x4  main.o [1]
  .bss                   zero     0x2000'0a20     0x4  main.o [1]
  .bss                   zero     0x2000'0a24     0x4  main.o [1]
  .bss                   zero     0x2000'0a28     0x4  main.o [1]
  .bss                   zero     0x2000'0a2c     0x4  main.o [1]
  .bss                   zero     0x2000'0a30     0x4  main.o [1]
  .bss                   zero     0x2000'0a34     0x4  stm32f1xx_hal.o [1]
  .bss                   zero     0x2000'0a38     0x4  cppinit.o [2]
  .bss                   zero     0x2000'0a3c     0x4  cppinit.o [2]
  .bss                   zero     0x2000'0a40     0x2  main.o [1]
  .bss                   zero     0x2000'0a42     0x2  main.o [1]
  .bss                   zero     0x2000'0a44     0x1  InterruptManager.o [1]
  .bss                   zero     0x2000'0a45     0x1  InterruptManager.o [1]
  .bss                   zero     0x2000'0a46     0x1  main.o [1]
  .bss                   zero     0x2000'0a47     0x1  main.o [1]
  .bss                   zero     0x2000'0a48     0x1  main.o [1]
  .bss                   zero     0x2000'0a49     0x1  main.o [1]
  .bss                   zero     0x2000'0a4a     0x1  main.o [1]
  .bss                   zero     0x2000'0a4b     0x1  main.o [1]
  .bss                   zero     0x2000'0a4c     0x1  main.o [1]
                                - 0x2000'0a4d   0xa39

"P2", part 3 of 3:                              0x998
  .iar.dynexit                    0x2000'0a50   0x198  <Block>
    .iar.dynexit         uninit   0x2000'0a50     0xc  cppinit.o [2]
    .iar.dynexit         uninit   0x2000'0a5c   0x18c  <Block tail>
  CSTACK                          0x2000'0be8   0x800  <Block>
    CSTACK               uninit   0x2000'0be8   0x800  <Block tail>
                                - 0x2000'13e8   0x998

Unused ranges:

         From           To    Size
         ----           --    ----
   0x800'4334   0x800'ffff  0xbccc
  0x2000'13e8  0x2000'4fff  0x3c18


*******************************************************************************
*** INIT TABLE
***

          Address      Size
          -------      ----
Zero (__iar_zero_init3)
    1 destination range, total size 0xa39:
          0x2000'0014  0xa39

Copy (__iar_copy_init3)
    1 source range, total size 0x14 (105% of destination):
           0x800'41d8   0x14
    1 destination range, total size 0x13:
          0x2000'0000   0x13

Extra (__iar_cstart_call_ctors)



*******************************************************************************
*** MODULE SUMMARY
***

    Module                  ro code  ro data  rw data
    ------                  -------  -------  -------
command line/config:
    -------------------------------------------------
    Total:

C:\Amit_Chaudhary\STM32\Projects\IAR\STM32F1xx_CPP_FW\STM32F1xx_CPP_FW - CPF - B4_BMP280_13_May_1\IAR\Debug\Obj: [1]
    BtnPoll.o                    92
    Gpio.o                      140
    GpioInput.o                 136       20       64
    GpioOutput.o                162
    I2CIntr.o                 4 758       20
    I2CPoll.o                   344       64
    INA219.o                     22
    InterruptHandlers.o         534
    InterruptManager.o          148               258
    main.o                    4 242      578    2 293
    startup_stm32f103xb.o       252
    stm32f1xx_hal.o             150        5        9
    stm32f1xx_hal_cortex.o      330
    stm32f1xx_hal_rcc.o       1 580       18
    stm32f1xx_hal_rcc_ex.o      300
    stm32f1xx_it.o               28
    stm32f1xx_ll_gpio.o         356
    stm32f1xx_ll_i2c.o          318
    stm32f1xx_ll_rcc.o          292
    stm32f1xx_ll_utils.o         40
    system_stm32f1xx.o           88       28        4
    -------------------------------------------------
    Total:                   14 312      733    2 628

dl7M_tln.a: [2]
    cppinit.o                   160                20
    exit.o                        4
    low_level_init.o              4
    -------------------------------------------------
    Total:                      168                20

dlpp7M_tl_nc.a: [3]
    cxxabi.o                     10
    -------------------------------------------------
    Total:                       10

m7M_tl.a: [4]
    DblDiv.o                    582
    DblMul.o                    418
    DblToFlt.o                  104
    FltDiv.o                    252
    FltToDbl.o                   72
    S32ToDbl.o                   34
    S32ToFlt.o                   36
    -------------------------------------------------
    Total:                    1 498

rt7M_tl.a: [5]
    ABImemcpy.o                 166
    cexit.o                      14
    cmain.o                      30
    cmain_call_ctors.o           32
    copy_init3.o                 44
    cstart_call_dtors.o
    cstartup_M.o                 12
    data_init.o                  40
    zero_init3.o                 58
    -------------------------------------------------
    Total:                      396

shb_l.a: [6]
    exit.o                       20
    unwind_debug.o                         1
    -------------------------------------------------
    Total:                       20        1

    Gaps                         23        2
    Linker created                        41    2 444
-----------------------------------------------------
    Grand Total:             16 427      777    5 092


*******************************************************************************
*** ENTRY LIST
***

Entry                       Address   Size  Type      Object
-----                       -------   ----  ----      ------
.iar.dynexit$$Base      0x2000'0a50          --   Gb  - Linker created -
.iar.dynexit$$Limit     0x2000'0be8          --   Gb  - Linker created -
.iar.init_table$$Base    0x800'3f4c          --   Gb  - Linker created -
.iar.init_table$$Limit   0x800'3f74          --   Gb  - Linker created -
?main                    0x800'3fb5         Code  Gb  cmain.o [5]
ADC1_2_IRQHandler        0x800'3b59    0xa  Code  Gb  InterruptHandlers.o [1]
AHBPrescTable            0x800'41fc   0x10  Data  Gb  system_stm32f1xx.o [1]
APBPrescTable            0x800'4328    0x8  Data  Gb  system_stm32f1xx.o [1]
B13                     0x2000'0000    0x8  Data  Lc  main.o [1]
BSP::BtnPoll::BtnPoll(HAL::Gpio::Pin_t, BSP::BtnPoll::Pull_t, unsigned char, HAL::Callback *, HAL::Callback *)
                         0x800'28e1   0x56  Code  Gb  BtnPoll.o [1]
BSP::INA219::HwInit()    0x800'2969    0xe  Code  Gb  INA219.o [1]
BSP::INA219::INA219(HAL::I2CIntr *, unsigned char)
                         0x800'2961    0x6  Code  Gb  INA219.o [1]
BSP::INA219::~INA219()   0x800'2967    0x2  Code  Gb  INA219.o [1]
BusFault_Handler         0x800'4007    0x2  Code  Gb  stm32f1xx_it.o [1]
CAN1_RX1_IRQHandler      0x800'3b77    0xa  Code  Gb  InterruptHandlers.o [1]
CAN1_SCE_IRQHandler      0x800'3b81    0xa  Code  Gb  InterruptHandlers.o [1]
CCWCallback::CCWCallback()
                         0x800'285d    0xc  Code  Gb  main.o [1]
CCWCallback::CallbackFunction()
                         0x800'423d   0x10  Code  Gb  main.o [1]
CCWCallback::CallbackFunction()::CCW
                        0x2000'09ac    0x4  Data  Gb  main.o [1]
CCW_Callback            0x2000'09bc    0x4  Data  Gb  main.o [1]
CSTACK$$Base            0x2000'0be8          --   Gb  - Linker created -
CSTACK$$Limit           0x2000'13e8          --   Gb  - Linker created -
CWCallback::CWCallback()
                         0x800'2851    0xc  Code  Gb  main.o [1]
CWCallback::CallbackFunction()
                         0x800'422d   0x10  Code  Gb  main.o [1]
CWCallback::CallbackFunction()::CW
                        0x2000'09a8    0x4  Data  Gb  main.o [1]
CW_Callback             0x2000'09b8    0x4  Data  Gb  main.o [1]
CurrentCallback         0x2000'0a14    0x4  Data  Lc  main.o [1]
CurrentCallback_t::CallbackFunction()
                         0x800'3e25   0x3c  Code  Gb  main.o [1]
CurrentCallback_t::CallbackFunction()::CallbackCurrent
                        0x2000'0a0c    0x4  Data  Gb  main.o [1]
CurrentCallback_t::CurrentCallback_t()
                         0x800'2955    0xc  Code  Gb  main.o [1]
CurrentReg              0x2000'0011    0x1  Data  Lc  main.o [1]
CurrentTxnStatus        0x2000'0a47    0x1  Data  Lc  main.o [1]
CurrentValue            0x2000'0a42    0x2  Data  Lc  main.o [1]
DMA1_Channel1_IRQHandler
                         0x800'3b13    0xa  Code  Gb  InterruptHandlers.o [1]
DMA1_Channel2_IRQHandler
                         0x800'3b1d    0xa  Code  Gb  InterruptHandlers.o [1]
DMA1_Channel3_IRQHandler
                         0x800'3b27    0xa  Code  Gb  InterruptHandlers.o [1]
DMA1_Channel4_IRQHandler
                         0x800'3b31    0xa  Code  Gb  InterruptHandlers.o [1]
DMA1_Channel5_IRQHandler
                         0x800'3b3b    0xa  Code  Gb  InterruptHandlers.o [1]
DMA1_Channel6_IRQHandler
                         0x800'3b45    0xa  Code  Gb  InterruptHandlers.o [1]
DMA1_Channel7_IRQHandler
                         0x800'3b4f    0xa  Code  Gb  InterruptHandlers.o [1]
DebugMon_Handler         0x800'400d    0x2  Code  Gb  stm32f1xx_it.o [1]
DtorRecArray            0x2000'0a50    0xc  Data  Lc  cppinit.o [2]
EXTI0_IRQHandler         0x800'3ae1    0xa  Code  Gb  InterruptHandlers.o [1]
EXTI15_10_IRQHandler     0x800'3c35    0xa  Code  Gb  InterruptHandlers.o [1]
EXTI1_IRQHandler         0x800'3aeb    0xa  Code  Gb  InterruptHandlers.o [1]
EXTI2_IRQHandler         0x800'3af5    0xa  Code  Gb  InterruptHandlers.o [1]
EXTI3_IRQHandler         0x800'3aff    0xa  Code  Gb  InterruptHandlers.o [1]
EXTI4_IRQHandler         0x800'3b09    0xa  Code  Gb  InterruptHandlers.o [1]
EXTI9_5_IRQHandler       0x800'3b8b    0xa  Code  Gb  InterruptHandlers.o [1]
FLASH_IRQHandler         0x800'3acd    0xa  Code  Gb  InterruptHandlers.o [1]
Falling                 0x2000'09a4    0x4  Data  Gb  main.o [1]
FallingCallback::CallbackFunction()
                         0x800'421d   0x10  Code  Gb  main.o [1]
FallingCallback::CallbackFunction()::falling
                        0x2000'099c    0x4  Data  Gb  main.o [1]
FallingCallback::FallingCallback()
                         0x800'2845    0xc  Code  Gb  main.o [1]
HAL::Gpio::ClockEnable()
                         0x800'1743   0x5c  Code  Gb  Gpio.o [1]
HAL::Gpio::Gpio(HAL::Gpio::Pin_t)
                         0x800'276b   0x26  Code  Gb  I2CPoll.o [1]
HAL::Gpio::Gpio(HAL::Gpio::Pin_t) [subobject]
                         0x800'16e5    0xe  Code  Gb  I2CPoll.o [1]
HAL::Gpio::getPin(HAL::Gpio::Pin_t)
                         0x800'3671   0x14  Code  Gb  main.o [1]
HAL::Gpio::getPort(HAL::Gpio::Pin_t)
                         0x800'3649   0x28  Code  Gb  main.o [1]
HAL::Gpio::get_LL_pin(unsigned short) const
                         0x800'16f5   0x38  Code  Gb  I2CPoll.o [1]
HAL::GpioInput::GpioInput(HAL::Gpio::Pin_t, HAL::GpioInput::GpioInput_Params_t, HAL::GpioInput::uint32_t, HAL::Callback *)
                         0x800'368b   0x3e  Code  Gb  GpioInput.o [1]
HAL::GpioInput::ISR(IRQn_Type)
                         0x800'36c9   0x34  Code  Gb  GpioInput.o [1]
HAL::GpioInput::_GpioCallbacks
                        0x2000'080c   0x40  Data  Gb  GpioInput.o [1]
HAL::GpioOutput::GpioOutput(HAL::Gpio::Pin_t, HAL::GpioOutput::GpioOutput_Params_t)
                         0x800'1257   0x18  Code  Gb  I2CPoll.o [1]
HAL::GpioOutput::HwInit(void *)
                         0x800'12ed   0x40  Code  Gb  GpioOutput.o [1]
HAL::GpioOutput::SetPinSpeed(HAL::GpioOutput::GpioOutputSpeed_t)
                         0x800'132d   0x1c  Code  Gb  I2CPoll.o [1]
HAL::GpioOutput::Toggle()
                         0x800'42fd    0xe  Code  Gb  main.o [1]
HAL::GpioOutput::get_GPIO_InitTypeDef(LL_GPIO_InitTypeDef *)
                         0x800'128b   0x62  Code  Gb  GpioOutput.o [1]
HAL::I2CIntr::Busy(unsigned int)
                         0x800'1585   0x2c  Code  Gb  main.o [1]
HAL::I2CIntr::ClockEnable()
                         0x800'1349   0x30  Code  Gb  I2CIntr.o [1]
HAL::I2CIntr::GetState()
                         0x800'29db    0x4  Code  Gb  main.o [1]
HAL::I2CIntr::HwInit(void *)
                         0x800'0253   0xba  Code  Gb  I2CIntr.o [1]
HAL::I2CIntr::I2CIntr(HAL::Gpio::Pin_t, HAL::Gpio::Pin_t, unsigned int)
                         0x800'01ab   0xa8  Code  Gb  I2CIntr.o [1]
HAL::I2CIntr::ISR(IRQn_Type)
                         0x800'0809  0x144  Code  Gb  I2CIntr.o [1]
HAL::I2CIntr::InteruptControl(HAL::I2CIntr::I2CInterrupt_t)
                         0x800'0789   0x80  Code  Gb  I2CIntr.o [1]
HAL::I2CIntr::MasterRx(HAL::I2CIntr::Transaction_t *)
                         0x800'05a9   0x28  Code  Gb  I2CIntr.o [1]
HAL::I2CIntr::MasterRx(unsigned short, unsigned char *, unsigned int, HAL::I2CIntr::I2CStatus_t *, HAL::Callback *)
                         0x800'0509   0xa0  Code  Gb  I2CIntr.o [1]
HAL::I2CIntr::MasterTx(HAL::I2CIntr::Transaction_t *)
                         0x800'04e1   0x28  Code  Gb  I2CIntr.o [1]
HAL::I2CIntr::MasterTx(unsigned short, unsigned char *, unsigned int, HAL::I2CIntr::I2CStatus_t *, HAL::Callback *)
                         0x800'0321   0xa0  Code  Gb  I2CIntr.o [1]
HAL::I2CIntr::MasterTxRx(HAL::I2CIntr::Transaction_t *)
                         0x800'0689   0x38  Code  Gb  I2CIntr.o [1]
HAL::I2CIntr::MasterTxRx(unsigned short, unsigned char *, unsigned int, unsigned char *, unsigned int, unsigned char, HAL::I2CIntr::I2CStatus_t *, HAL::Callback *)
                         0x800'05d1   0xb8  Code  Gb  I2CIntr.o [1]
HAL::I2CIntr::Master_ADDR_Handler()
                         0x800'0a31  0x274  Code  Gb  I2CIntr.o [1]
HAL::I2CIntr::Master_AF_Handler()
                         0x800'118f   0x2e  Code  Gb  I2CIntr.o [1]
HAL::I2CIntr::Master_AL_Handler()
                         0x800'11fb   0x2e  Code  Gb  I2CIntr.o [1]
HAL::I2CIntr::Master_BERR_Handler()
                         0x800'115b   0x34  Code  Gb  I2CIntr.o [1]
HAL::I2CIntr::Master_OVR_Handler()
                         0x800'1229   0x2e  Code  Gb  I2CIntr.o [1]
HAL::I2CIntr::Master_RxNE_Handler()
                         0x800'0ca5   0x90  Code  Gb  I2CIntr.o [1]
HAL::I2CIntr::Master_Rx_BTF_Handler()
                         0x800'0d55   0xea  Code  Gb  I2CIntr.o [1]
HAL::I2CIntr::Master_SB_Handler()
                         0x800'094d   0xe4  Code  Gb  I2CIntr.o [1]
HAL::I2CIntr::Master_TxE_Handler()
                         0x800'0d35   0x20  Code  Gb  I2CIntr.o [1]
HAL::I2CIntr::Master_Tx_BTF_Handler()
                         0x800'0e3f   0xf0  Code  Gb  I2CIntr.o [1]
HAL::I2CIntr::Post(HAL::I2CIntr::Transaction_t *)
                         0x800'06c1   0xa2  Code  Gb  I2CIntr.o [1]
HAL::I2CIntr::ReadRxData()
                         0x800'3e0d   0x14  Code  Gb  main.o [1]
HAL::I2CIntr::SetCallback(HAL::I2CIntr::I2CCallbackType_t, HAL::Callback *)
                         0x800'0763   0x26  Code  Gb  I2CIntr.o [1]
HAL::I2CIntr::SlaveRxDataAvailable()
                         0x800'3dfd   0x10  Code  Gb  main.o [1]
HAL::I2CIntr::Slave_ADDR_Handler()
                         0x800'0f2f   0x32  Code  Gb  I2CIntr.o [1]
HAL::I2CIntr::Slave_AF_Handler()
                         0x800'11bd   0x3e  Code  Gb  I2CIntr.o [1]
HAL::I2CIntr::Slave_RxNE_Handler()
                         0x800'10af   0x6e  Code  Gb  I2CIntr.o [1]
HAL::I2CIntr::Slave_Rx_BTF_Handler()
                         0x800'0fd9   0x5e  Code  Gb  I2CIntr.o [1]
HAL::I2CIntr::Slave_STOP_Handler()
                         0x800'111d   0x3e  Code  Gb  I2CIntr.o [1]
HAL::I2CIntr::Slave_TxE_Handler()
                         0x800'1037   0x78  Code  Gb  I2CIntr.o [1]
HAL::I2CIntr::Slave_Tx_BTF_Handler()
                         0x800'0f61   0x78  Code  Gb  I2CIntr.o [1]
HAL::I2CIntr::SoftReset()
                         0x800'16cb   0x1a  Code  Gb  I2CIntr.o [1]
HAL::I2CIntr::Start()    0x800'15b1    0xc  Code  Gb  I2CIntr.o [1]
HAL::I2CIntr::StartListening()
                         0x800'299d   0x3e  Code  Gb  main.o [1]
HAL::I2CIntr::Stop()     0x800'03c1  0x120  Code  Gb  I2CIntr.o [1]
HAL::I2CIntr::StopFlagCleared(unsigned int)
                         0x800'15f7   0x1c  Code  Gb  I2CIntr.o [1]
HAL::I2CIntr::~I2CIntr()
                         0x800'3eb1   0x28  Code  Gb  main.o [1]
HAL::I2CPoll::I2CPoll(HAL::Gpio::Pin_t, HAL::Gpio::Pin_t, unsigned int)
                         0x800'1959   0x72  Code  Gb  I2CPoll.o [1]
HAL::InterruptManager::ClearInterrupt(IRQn_Type)
                         0x800'3c53   0x10  Code  Gb  InterruptHandlers.o [1]
HAL::InterruptManager::GetInstance()
                         0x800'155b   0x10  Code  Gb  InterruptManager.o [1]
HAL::InterruptManager::GetInstance()::interruptManInst
                        0x2000'0a45    0x1  Data  Lc  InterruptManager.o [1]
HAL::InterruptManager::GetInstance()::static guard for interruptManInst
                        0x2000'0a44    0x1  Data  Lc  InterruptManager.o [1]
HAL::InterruptManager::RegisterDeviceInterrupt(IRQn_Type, unsigned int, HAL::InterruptSource *)
                         0x800'151d   0x3e  Code  Gb  InterruptManager.o [1]
HAL::InterruptManager::_InterruptSourceArray
                        0x2000'070c  0x100  Data  Gb  InterruptManager.o [1]
HAL::Nvic_Handler(IRQn_Type)
                         0x800'3a63   0x3a  Code  Gb  InterruptHandlers.o [1]
HAL_GetTick              0x800'37f9    0xc  Code  Wk  stm32f1xx_hal.o [1]
HAL_IncTick              0x800'401d   0x18  Code  Wk  stm32f1xx_hal.o [1]
HAL_Init                 0x800'2d7d   0x20  Code  Gb  stm32f1xx_hal.o [1]
HAL_InitTick             0x800'37ad   0x4c  Code  Wk  stm32f1xx_hal.o [1]
HAL_NVIC_SetPriority     0x800'35cd   0x2a  Code  Gb  stm32f1xx_hal_cortex.o [1]
HAL_NVIC_SetPriorityGrouping
                         0x800'35c1    0xc  Code  Gb  stm32f1xx_hal_cortex.o [1]
HAL_RCCEx_PeriphCLKConfig
                         0x800'33d1  0x118  Code  Gb  stm32f1xx_hal_rcc_ex.o [1]
HAL_RCC_ClockConfig      0x800'3165  0x190  Code  Gb  stm32f1xx_hal_rcc.o [1]
HAL_RCC_GetHCLKFreq      0x800'3365    0x6  Code  Gb  stm32f1xx_hal_rcc.o [1]
HAL_RCC_GetSysClockFreq
                         0x800'32f5   0x70  Code  Gb  stm32f1xx_hal_rcc.o [1]
HAL_RCC_OscConfig        0x800'2da5  0x3c0  Code  Gb  stm32f1xx_hal_rcc.o [1]
HAL_SYSTICK_CLKSourceConfig
                         0x800'3603   0x1c  Code  Gb  stm32f1xx_hal_cortex.o [1]
HAL_SYSTICK_Config       0x800'35f7    0xc  Code  Gb  stm32f1xx_hal_cortex.o [1]
HAL_SYSTICK_IRQHandler   0x800'363d    0x8  Code  Gb  stm32f1xx_hal_cortex.o [1]
HardFault_Handler        0x800'4003    0x2  Code  Gb  stm32f1xx_it.o [1]
I2C1_ER_IRQHandler       0x800'3be5    0xa  Code  Gb  InterruptHandlers.o [1]
I2C1_EV_IRQHandler       0x800'3bdb    0xa  Code  Gb  InterruptHandlers.o [1]
I2C2_ER_IRQHandler       0x800'3bf9    0xa  Code  Gb  InterruptHandlers.o [1]
I2C2_EV_IRQHandler       0x800'3bef    0xa  Code  Gb  InterruptHandlers.o [1]
I2CCallback::CallbackFunction()
                         0x800'42ed   0x10  Code  Gb  main.o [1]
I2CCallback::I2CCallback()
                         0x800'2979    0xc  Code  Gb  main.o [1]
I2CDev                  0x2000'0920   0x1c  Data  Gb  main.o [1]
I2CDevIntr              0x2000'0014  0x6f8  Data  Lc  main.o [1]
I2CIntr_Test()           0x800'1c7d  0x97a  Code  Gb  main.o [1]
I2CIntr_Test()::Current
                        0x2000'0a1c    0x4  Data  Lc  main.o [1]
I2CIntr_Test()::I2CRxDoneCallback
                        0x2000'0a28    0x4  Data  Lc  main.o [1]
I2CIntr_Test()::I2CRxQueueFullCallback
                        0x2000'0a24    0x4  Data  Lc  main.o [1]
I2CIntr_Test()::I2C_XferDone_Callback
                        0x2000'0a20    0x4  Data  Lc  main.o [1]
I2CIntr_Test()::INA219_Dev
                        0x2000'08fc   0x24  Data  Lc  main.o [1]
I2CIntr_Test()::Q_Fail  0x2000'0a30    0x4  Data  Lc  main.o [1]
I2CIntr_Test()::Q_Sucess
                        0x2000'0a2c    0x4  Data  Lc  main.o [1]
I2CIntr_Test()::Voltage
                        0x2000'0a18    0x4  Data  Lc  main.o [1]
I2CIntr_Test()::static guard for I2CRxDoneCallback
                        0x2000'0a4c    0x1  Data  Lc  main.o [1]
I2CIntr_Test()::static guard for I2CRxQueueFullCallback
                        0x2000'0a4b    0x1  Data  Lc  main.o [1]
I2CIntr_Test()::static guard for I2C_XferDone_Callback
                        0x2000'0a4a    0x1  Data  Lc  main.o [1]
I2CIntr_Test()::static guard for INA219_Dev
                        0x2000'0a49    0x1  Data  Lc  main.o [1]
I2CRxDoneCallback_t::CallbackFunction()
                         0x800'3dbd   0x40  Code  Gb  main.o [1]
I2CRxDoneCallback_t::I2CRxDoneCallback_t()
                         0x800'2991    0xc  Code  Gb  main.o [1]
I2CRxFullCallback_t::CallbackFunction()
                         0x800'3f29   0x24  Code  Gb  main.o [1]
I2CRxFullCallback_t::I2CRxFullCallback_t()
                         0x800'2985    0xc  Code  Gb  main.o [1]
Intr_TxRx               0x2000'0984   0x14  Data  Lc  main.o [1]
Key0                    0x2000'084c   0x2c  Data  Gb  main.o [1]
Key0FallCB              0x2000'09ec    0x4  Data  Gb  main.o [1]
Key0FallCallback::CallbackFunction()
                         0x800'427d   0x10  Code  Gb  main.o [1]
Key0FallCallback::CallbackFunction()::Key0Fall
                        0x2000'09cc    0x4  Data  Gb  main.o [1]
Key0FallCallback::Key0FallCallback()
                         0x800'288d    0xc  Code  Gb  main.o [1]
Key0RiseCB              0x2000'09e8    0x4  Data  Gb  main.o [1]
Key0RiseCallback::CallbackFunction()
                         0x800'426d   0x10  Code  Gb  main.o [1]
Key0RiseCallback::CallbackFunction()::Key0Rise
                        0x2000'09c8    0x4  Data  Gb  main.o [1]
Key0RiseCallback::Key0RiseCallback()
                         0x800'2881    0xc  Code  Gb  main.o [1]
Key1                    0x2000'0878   0x2c  Data  Gb  main.o [1]
Key1FallCB              0x2000'09f4    0x4  Data  Gb  main.o [1]
Key1FallCallback::CallbackFunction()
                         0x800'429d   0x10  Code  Gb  main.o [1]
Key1FallCallback::CallbackFunction()::Key1Fall
                        0x2000'09d4    0x4  Data  Gb  main.o [1]
Key1FallCallback::Key1FallCallback()
                         0x800'28a5    0xc  Code  Gb  main.o [1]
Key1RiseCB              0x2000'09f0    0x4  Data  Gb  main.o [1]
Key1RiseCallback::CallbackFunction()
                         0x800'428d   0x10  Code  Gb  main.o [1]
Key1RiseCallback::CallbackFunction()::Key1Rise
                        0x2000'09d0    0x4  Data  Gb  main.o [1]
Key1RiseCallback::Key1RiseCallback()
                         0x800'2899    0xc  Code  Gb  main.o [1]
Key2                    0x2000'08a4   0x2c  Data  Gb  main.o [1]
Key2FallCB              0x2000'09fc    0x4  Data  Gb  main.o [1]
Key2FallCallback::CallbackFunction()
                         0x800'42bd   0x10  Code  Gb  main.o [1]
Key2FallCallback::CallbackFunction()::Key2Fall
                        0x2000'09dc    0x4  Data  Gb  main.o [1]
Key2FallCallback::Key2FallCallback()
                         0x800'28bd    0xc  Code  Gb  main.o [1]
Key2RiseCB              0x2000'09f8    0x4  Data  Gb  main.o [1]
Key2RiseCallback::CallbackFunction()
                         0x800'42ad   0x10  Code  Gb  main.o [1]
Key2RiseCallback::CallbackFunction()::Key2Rise
                        0x2000'09d8    0x4  Data  Gb  main.o [1]
Key2RiseCallback::Key2RiseCallback()
                         0x800'28b1    0xc  Code  Gb  main.o [1]
Key3                    0x2000'08d0   0x2c  Data  Gb  main.o [1]
Key3FallCB              0x2000'0a04    0x4  Data  Gb  main.o [1]
Key3FallCallback::CallbackFunction()
                         0x800'42dd   0x10  Code  Gb  main.o [1]
Key3FallCallback::CallbackFunction()::Key3Fall
                        0x2000'09e4    0x4  Data  Gb  main.o [1]
Key3FallCallback::Key3FallCallback()
                         0x800'28d5    0xc  Code  Gb  main.o [1]
Key3RiseCB              0x2000'0a00    0x4  Data  Gb  main.o [1]
Key3RiseCallback::CallbackFunction()
                         0x800'42cd   0x10  Code  Gb  main.o [1]
Key3RiseCallback::CallbackFunction()::Key3Rise
                        0x2000'09e0    0x4  Data  Gb  main.o [1]
Key3RiseCallback::Key3RiseCallback()
                         0x800'28c9    0xc  Code  Gb  main.o [1]
LL_GPIO_Init             0x800'188d   0x90  Code  Gb  stm32f1xx_ll_gpio.o [1]
LL_I2C_Init              0x800'1471   0x46  Code  Gb  stm32f1xx_ll_i2c.o [1]
LL_RCC_GetSystemClocksFreq
                         0x800'1a1b   0x24  Code  Gb  stm32f1xx_ll_rcc.o [1]
LL_mDelay                0x800'2d55   0x24  Code  Gb  stm32f1xx_ll_utils.o [1]
MemManage_Handler        0x800'4005    0x2  Code  Gb  stm32f1xx_it.o [1]
NMI_Handler              0x800'4001    0x2  Code  Gb  stm32f1xx_it.o [1]
PVD_IRQHandler           0x800'3aaf    0xa  Code  Gb  InterruptHandlers.o [1]
PendSV_Handler           0x800'400f    0x2  Code  Gb  stm32f1xx_it.o [1]
RCC_GetHCLKClockFreq(unsigned int)
                         0x800'1a67   0x16  Code  Gb  stm32f1xx_ll_rcc.o [1]
RCC_GetPCLK1ClockFreq(unsigned int)
                         0x800'1a7d   0x14  Code  Gb  stm32f1xx_ll_rcc.o [1]
RCC_GetPCLK2ClockFreq(unsigned int)
                         0x800'1a91   0x14  Code  Gb  stm32f1xx_ll_rcc.o [1]
RCC_GetSystemClockFreq()
                         0x800'1a3f   0x28  Code  Gb  stm32f1xx_ll_rcc.o [1]
RCC_IRQHandler           0x800'3ad7    0xa  Code  Gb  InterruptHandlers.o [1]
RCC_PLL_GetFreqDomain_SYS()
                         0x800'1aa5   0x3c  Code  Gb  stm32f1xx_ll_rcc.o [1]
RTC_Alarm_IRQHandler     0x800'3c3f    0xa  Code  Gb  InterruptHandlers.o [1]
RTC_IRQHandler           0x800'3ac3    0xa  Code  Gb  InterruptHandlers.o [1]
Region$$Table$$Base      0x800'3f4c          --   Gb  - Linker created -
Region$$Table$$Limit     0x800'3f74          --   Gb  - Linker created -
Rising                  0x2000'09a0    0x4  Data  Gb  main.o [1]
RisingCallback::CallbackFunction()
                         0x800'420d   0x10  Code  Gb  main.o [1]
RisingCallback::CallbackFunction()::rising
                        0x2000'0998    0x4  Data  Gb  main.o [1]
RisingCallback::RisingCallback()
                         0x800'2839    0xc  Code  Gb  main.o [1]
SHT$$INIT_ARRAY$$Base    0x800'4330          --   Gb  - Linker created -
SHT$$INIT_ARRAY$$Limit   0x800'4334          --   Gb  - Linker created -
SHT$$PREINIT_ARRAY$$Base
                         0x800'4330          --   Gb  - Linker created -
SHT$$PREINIT_ARRAY$$Limit
                         0x800'4330          --   Gb  - Linker created -
SPI1_IRQHandler          0x800'3c03    0xa  Code  Gb  InterruptHandlers.o [1]
SPI2_IRQHandler          0x800'3c0d    0xa  Code  Gb  InterruptHandlers.o [1]
SVC_Handler              0x800'400b    0x2  Code  Gb  stm32f1xx_it.o [1]
SWFallCallback::CallbackFunction()
                         0x800'425d   0x10  Code  Gb  main.o [1]
SWFallCallback::CallbackFunction()::SWFall
                        0x2000'09b4    0x4  Data  Gb  main.o [1]
SWFallCallback::SWFallCallback()
                         0x800'2875    0xc  Code  Gb  main.o [1]
SWRiseCallback::CallbackFunction()
                         0x800'424d   0x10  Code  Gb  main.o [1]
SWRiseCallback::CallbackFunction()::SWRise
                        0x2000'09b0    0x4  Data  Gb  main.o [1]
SWRiseCallback::SWRiseCallback()
                         0x800'2869    0xc  Code  Gb  main.o [1]
SW_Fall                 0x2000'09c4    0x4  Data  Gb  main.o [1]
SW_Rise                 0x2000'09c0    0x4  Data  Gb  main.o [1]
Status                  0x2000'0a46    0x1  Data  Lc  main.o [1]
SysTick_Handler          0x800'4011    0xc  Code  Gb  stm32f1xx_it.o [1]
SystemClock_Config()     0x800'2609   0xa4  Code  Gb  main.o [1]
SystemCoreClock         0x2000'000c    0x4  Data  Gb  system_stm32f1xx.o [1]
SystemInit               0x800'3cd9   0x3e  Code  Gb  system_stm32f1xx.o [1]
TAMPER_IRQHandler        0x800'3ab9    0xa  Code  Gb  InterruptHandlers.o [1]
TIM1_BRK_IRQHandler      0x800'3b95    0xa  Code  Gb  InterruptHandlers.o [1]
TIM1_CC_IRQHandler       0x800'3bb3    0xa  Code  Gb  InterruptHandlers.o [1]
TIM1_TRG_COM_IRQHandler
                         0x800'3ba9    0xa  Code  Gb  InterruptHandlers.o [1]
TIM1_UP_IRQHandler       0x800'3b9f    0xa  Code  Gb  InterruptHandlers.o [1]
TIM2_IRQHandler          0x800'3bbd    0xa  Code  Gb  InterruptHandlers.o [1]
TIM3_IRQHandler          0x800'3bc7    0xa  Code  Gb  InterruptHandlers.o [1]
TIM4_IRQHandler          0x800'3bd1    0xa  Code  Gb  InterruptHandlers.o [1]
Transaction             0x2000'093c   0x18  Data  Lc  main.o [1]
Transaction1            0x2000'0954   0x18  Data  Lc  main.o [1]
Transaction2            0x2000'096c   0x18  Data  Lc  main.o [1]
USART1_IRQHandler        0x800'3c17    0xa  Code  Gb  InterruptHandlers.o [1]
USART2_IRQHandler        0x800'3c21    0xa  Code  Gb  InterruptHandlers.o [1]
USART3_IRQHandler        0x800'3c2b    0xa  Code  Gb  InterruptHandlers.o [1]
USBWakeUp_IRQHandler     0x800'3c49    0xa  Code  Gb  InterruptHandlers.o [1]
USB_HP_CAN1_TX_IRQHandler
                         0x800'3b63    0xa  Code  Gb  InterruptHandlers.o [1]
USB_LP_CAN1_RX0_IRQHandler
                         0x800'3b6d    0xa  Code  Gb  InterruptHandlers.o [1]
UsageFault_Handler       0x800'4009    0x2  Code  Gb  stm32f1xx_it.o [1]
Utils::Queue<HAL::I2CIntr::Transaction_t *, (unsigned int)10>::Available()
                         0x800'15bd    0x4  Code  Gb  I2CIntr.o [1]
Utils::Queue<HAL::I2CIntr::Transaction_t *, (unsigned int)10>::IsQueueEmpty()
                         0x800'273b   0x12  Code  Gb  I2CIntr.o [1]
Utils::Queue<HAL::I2CIntr::Transaction_t *, (unsigned int)10>::IsQueueFull()
                         0x800'274d   0x1e  Code  Gb  I2CIntr.o [1]
Utils::Queue<HAL::I2CIntr::Transaction_t *, (unsigned int)10>::Queue()
                         0x800'126f    0xe  Code  Gb  I2CIntr.o [1]
Utils::Queue<HAL::I2CIntr::Transaction_t *, (unsigned int)10>::Read(HAL::I2CIntr::Transaction_t *&)
                         0x800'15c1   0x36  Code  Gb  I2CIntr.o [1]
Utils::Queue<HAL::I2CIntr::Transaction_t *, (unsigned int)10>::Write(HAL::I2CIntr::Transaction_t *)
                         0x800'1613   0x34  Code  Gb  I2CIntr.o [1]
Utils::Queue<HAL::I2CIntr::Transaction_t *, (unsigned int)10>::~Queue()
                         0x800'3edb    0x2  Code  Gb  main.o [1]
Utils::Queue<unsigned char, (unsigned int)64>::Available()
                         0x800'3e21    0x4  Code  Gb  main.o [1]
Utils::Queue<unsigned char, (unsigned int)64>::IsQueueEmpty()
                         0x800'1647   0x12  Code  Gb  main.o [1]
Utils::Queue<unsigned char, (unsigned int)64>::IsQueueFull()
                         0x800'1687   0x18  Code  Gb  main.o [1]
Utils::Queue<unsigned char, (unsigned int)64>::Queue()
                         0x800'127d    0xe  Code  Gb  I2CIntr.o [1]
Utils::Queue<unsigned char, (unsigned int)64>::Read(unsigned char &)
                         0x800'1659   0x2e  Code  Gb  main.o [1]
Utils::Queue<unsigned char, (unsigned int)64>::Write(unsigned char)
                         0x800'169f   0x2c  Code  Gb  main.o [1]
Utils::Queue<unsigned char, (unsigned int)64>::~Queue()
                         0x800'3ed9    0x2  Code  Gb  main.o [1]
Virtual function table for CCWCallback
                         0x800'4098   0x14  Data  Gb  main.o [1]
Virtual function table for CWCallback
                         0x800'4084   0x14  Data  Gb  main.o [1]
Virtual function table for CurrentCallback_t
                         0x800'41b0   0x14  Data  Gb  main.o [1]
Virtual function table for FallingCallback
                         0x800'4070   0x14  Data  Gb  main.o [1]
Virtual function table for HAL::GpioInput
                         0x800'4034   0x14  Data  Gb  GpioInput.o [1]
Virtual function table for HAL::I2CIntr
                         0x800'4048   0x14  Data  Gb  I2CIntr.o [1]
Virtual function table for I2CCallback
                         0x800'4174   0x14  Data  Gb  main.o [1]
Virtual function table for I2CRxDoneCallback_t
                         0x800'41c4   0x14  Data  Gb  main.o [1]
Virtual function table for I2CRxFullCallback_t
                         0x800'4188   0x14  Data  Gb  main.o [1]
Virtual function table for Key0FallCallback
                         0x800'40e8   0x14  Data  Gb  main.o [1]
Virtual function table for Key0RiseCallback
                         0x800'40d4   0x14  Data  Gb  main.o [1]
Virtual function table for Key1FallCallback
                         0x800'4110   0x14  Data  Gb  main.o [1]
Virtual function table for Key1RiseCallback
                         0x800'40fc   0x14  Data  Gb  main.o [1]
Virtual function table for Key2FallCallback
                         0x800'4138   0x14  Data  Gb  main.o [1]
Virtual function table for Key2RiseCallback
                         0x800'4124   0x14  Data  Gb  main.o [1]
Virtual function table for Key3FallCallback
                         0x800'4160   0x14  Data  Gb  main.o [1]
Virtual function table for Key3RiseCallback
                         0x800'414c   0x14  Data  Gb  main.o [1]
Virtual function table for RisingCallback
                         0x800'405c   0x14  Data  Gb  main.o [1]
Virtual function table for SWFallCallback
                         0x800'40c0   0x14  Data  Gb  main.o [1]
Virtual function table for SWRiseCallback
                         0x800'40ac   0x14  Data  Gb  main.o [1]
Virtual function table for VoltageCallback_t
                         0x800'419c   0x14  Data  Gb  main.o [1]
VoltageCallback         0x2000'0a10    0x4  Data  Lc  main.o [1]
VoltageCallback_t::CallbackFunction()
                         0x800'3d31   0x4c  Code  Gb  main.o [1]
VoltageCallback_t::CallbackFunction()::CallbackVoltage
                        0x2000'0a08    0x4  Data  Gb  main.o [1]
VoltageCallback_t::VoltageCallback_t()
                         0x800'2949    0xc  Code  Gb  main.o [1]
VoltageReg              0x2000'0010    0x1  Data  Lc  main.o [1]
VoltageTxnStatus        0x2000'0a48    0x1  Data  Lc  main.o [1]
VoltageValue            0x2000'0a40    0x2  Data  Lc  main.o [1]
WWDG_IRQHandler          0x800'3aa5    0xa  Code  Gb  InterruptHandlers.o [1]
[local to GpioInput_cpp]::LL_EXTI_ClearFlag_0_31(unsigned int)
                         0x800'3685    0x6  Code  Lc  GpioInput.o [1]
[local to Gpio_cpp]::LL_APB2_GRP1_EnableClock(unsigned int)
                         0x800'172d   0x16  Code  Lc  Gpio.o [1]
[local to I2CIntr_cpp]::LL_APB1_GRP1_EnableClock(unsigned int)
                         0x800'00ed   0x16  Code  Lc  I2CIntr.o [1]
[local to I2CIntr_cpp]::LL_I2C_ClearFlag_ADDR(I2C_TypeDef *)
                         0x800'013f   0x12  Code  Lc  I2CIntr.o [1]
[local to I2CIntr_cpp]::LL_I2C_ClearFlag_AF(I2C_TypeDef *)
                         0x800'0151    0xa  Code  Lc  I2CIntr.o [1]
[local to I2CIntr_cpp]::LL_I2C_ClearFlag_ARLO(I2C_TypeDef *)
                         0x800'0179    0xa  Code  Lc  I2CIntr.o [1]
[local to I2CIntr_cpp]::LL_I2C_ClearFlag_BERR(I2C_TypeDef *)
                         0x800'016f    0xa  Code  Lc  I2CIntr.o [1]
[local to I2CIntr_cpp]::LL_I2C_ClearFlag_OVR(I2C_TypeDef *)
                         0x800'0183    0xa  Code  Lc  I2CIntr.o [1]
[local to I2CIntr_cpp]::LL_I2C_ClearFlag_STOP(I2C_TypeDef *)
                         0x800'015b   0x14  Code  Lc  I2CIntr.o [1]
[local to I2CIntr_cpp]::LL_I2C_DisableIT_BUF(I2C_TypeDef *)
                         0x800'0121    0xa  Code  Lc  I2CIntr.o [1]
[local to I2CIntr_cpp]::LL_I2C_DisableIT_ERR(I2C_TypeDef *)
                         0x800'0135    0xa  Code  Lc  I2CIntr.o [1]
[local to I2CIntr_cpp]::LL_I2C_DisableIT_EVT(I2C_TypeDef *)
                         0x800'010d    0xa  Code  Lc  I2CIntr.o [1]
[local to I2CIntr_cpp]::LL_I2C_DisableReset(I2C_TypeDef *)
                         0x800'0197    0xa  Code  Lc  I2CIntr.o [1]
[local to I2CIntr_cpp]::LL_I2C_EnableIT_BUF(I2C_TypeDef *)
                         0x800'0117    0xa  Code  Lc  I2CIntr.o [1]
[local to I2CIntr_cpp]::LL_I2C_EnableIT_ERR(I2C_TypeDef *)
                         0x800'012b    0xa  Code  Lc  I2CIntr.o [1]
[local to I2CIntr_cpp]::LL_I2C_EnableIT_EVT(I2C_TypeDef *)
                         0x800'0103    0xa  Code  Lc  I2CIntr.o [1]
[local to I2CIntr_cpp]::LL_I2C_EnableReset(I2C_TypeDef *)
                         0x800'018d    0xa  Code  Lc  I2CIntr.o [1]
[local to I2CIntr_cpp]::LL_I2C_GenerateStartCondition(I2C_TypeDef *)
                         0x800'01a1    0xa  Code  Lc  I2CIntr.o [1]
[local to I2CPoll_cpp]::LL_GPIO_SetPinSpeed(GPIO_TypeDef *, unsigned int, unsigned int)
                         0x800'191d   0x3c  Code  Lc  I2CPoll.o [1]
[local to InterruptHandlers_cpp]::NVIC_ClearPendingIRQ(IRQn_Type)
                         0x800'3a4d   0x16  Code  Lc  InterruptHandlers.o [1]
[local to InterruptManager_cpp]::NVIC_SetPriority(IRQn_Type, unsigned int)
                         0x800'14f1   0x2c  Code  Lc  InterruptManager.o [1]
[local to main_cpp]::LL_I2C_IsActiveFlag_BUSY(I2C_TypeDef *)
                         0x800'1c0d    0xa  Code  Lc  main.o [1]
[local to stm32f1xx_hal_cortex_c]::NVIC_EncodePriority(unsigned int, unsigned int, unsigned int)
                         0x800'3551   0x40  Code  Lc  stm32f1xx_hal_cortex.o [1]
[local to stm32f1xx_hal_cortex_c]::NVIC_GetPriorityGrouping()
                         0x800'351b    0xa  Code  Lc  stm32f1xx_hal_cortex.o [1]
[local to stm32f1xx_hal_cortex_c]::NVIC_SetPriority(IRQn_Type, unsigned int)
                         0x800'3525   0x2c  Code  Lc  stm32f1xx_hal_cortex.o [1]
[local to stm32f1xx_hal_cortex_c]::NVIC_SetPriorityGrouping(unsigned int)
                         0x800'34fd   0x1e  Code  Lc  stm32f1xx_hal_cortex.o [1]
[local to stm32f1xx_hal_cortex_c]::SysTick_Config(unsigned int)
                         0x800'3591   0x30  Code  Lc  stm32f1xx_hal_cortex.o [1]
[local to stm32f1xx_hal_rcc_c]::RCC_Delay(unsigned int)
                         0x800'336b   0x26  Code  Lc  stm32f1xx_hal_rcc.o [1]
[local to stm32f1xx_ll_gpio_c]::LL_GPIO_SetPinMode(GPIO_TypeDef *, unsigned int, unsigned int)
                         0x800'17b9   0x3c  Code  Lc  stm32f1xx_ll_gpio.o [1]
[local to stm32f1xx_ll_gpio_c]::LL_GPIO_SetPinOutputType(GPIO_TypeDef *, unsigned int, unsigned int)
                         0x800'1831   0x3c  Code  Lc  stm32f1xx_ll_gpio.o [1]
[local to stm32f1xx_ll_gpio_c]::LL_GPIO_SetPinPull(GPIO_TypeDef *, unsigned int, unsigned int)
                         0x800'186d   0x20  Code  Lc  stm32f1xx_ll_gpio.o [1]
[local to stm32f1xx_ll_gpio_c]::LL_GPIO_SetPinSpeed(GPIO_TypeDef *, unsigned int, unsigned int)
                         0x800'17f5   0x3c  Code  Lc  stm32f1xx_ll_gpio.o [1]
[local to stm32f1xx_ll_i2c_c]::LL_I2C_AcknowledgeNextData(I2C_TypeDef *, unsigned int)
                         0x800'1455    0xc  Code  Lc  stm32f1xx_ll_i2c.o [1]
[local to stm32f1xx_ll_i2c_c]::LL_I2C_ConfigSpeed(I2C_TypeDef *, unsigned int, unsigned int, unsigned int)
                         0x800'139f   0xaa  Code  Lc  stm32f1xx_ll_i2c.o [1]
[local to stm32f1xx_ll_i2c_c]::LL_I2C_Disable(I2C_TypeDef *)
                         0x800'1383    0xa  Code  Lc  stm32f1xx_ll_i2c.o [1]
[local to stm32f1xx_ll_i2c_c]::LL_I2C_Enable(I2C_TypeDef *)
                         0x800'1379    0xa  Code  Lc  stm32f1xx_ll_i2c.o [1]
[local to stm32f1xx_ll_i2c_c]::LL_I2C_SetMode(I2C_TypeDef *, unsigned int)
                         0x800'1449    0xc  Code  Lc  stm32f1xx_ll_i2c.o [1]
[local to stm32f1xx_ll_i2c_c]::LL_I2C_SetOwnAddress1(I2C_TypeDef *, unsigned int, unsigned int)
                         0x800'138d   0x12  Code  Lc  stm32f1xx_ll_i2c.o [1]
[local to stm32f1xx_ll_rcc_c]::LL_RCC_GetAHBPrescaler()
                         0x800'19df    0xa  Code  Lc  stm32f1xx_ll_rcc.o [1]
[local to stm32f1xx_ll_rcc_c]::LL_RCC_GetAPB1Prescaler()
                         0x800'19e9    0xa  Code  Lc  stm32f1xx_ll_rcc.o [1]
[local to stm32f1xx_ll_rcc_c]::LL_RCC_GetAPB2Prescaler()
                         0x800'19f3    0xa  Code  Lc  stm32f1xx_ll_rcc.o [1]
[local to stm32f1xx_ll_rcc_c]::LL_RCC_GetSysClkSource()
                         0x800'19d5    0xa  Code  Lc  stm32f1xx_ll_rcc.o [1]
[local to stm32f1xx_ll_rcc_c]::LL_RCC_PLL_GetMainSource()
                         0x800'19fd    0xa  Code  Lc  stm32f1xx_ll_rcc.o [1]
[local to stm32f1xx_ll_rcc_c]::LL_RCC_PLL_GetMultiplicator()
                         0x800'1a07    0xa  Code  Lc  stm32f1xx_ll_rcc.o [1]
[local to stm32f1xx_ll_rcc_c]::LL_RCC_PLL_GetPrediv()
                         0x800'1a11    0xa  Code  Lc  stm32f1xx_ll_rcc.o [1]
_Error_Handler           0x800'2739    0x2  Code  Gb  main.o [1]
__aeabi_atexit           0x800'293d    0xa  Code  Gb  cxxabi.o [3]
__aeabi_d2f              0x800'2bf1         Code  Gb  DblToFlt.o [4]
__aeabi_ddiv             0x800'3805         Code  Gb  DblDiv.o [4]
__aeabi_dmul             0x800'2a4d         Code  Gb  DblMul.o [4]
__aeabi_f2d              0x800'2a05         Code  Gb  FltToDbl.o [4]
__aeabi_fdiv             0x800'2c59         Code  Gb  FltDiv.o [4]
__aeabi_i2d              0x800'3e61         Code  Gb  S32ToDbl.o [4]
__aeabi_i2f              0x800'29e1         Code  Gb  S32ToFlt.o [4]
__aeabi_memcpy           0x800'2791         Code  Gb  ABImemcpy.o [5]
__aeabi_memcpy4          0x800'27b1         Code  Gb  ABImemcpy.o [5]
__aeabi_memcpy8          0x800'27b1         Code  Gb  ABImemcpy.o [5]
__call_ctors             0x800'370d   0x18  Code  Gb  cppinit.o [2]
__call_dtors             0x800'375b    0xc  Code  Gb  cppinit.o [2]
__call_dtors0            0x800'3767   0x36  Code  Gb  cppinit.o [2]
__cexit_call_dtors       0x800'3fdf         Code  Gb  cexit.o [5]
__cmain                  0x800'3fb5         Code  Gb  cmain.o [5]
__cstart_call_dtors      0x800'4334         Data  Gb  cstart_call_dtors.o [5]
__cxa_atexit             0x800'3725   0x36  Code  Gb  cppinit.o [2]
__dso_handle            0x2000'0a3c    0x4  Data  Gb  cppinit.o [2]
__exit                   0x800'3fed   0x14  Code  Gb  exit.o [6]
__iar_copy_init3         0x800'3e83   0x2c  Code  Gb  copy_init3.o [5]
__iar_cstart_call_ctors
                         0x800'3f95   0x20  Code  Gb  cmain_call_ctors.o [5]
__iar_data_init3         0x800'3edd   0x28  Code  Gb  data_init.o [5]
__iar_debug_exceptions   0x800'2836    0x1  Data  Gb  unwind_debug.o [6]
__iar_program_start      0x800'431d         Code  Gb  cstartup_M.o [5]
__iar_tls$$INIT_ARRAY$$Base
                         0x800'4334          --   Gb  - Linker created -
__iar_tls$$INIT_ARRAY$$Limit
                         0x800'4334          --   Gb  - Linker created -
__iar_zero_init3         0x800'14b7   0x3a  Code  Gb  zero_init3.o [5]
__low_level_init         0x800'3fd3    0x4  Code  Gb  low_level_init.o [2]
__sti__routine           0x800'1af9  0x114  Code  Lc  main.o [1]
__vector_table           0x800'0000         Data  Gb  startup_stm32f103xb.o [1]
_call_main               0x800'3fc1         Code  Gb  cmain.o [5]
_exit                    0x800'3fdd         Code  Gb  cexit.o [5]
_main                    0x800'3fcf         Code  Gb  cmain.o [5]
exit                     0x800'3fd7    0x4  Code  Gb  exit.o [2]
main                     0x800'25f9   0x10  Code  Gb  main.o [1]
next_abi_dtor_rec       0x2000'0a38    0x4  Data  Lc  cppinit.o [2]
uwTick                  0x2000'0a34    0x4  Data  Gb  stm32f1xx_hal.o [1]
uwTickFreq              0x2000'0012    0x1  Data  Gb  stm32f1xx_hal.o [1]
uwTickPrio              0x2000'0008    0x4  Data  Gb  stm32f1xx_hal.o [1]


[1] = C:\Amit_Chaudhary\STM32\Projects\IAR\STM32F1xx_CPP_FW\STM32F1xx_CPP_FW - CPF - B4_BMP280_13_May_1\IAR\Debug\Obj
[2] = dl7M_tln.a
[3] = dlpp7M_tl_nc.a
[4] = m7M_tl.a
[5] = rt7M_tl.a
[6] = shb_l.a

  16 427 bytes of readonly  code memory
     777 bytes of readonly  data memory
   5 092 bytes of readwrite data memory

Errors: none
Warnings: none
