###############################################################################
#
# IAR ELF Linker V8.40.2.214/W32 for ARM                  14/Jan/2020  20:17:27
# Copyright 2007-2019 IAR Systems AB.
#
#    Output file  =
#        C:\Amit_Chaudhary\STM32F1xx_CPP_FW\STM32F1xx_CPP_FW - CPF - SPI 1.9 -
#        Spi clean - gpio init\IAR\Debug\Exe\Main.out
#    Map file     =
#        C:\Amit_Chaudhary\STM32F1xx_CPP_FW\STM32F1xx_CPP_FW - CPF - SPI 1.9 -
#        Spi clean - gpio init\IAR\Debug\List\Main.map
#    Command line =
#        -f C:\Users\AMITCH~1\AppData\Local\Temp\EWD08C.tmp
#        ("C:\Amit_Chaudhary\STM32F1xx_CPP_FW\STM32F1xx_CPP_FW - CPF - SPI 1.9
#        - Spi clean - gpio init\IAR\Debug\Obj\BMP280.o"
#        "C:\Amit_Chaudhary\STM32F1xx_CPP_FW\STM32F1xx_CPP_FW - CPF - SPI 1.9 -
#        Spi clean - gpio init\IAR\Debug\Obj\CmdSvr.o"
#        "C:\Amit_Chaudhary\STM32F1xx_CPP_FW\STM32F1xx_CPP_FW - CPF - SPI 1.9 -
#        Spi clean - gpio init\IAR\Debug\Obj\CPP_HAL.o"
#        "C:\Amit_Chaudhary\STM32F1xx_CPP_FW\STM32F1xx_CPP_FW - CPF - SPI 1.9 -
#        Spi clean - gpio init\IAR\Debug\Obj\DigitalIO_Test.o"
#        "C:\Amit_Chaudhary\STM32F1xx_CPP_FW\STM32F1xx_CPP_FW - CPF - SPI 1.9 -
#        Spi clean - gpio init\IAR\Debug\Obj\DMA.o"
#        "C:\Amit_Chaudhary\STM32F1xx_CPP_FW\STM32F1xx_CPP_FW - CPF - SPI 1.9 -
#        Spi clean - gpio init\IAR\Debug\Obj\fonts.o"
#        "C:\Amit_Chaudhary\STM32F1xx_CPP_FW\STM32F1xx_CPP_FW - CPF - SPI 1.9 -
#        Spi clean - gpio init\IAR\Debug\Obj\GpioInput.o"
#        "C:\Amit_Chaudhary\STM32F1xx_CPP_FW\STM32F1xx_CPP_FW - CPF - SPI 1.9 -
#        Spi clean - gpio init\IAR\Debug\Obj\GpioOutput.o"
#        "C:\Amit_Chaudhary\STM32F1xx_CPP_FW\STM32F1xx_CPP_FW - CPF - SPI 1.9 -
#        Spi clean - gpio init\IAR\Debug\Obj\I2c.o"
#        "C:\Amit_Chaudhary\STM32F1xx_CPP_FW\STM32F1xx_CPP_FW - CPF - SPI 1.9 -
#        Spi clean - gpio init\IAR\Debug\Obj\I2C_Commands.o"
#        "C:\Amit_Chaudhary\STM32F1xx_CPP_FW\STM32F1xx_CPP_FW - CPF - SPI 1.9 -
#        Spi clean - gpio init\IAR\Debug\Obj\I2C_Test.o"
#        "C:\Amit_Chaudhary\STM32F1xx_CPP_FW\STM32F1xx_CPP_FW - CPF - SPI 1.9 -
#        Spi clean - gpio init\IAR\Debug\Obj\INA219.o"
#        "C:\Amit_Chaudhary\STM32F1xx_CPP_FW\STM32F1xx_CPP_FW - CPF - SPI 1.9 -
#        Spi clean - gpio init\IAR\Debug\Obj\InterruptHandlers.o"
#        "C:\Amit_Chaudhary\STM32F1xx_CPP_FW\STM32F1xx_CPP_FW - CPF - SPI 1.9 -
#        Spi clean - gpio init\IAR\Debug\Obj\InterruptManager.o"
#        "C:\Amit_Chaudhary\STM32F1xx_CPP_FW\STM32F1xx_CPP_FW - CPF - SPI 1.9 -
#        Spi clean - gpio init\IAR\Debug\Obj\main.o"
#        "C:\Amit_Chaudhary\STM32F1xx_CPP_FW\STM32F1xx_CPP_FW - CPF - SPI 1.9 -
#        Spi clean - gpio init\IAR\Debug\Obj\Mlx90615.o"
#        "C:\Amit_Chaudhary\STM32F1xx_CPP_FW\STM32F1xx_CPP_FW - CPF - SPI 1.9 -
#        Spi clean - gpio init\IAR\Debug\Obj\NokiaLCD.o"
#        "C:\Amit_Chaudhary\STM32F1xx_CPP_FW\STM32F1xx_CPP_FW - CPF - SPI 1.9 -
#        Spi clean - gpio init\IAR\Debug\Obj\printf.o"
#        "C:\Amit_Chaudhary\STM32F1xx_CPP_FW\STM32F1xx_CPP_FW - CPF - SPI 1.9 -
#        Spi clean - gpio init\IAR\Debug\Obj\RTC.o"
#        "C:\Amit_Chaudhary\STM32F1xx_CPP_FW\STM32F1xx_CPP_FW - CPF - SPI 1.9 -
#        Spi clean - gpio init\IAR\Debug\Obj\Spi.o"
#        "C:\Amit_Chaudhary\STM32F1xx_CPP_FW\STM32F1xx_CPP_FW - CPF - SPI 1.9 -
#        Spi clean - gpio init\IAR\Debug\Obj\ssd1306.o"
#        "C:\Amit_Chaudhary\STM32F1xx_CPP_FW\STM32F1xx_CPP_FW - CPF - SPI 1.9 -
#        Spi clean - gpio init\IAR\Debug\Obj\ssd1306_Test.o"
#        "C:\Amit_Chaudhary\STM32F1xx_CPP_FW\STM32F1xx_CPP_FW - CPF - SPI 1.9 -
#        Spi clean - gpio init\IAR\Debug\Obj\ST7735.o"
#        "C:\Amit_Chaudhary\STM32F1xx_CPP_FW\STM32F1xx_CPP_FW - CPF - SPI 1.9 -
#        Spi clean - gpio init\IAR\Debug\Obj\ST7735_1.o"
#        "C:\Amit_Chaudhary\STM32F1xx_CPP_FW\STM32F1xx_CPP_FW - CPF - SPI 1.9 -
#        Spi clean - gpio init\IAR\Debug\Obj\st7735fonts.o"
#        "C:\Amit_Chaudhary\STM32F1xx_CPP_FW\STM32F1xx_CPP_FW - CPF - SPI 1.9 -
#        Spi clean - gpio init\IAR\Debug\Obj\startup_stm32f103xb.o"
#        "C:\Amit_Chaudhary\STM32F1xx_CPP_FW\STM32F1xx_CPP_FW - CPF - SPI 1.9 -
#        Spi clean - gpio init\IAR\Debug\Obj\stm32f1xx_hal.o"
#        "C:\Amit_Chaudhary\STM32F1xx_CPP_FW\STM32F1xx_CPP_FW - CPF - SPI 1.9 -
#        Spi clean - gpio init\IAR\Debug\Obj\stm32f1xx_hal_cortex.o"
#        "C:\Amit_Chaudhary\STM32F1xx_CPP_FW\STM32F1xx_CPP_FW - CPF - SPI 1.9 -
#        Spi clean - gpio init\IAR\Debug\Obj\stm32f1xx_hal_dma.o"
#        "C:\Amit_Chaudhary\STM32F1xx_CPP_FW\STM32F1xx_CPP_FW - CPF - SPI 1.9 -
#        Spi clean - gpio init\IAR\Debug\Obj\stm32f1xx_hal_gpio.o"
#        "C:\Amit_Chaudhary\STM32F1xx_CPP_FW\STM32F1xx_CPP_FW - CPF - SPI 1.9 -
#        Spi clean - gpio init\IAR\Debug\Obj\stm32f1xx_hal_pcd.o"
#        "C:\Amit_Chaudhary\STM32F1xx_CPP_FW\STM32F1xx_CPP_FW - CPF - SPI 1.9 -
#        Spi clean - gpio init\IAR\Debug\Obj\stm32f1xx_hal_pcd_ex.o"
#        "C:\Amit_Chaudhary\STM32F1xx_CPP_FW\STM32F1xx_CPP_FW - CPF - SPI 1.9 -
#        Spi clean - gpio init\IAR\Debug\Obj\stm32f1xx_hal_rcc.o"
#        "C:\Amit_Chaudhary\STM32F1xx_CPP_FW\STM32F1xx_CPP_FW - CPF - SPI 1.9 -
#        Spi clean - gpio init\IAR\Debug\Obj\stm32f1xx_hal_rcc_ex.o"
#        "C:\Amit_Chaudhary\STM32F1xx_CPP_FW\STM32F1xx_CPP_FW - CPF - SPI 1.9 -
#        Spi clean - gpio init\IAR\Debug\Obj\stm32f1xx_hal_tim.o"
#        "C:\Amit_Chaudhary\STM32F1xx_CPP_FW\STM32F1xx_CPP_FW - CPF - SPI 1.9 -
#        Spi clean - gpio init\IAR\Debug\Obj\stm32f1xx_hal_tim_ex.o"
#        "C:\Amit_Chaudhary\STM32F1xx_CPP_FW\STM32F1xx_CPP_FW - CPF - SPI 1.9 -
#        Spi clean - gpio init\IAR\Debug\Obj\stm32f1xx_it.o"
#        "C:\Amit_Chaudhary\STM32F1xx_CPP_FW\STM32F1xx_CPP_FW - CPF - SPI 1.9 -
#        Spi clean - gpio init\IAR\Debug\Obj\stm32f1xx_ll_dma.o"
#        "C:\Amit_Chaudhary\STM32F1xx_CPP_FW\STM32F1xx_CPP_FW - CPF - SPI 1.9 -
#        Spi clean - gpio init\IAR\Debug\Obj\stm32f1xx_ll_exti.o"
#        "C:\Amit_Chaudhary\STM32F1xx_CPP_FW\STM32F1xx_CPP_FW - CPF - SPI 1.9 -
#        Spi clean - gpio init\IAR\Debug\Obj\stm32f1xx_ll_gpio.o"
#        "C:\Amit_Chaudhary\STM32F1xx_CPP_FW\STM32F1xx_CPP_FW - CPF - SPI 1.9 -
#        Spi clean - gpio init\IAR\Debug\Obj\stm32f1xx_ll_i2c.o"
#        "C:\Amit_Chaudhary\STM32F1xx_CPP_FW\STM32F1xx_CPP_FW - CPF - SPI 1.9 -
#        Spi clean - gpio init\IAR\Debug\Obj\stm32f1xx_ll_pwr.o"
#        "C:\Amit_Chaudhary\STM32F1xx_CPP_FW\STM32F1xx_CPP_FW - CPF - SPI 1.9 -
#        Spi clean - gpio init\IAR\Debug\Obj\stm32f1xx_ll_rcc.o"
#        "C:\Amit_Chaudhary\STM32F1xx_CPP_FW\STM32F1xx_CPP_FW - CPF - SPI 1.9 -
#        Spi clean - gpio init\IAR\Debug\Obj\stm32f1xx_ll_rtc.o"
#        "C:\Amit_Chaudhary\STM32F1xx_CPP_FW\STM32F1xx_CPP_FW - CPF - SPI 1.9 -
#        Spi clean - gpio init\IAR\Debug\Obj\stm32f1xx_ll_spi.o"
#        "C:\Amit_Chaudhary\STM32F1xx_CPP_FW\STM32F1xx_CPP_FW - CPF - SPI 1.9 -
#        Spi clean - gpio init\IAR\Debug\Obj\stm32f1xx_ll_usart.o"
#        "C:\Amit_Chaudhary\STM32F1xx_CPP_FW\STM32F1xx_CPP_FW - CPF - SPI 1.9 -
#        Spi clean - gpio init\IAR\Debug\Obj\stm32f1xx_ll_usb.o"
#        "C:\Amit_Chaudhary\STM32F1xx_CPP_FW\STM32F1xx_CPP_FW - CPF - SPI 1.9 -
#        Spi clean - gpio init\IAR\Debug\Obj\stm32f1xx_ll_utils.o"
#        "C:\Amit_Chaudhary\STM32F1xx_CPP_FW\STM32F1xx_CPP_FW - CPF - SPI 1.9 -
#        Spi clean - gpio init\IAR\Debug\Obj\System.o"
#        "C:\Amit_Chaudhary\STM32F1xx_CPP_FW\STM32F1xx_CPP_FW - CPF - SPI 1.9 -
#        Spi clean - gpio init\IAR\Debug\Obj\system_stm32f1xx.o"
#        "C:\Amit_Chaudhary\STM32F1xx_CPP_FW\STM32F1xx_CPP_FW - CPF - SPI 1.9 -
#        Spi clean - gpio init\IAR\Debug\Obj\usb_device.o"
#        "C:\Amit_Chaudhary\STM32F1xx_CPP_FW\STM32F1xx_CPP_FW - CPF - SPI 1.9 -
#        Spi clean - gpio init\IAR\Debug\Obj\usbd_cdc.o"
#        "C:\Amit_Chaudhary\STM32F1xx_CPP_FW\STM32F1xx_CPP_FW - CPF - SPI 1.9 -
#        Spi clean - gpio init\IAR\Debug\Obj\usbd_cdc_if.o"
#        "C:\Amit_Chaudhary\STM32F1xx_CPP_FW\STM32F1xx_CPP_FW - CPF - SPI 1.9 -
#        Spi clean - gpio init\IAR\Debug\Obj\usbd_conf.o"
#        "C:\Amit_Chaudhary\STM32F1xx_CPP_FW\STM32F1xx_CPP_FW - CPF - SPI 1.9 -
#        Spi clean - gpio init\IAR\Debug\Obj\usbd_core.o"
#        "C:\Amit_Chaudhary\STM32F1xx_CPP_FW\STM32F1xx_CPP_FW - CPF - SPI 1.9 -
#        Spi clean - gpio init\IAR\Debug\Obj\usbd_ctlreq.o"
#        "C:\Amit_Chaudhary\STM32F1xx_CPP_FW\STM32F1xx_CPP_FW - CPF - SPI 1.9 -
#        Spi clean - gpio init\IAR\Debug\Obj\usbd_desc.o"
#        "C:\Amit_Chaudhary\STM32F1xx_CPP_FW\STM32F1xx_CPP_FW - CPF - SPI 1.9 -
#        Spi clean - gpio init\IAR\Debug\Obj\usbd_ioreq.o"
#        "C:\Amit_Chaudhary\STM32F1xx_CPP_FW\STM32F1xx_CPP_FW - CPF - SPI 1.9 -
#        Spi clean - gpio init\IAR\Debug\Obj\Utils.o"
#        "C:\Amit_Chaudhary\STM32F1xx_CPP_FW\STM32F1xx_CPP_FW - CPF - SPI 1.9 -
#        Spi clean - gpio init\IAR\Debug\Obj\w25qxx.o" --no_out_extension -o
#        "C:\Amit_Chaudhary\STM32F1xx_CPP_FW\STM32F1xx_CPP_FW - CPF - SPI 1.9 -
#        Spi clean - gpio init\IAR\Debug\Exe\Main.out" --redirect
#        _Printf=_PrintfFullNoMb --redirect _Scanf=_ScanfFullNoMb --map
#        "C:\Amit_Chaudhary\STM32F1xx_CPP_FW\STM32F1xx_CPP_FW - CPF - SPI 1.9 -
#        Spi clean - gpio init\IAR\Debug\List\Main.map" --config "C:\Program
#        Files (x86)\IAR Systems\STM32
#        ARM\arm\config\linker\ST\stm32f103x8.icf" --semihosting --entry
#        __iar_program_start --vfe --text_out locale)
#
###############################################################################

*******************************************************************************
*** RUNTIME MODEL ATTRIBUTES
***

CppFlavor                     = *
__CPP_Exceptions              = Disabled
__CPP_Language                = C++14
__Heap_Handler                = Basic
__SystemLibrary               = DLib
__dlib_dynamic_initialization = normal
__dlib_version                = 6


*******************************************************************************
*** HEAP SELECTION
***

The basic heap was selected because some modules are built with
size limitations (and not runtime checking), and --advanced_heap
was not specified.


*******************************************************************************
*** PLACEMENT SUMMARY
***

"A0":  place at address 0x800'0000 { ro section .intvec };
"P1":  place in [from 0x800'0000 to 0x800'ffff] { ro };
define block CSTACK with size = 2K, alignment = 8 { };
define block HEAP with size = 2K, alignment = 8 { };
"P2":  place in [from 0x2000'0000 to 0x2000'4fff] {
          rw, block CSTACK, block HEAP };
initialize by copy { rw };

  Section                Kind         Address    Size  Object
  -------                ----         -------    ----  ------
"A0":                                            0xec
  .intvec                ro code   0x800'0000    0xec  startup_stm32f103xb.o [1]
                                 - 0x800'00ec    0xec

"P1":                                          0x4bd0
  .rodata                const     0x800'00ec   0xd5c  st7735fonts.o [1]
  .text                  ro code   0x800'0e48   0x944  Spi.o [1]
  .text                  ro code   0x800'178c    0x60  stm32f1xx_ll_spi.o [1]
  .text                  ro code   0x800'17ec    0x60  InterruptManager.o [1]
  .text                  ro code   0x800'184c   0x128  DMA.o [1]
  .text                  ro code   0x800'1974    0x20  Spi.o [1]
  .text                  ro code   0x800'1994   0x190  GpioOutput.o [1]
  .text                  ro code   0x800'1b24   0x274  GpioInput.o [1]
  .text                  ro code   0x800'1d98   0x106  CPP_HAL.o [1]
  .text                  ro code   0x800'1e9e    0x2e  Spi.o [1]
  .text                  ro code   0x800'1ecc    0x86  ABImemcpy.o [5]
  .text                  ro code   0x800'1f52    0x1a  Spi.o [1]
  .text                  ro code   0x800'1f6c    0x20  Spi.o [1]
  .text                  ro code   0x800'1f8c    0x20  Spi.o [1]
  .text                  ro code   0x800'1fac    0x20  Spi.o [1]
  .text                  ro code   0x800'1fcc    0x54  stm32f1xx_ll_dma.o [1]
  .text                  ro code   0x800'2020   0x44a  I2c.o [1]
  .text                  ro code   0x800'246a     0xa  cxxabi.o [3]
  .text                  ro code   0x800'2474   0x1d2  INA219.o [1]
  .text                  ro code   0x800'2646    0x3a  zero_init3.o [5]
  .text                  ro code   0x800'2680    0x5a  NokiaLCD.o [1]
  .rodata                const     0x800'26da     0x1  unwind_debug.o [6]
  .text                  ro code   0x800'26dc   0x590  ST7735.o [1]
  .text                  ro code   0x800'2c6c    0x34  I2c.o [1]
  .text                  ro code   0x800'2ca0    0x34  I2c.o [1]
  .text                  ro code   0x800'2cd4    0x34  I2c.o [1]
  .text                  ro code   0x800'2d08    0x34  I2c.o [1]
  .text                  ro code   0x800'2d3c    0xdc  stm32f1xx_ll_i2c.o [1]
  .text                  ro code   0x800'2e18    0xa0  cppinit.o [2]
  .text                  ro code   0x800'2eb8    0x24  FltCmpLe.o [4]
  .text                  ro code   0x800'2edc    0x2c  INA219.o [1]
  .text                  ro code   0x800'2f08    0xe2  FltAdd.o [4]
  .text                  ro code   0x800'2fec    0x48  FltToDbl.o [4]
  .text                  ro code   0x800'3034   0x246  DblDiv.o [4]
  .text                  ro code   0x800'327c   0x17a  DblAdd.o [4]
  .text                  ro code   0x800'33f8    0x68  DblToFlt.o [4]
  .text                  ro code   0x800'3460    0x1a  U32ToDbl.o [4]
  .text                  ro code   0x800'347c   0x1a2  DblMul.o [4]
  .text                  ro code   0x800'3620    0x24  S32ToFlt.o [4]
  .text                  ro code   0x800'3644    0x1c  U32ToFlt.o [4]
  .text                  ro code   0x800'3660    0xfc  FltDiv.o [4]
  .text                  ro code   0x800'375c     0xc  w25qxx.o [1]
  .text                  ro code   0x800'3768     0xc  w25qxx.o [1]
  .text                  ro code   0x800'3774    0x30  stm32f1xx_ll_utils.o [1]
  .text                  ro code   0x800'37a4    0x20  main.o [1]
  .text                  ro code   0x800'37c4    0x88  stm32f1xx_ll_rcc.o [1]
  .text                  ro code   0x800'384c    0x80  FltSub.o [4]
  .text                  ro code   0x800'38cc    0xd2  DblSub.o [4]
  .text                  ro code   0x800'39a0   0x410  InterruptHandlers.o [1]
  .text                  ro code   0x800'3db0   0x2ec  main.o [1]
  .text                  ro code   0x800'409c    0x16  w25qxx.o [1]
  .text                  ro code   0x800'40b4   0x20c  RTC.o [1]
  .text                  ro code   0x800'42c0   0x162  Utils.o [1]
  .text                  ro code   0x800'4424    0x26  stm32f1xx_hal.o [1]
  .text                  ro code   0x800'444c   0x158  stm32f1xx_ll_rtc.o [1]
  .text                  ro code   0x800'45a4    0x66  ABImemset.o [5]
  .text                  ro code   0x800'460c    0x2a  FltToS32.o [4]
  .text                  ro code   0x800'4638    0xd8  FltMul.o [4]
  .text                  ro code   0x800'4710    0xb0  stm32f1xx_hal_cortex.o [1]
  .text                  ro code   0x800'47c0    0x40  stm32f1xx_hal.o [1]
  .rodata                const     0x800'4800    0x8c  ST7735.o [1]
  .text                  ro code   0x800'488c    0x60  system_stm32f1xx.o [1]
  .rodata                const     0x800'48ec    0x40  GpioInput.o [1]
  .rodata                const     0x800'492c    0x40  GpioOutput.o [1]
  .text                  ro code   0x800'496c    0x40  ST7735_1.o [1]
  .text                  ro code   0x800'49ac    0x38  DigitalIO_Test.o [1]
  .text                  ro code   0x800'49e4    0x38  packbits_init_single.o [5]
  .text                  ro code   0x800'4a1c    0x2c  iarttio.o [6]
  .text                  ro code   0x800'4a48     0xc  XShttio.o [2]
  .text                  ro code   0x800'4a54    0x28  data_init.o [5]
  .iar.init_table        const     0x800'4a7c    0x24  - Linker created -
  .text                  ro code   0x800'4aa0    0x20  main.o [1]
  .text                  ro code   0x800'4ac0    0x20  cmain_call_ctors.o [5]
  .text                  ro code   0x800'4ae0    0x1e  cmain.o [5]
  .text                  ro code   0x800'4afe     0x4  low_level_init.o [2]
  .text                  ro code   0x800'4b02     0x4  exit.o [2]
  .text                  ro code   0x800'4b08     0xe  cexit.o [5]
  .text                  ro code   0x800'4b18    0x14  exit.o [6]
  .rodata                const     0x800'4b2c    0x14  DigitalIO_Test.o [1]
  .rodata                const     0x800'4b40    0x14  GpioInput.o [1]
  .rodata                const     0x800'4b54    0x14  I2c.o [1]
  .rodata                const     0x800'4b68    0x14  main.o [1]
  .rodata                const     0x800'4b7c    0x14  main.o [1]
  .rodata                const     0x800'4b90    0x14  RTC.o [1]
  .rodata                const     0x800'4ba4    0x14  Spi.o [1]
  .rodata                const     0x800'4bb8    0x14  Spi.o [1]
  .rodata                const     0x800'4bcc    0x14  Spi.o [1]
  .rodata                const     0x800'4be0    0x14  Spi.o [1]
  .rodata                const     0x800'4bf4    0x14  Spi.o [1]
  .text                  ro code   0x800'4c08    0x10  DigitalIO_Test.o [1]
  .text                  ro code   0x800'4c18    0x10  main.o [1]
  .text                  ro code   0x800'4c28    0x10  startup_stm32f103xb.o [1]
  .text                  ro code   0x800'4c38    0x10  stm32f1xx_it.o [1]
  SHT$$PREINIT_ARRAY               0x800'4c48     0x0  <Block>
  SHT$$INIT_ARRAY                  0x800'4c48    0x10  <Block>
    .init_array          const     0x800'4c48     0x4  CPP_HAL.o [1]
    .init_array          const     0x800'4c4c     0x4  DigitalIO_Test.o [1]
    .init_array          const     0x800'4c50     0x4  main.o [1]
    .init_array          const     0x800'4c54     0x4  ST7735_1.o [1]
  __iar_tls$$INIT_ARRAY            0x800'4c58     0x0  <Block>
  .text                  ro code   0x800'4c58     0xc  cstartup_M.o [5]
  .rodata                const     0x800'4c64     0x8  system_stm32f1xx.o [1]
  .text                  ro code   0x800'4c6c     0x0  cstart_call_dtors.o [5]
  .rodata                const     0x800'4c6c     0x0  zero_init3.o [5]
  .rodata                const     0x800'4c6c     0x0  packbits_init_single.o [5]
  Initializer bytes      const     0x800'4c6c    0x50  <for P2-1>
                                 - 0x800'4cbc  0x4bd0

"P2", part 1 of 3:                               0xb8
  P2-1                            0x2000'0000    0xb8  <Init block>
    .data                inited   0x2000'0000    0x10  CPP_HAL.o [1]
    .data                inited   0x2000'0010    0x20  DigitalIO_Test.o [1]
    .data                inited   0x2000'0030    0x18  main.o [1]
    .data                inited   0x2000'0048    0x50  main.o [1]
    .data                inited   0x2000'0098     0x8  st7735fonts.o [1]
    .data                inited   0x2000'00a0     0xc  stm32f1xx_hal.o [1]
    .data                inited   0x2000'00ac     0x4  system_stm32f1xx.o [1]
    .data                inited   0x2000'00b0     0x8  XShttio.o [2]
                                - 0x2000'00b8    0xb8

"P2", part 2 of 3:                              0x3a8
  .bss                   zero     0x2000'00b8   0x1e8  CPP_HAL.o [1]
  .bss                   zero     0x2000'02a0   0x100  InterruptManager.o [1]
  .bss                   zero     0x2000'03a0    0x40  CPP_HAL.o [1]
  .bss                   zero     0x2000'03e0    0x34  main.o [1]
  .bss                   zero     0x2000'0414    0x1c  ST7735_1.o [1]
  .bss                   zero     0x2000'0430     0x8  INA219.o [1]
  .bss                   zero     0x2000'0438     0x8  INA219.o [1]
  .bss                   zero     0x2000'0440     0x8  main.o [1]
  .bss                   zero     0x2000'0448     0x4  CPP_HAL.o [1]
  .bss                   zero     0x2000'044c     0x4  DigitalIO_Test.o [1]
  .bss                   zero     0x2000'0450     0x4  InterruptManager.o [1]
  .bss                   zero     0x2000'0454     0x4  cppinit.o [2]
  .bss                   zero     0x2000'0458     0x4  cppinit.o [2]
  .bss                   zero     0x2000'045c     0x1  CPP_HAL.o [1]
                                - 0x2000'045d   0x3a5

"P2", part 3 of 3:                              0x998
  .iar.dynexit                    0x2000'0460   0x198  <Block>
    .iar.dynexit         uninit   0x2000'0460     0xc  cppinit.o [2]
    .iar.dynexit         uninit   0x2000'046c   0x18c  <Block tail>
  CSTACK                          0x2000'05f8   0x800  <Block>
    CSTACK               uninit   0x2000'05f8   0x800  <Block tail>
                                - 0x2000'0df8   0x998

Unused ranges:

         From           To    Size
         ----           --    ----
   0x800'4cbc   0x800'ffff  0xb344
  0x2000'0df8  0x2000'4fff  0x4208


*******************************************************************************
*** INIT TABLE
***

          Address      Size
          -------      ----
Zero (__iar_zero_init3)
    1 destination range, total size 0x3a5:
          0x2000'00b8  0x3a5

Copy/packbits (__iar_packbits_init_single3)
    1 source range, total size 0x50 (43% of destination):
           0x800'4c6c   0x50
    1 destination range, total size 0xb8:
          0x2000'0000   0xb8

Extra (__iar_cstart_call_ctors)



*******************************************************************************
*** MODULE SUMMARY
***

    Module                  ro code  ro data  rw data
    ------                  -------  -------  -------
command line/config:
    -------------------------------------------------
    Total:

C:\Amit_Chaudhary\STM32F1xx_CPP_FW\STM32F1xx_CPP_FW - CPF - SPI 1.9 - Spi clean - gpio init\IAR\Debug\Obj: [1]
    CPP_HAL.o                   262       10      573
    DMA.o                       296
    DigitalIO_Test.o             72       38       36
    GpioInput.o                 628       84
    GpioOutput.o                400       64
    I2c.o                     1'306       20
    INA219.o                    510                16
    InterruptHandlers.o       1'040
    InterruptManager.o           96               260
    NokiaLCD.o                   90
    RTC.o                       524       20
    ST7735.o                  1'424      140
    ST7735_1.o                   64        4       28
    Spi.o                     2'572      100
    Utils.o                     354
    main.o                      828       90      164
    st7735fonts.o                      3'423        8
    startup_stm32f103xb.o       252
    stm32f1xx_hal.o             102        5       12
    stm32f1xx_hal_cortex.o      176
    stm32f1xx_it.o               16
    stm32f1xx_ll_dma.o           84
    stm32f1xx_ll_i2c.o          220
    stm32f1xx_ll_rcc.o          136
    stm32f1xx_ll_rtc.o          344
    stm32f1xx_ll_spi.o           96
    stm32f1xx_ll_utils.o         48
    system_stm32f1xx.o           96       10        4
    w25qxx.o                     46
    -------------------------------------------------
    Total:                   12'082    4'008    1'101

dl7M_tln.a: [2]
    XShttio.o                    12        4        8
    cppinit.o                   160                20
    exit.o                        4
    low_level_init.o              4
    -------------------------------------------------
    Total:                      180        4       28

dlpp7M_tl_nc.a: [3]
    cxxabi.o                     10
    -------------------------------------------------
    Total:                       10

m7M_tl.a: [4]
    DblAdd.o                    378
    DblDiv.o                    582
    DblMul.o                    418
    DblSub.o                    210
    DblToFlt.o                  104
    FltAdd.o                    226
    FltCmpLe.o                   36
    FltDiv.o                    252
    FltMul.o                    216
    FltSub.o                    128
    FltToDbl.o                   72
    FltToS32.o                   42
    S32ToFlt.o                   36
    U32ToDbl.o                   26
    U32ToFlt.o                   28
    -------------------------------------------------
    Total:                    2'754

rt7M_tl.a: [5]
    ABImemcpy.o                 134
    ABImemset.o                 102
    cexit.o                      14
    cmain.o                      30
    cmain_call_ctors.o           32
    cstart_call_dtors.o
    cstartup_M.o                 12
    data_init.o                  40
    packbits_init_single.o       56
    zero_init3.o                 58
    -------------------------------------------------
    Total:                      478

shb_l.a: [6]
    exit.o                       20
    iarttio.o                    44
    unwind_debug.o                         1
    -------------------------------------------------
    Total:                       64        1

    Gaps                         27
    Linker created                        36    2'444
-----------------------------------------------------
    Grand Total:             15'595    4'049    3'573


*******************************************************************************
*** ENTRY LIST
***

Entry                       Address   Size  Type      Object
-----                       -------   ----  ----      ------
.iar.dynexit$$Base      0x2000'0460          --   Gb  - Linker created -
.iar.dynexit$$Limit     0x2000'05f8          --   Gb  - Linker created -
.iar.init_table$$Base    0x800'4a7c          --   Gb  - Linker created -
.iar.init_table$$Limit   0x800'4aa0          --   Gb  - Linker created -
?main                    0x800'4ae1         Code  Gb  cmain.o [5]
ADC1_2_IRQHandler        0x800'3b49   0x18  Code  Gb  InterruptHandlers.o [1]
AHBPrescTable            0x800'48dc   0x10  Data  Gb  system_stm32f1xx.o [1]
APBPrescTable            0x800'4c64    0x8  Data  Gb  system_stm32f1xx.o [1]
BSP::INA219::CaptureSamples(BSP::INA219::Power_t *)
                         0x800'24bf   0x50  Code  Gb  INA219.o [1]
BSP::INA219::CaptureSamples(BSP::INA219::Power_t *)::CurrentSamples
                        0x2000'0438    0x4  Data  Lc  INA219.o [1]
BSP::INA219::CaptureSamples(BSP::INA219::Power_t *)::SampleCount
                        0x2000'043c    0x4  Data  Lc  INA219.o [1]
BSP::INA219::GetBusVoltage_V()
                         0x800'25ed   0x14  Code  Gb  INA219.o [1]
BSP::INA219::GetBusVoltage_raw()
                         0x800'25b7   0x16  Code  Gb  INA219.o [1]
BSP::INA219::GetCurrent_mA()
                         0x800'2625   0x12  Code  Gb  INA219.o [1]
BSP::INA219::GetCurrent_raw()
                         0x800'25cd   0x16  Code  Gb  INA219.o [1]
BSP::INA219::HwInit()    0x800'247b   0x14  Code  Gb  INA219.o [1]
BSP::INA219::INA219(unsigned char)
                         0x800'2475    0x4  Code  Gb  INA219.o [1]
BSP::INA219::ReadRegister(unsigned char, unsigned short *)
                         0x800'2539   0x52  Code  Gb  INA219.o [1]
BSP::INA219::Run(BSP::INA219::Power_t *)
                         0x800'248f   0x30  Code  Gb  INA219.o [1]
BSP::INA219::SetCalibration_16V_400mA()
                         0x800'258b   0x2c  Code  Gb  INA219.o [1]
BSP::INA219::WriteRegister(unsigned char, unsigned short)
                         0x800'250f   0x2a  Code  Gb  INA219.o [1]
BSP::INA219::~INA219()   0x800'2479    0x2  Code  Gb  INA219.o [1]
BSP::NokiaLCD::NokiaLCD(HAL::Spi *, Port_t, unsigned short, Port_t, unsigned short, Port_t, unsigned short, Port_t, unsigned short)
                         0x800'2681   0x5a  Code  Gb  NokiaLCD.o [1]
BSP::ST7735::DisplayInit()
                         0x800'290d   0x5a  Code  Gb  ST7735.o [1]
BSP::ST7735::ExecuteCommandList(unsigned char const *)
                         0x800'29b1   0x66  Code  Gb  ST7735.o [1]
BSP::ST7735::FillRectangle(unsigned short, unsigned short, unsigned short, unsigned short, unsigned short)
                         0x800'2b97   0xa0  Code  Gb  ST7735.o [1]
BSP::ST7735::FillScreen(unsigned short)
                         0x800'2c37   0x16  Code  Gb  ST7735.o [1]
BSP::ST7735::HwInit()    0x800'273b   0x92  Code  Gb  ST7735.o [1]
BSP::ST7735::Rotate(BSP::ST7735::Rotation_t)
                         0x800'27cd  0x114  Code  Gb  ST7735.o [1]
BSP::ST7735::ST7735(BSP::ST7735::ST77xx_t, HAL::Spi *, Port_t, unsigned short, Port_t, unsigned short, Port_t, unsigned short, Port_t, unsigned short)
                         0x800'26dd   0x5e  Code  Gb  ST7735.o [1]
BSP::ST7735::SetAddressWindow(unsigned char, unsigned char, unsigned char, unsigned char)
                         0x800'2a17   0x7a  Code  Gb  ST7735.o [1]
BSP::ST7735::WriteChar(unsigned short, unsigned short, char, FontDef, unsigned short, unsigned short)
                         0x800'2a91   0x90  Code  Gb  ST7735.o [1]
BSP::ST7735::WriteCommand(unsigned char)
                         0x800'296d   0x1a  Code  Gb  ST7735.o [1]
BSP::ST7735::WriteData(unsigned char)
                         0x800'2987   0x14  Code  Gb  ST7735.o [1]
BSP::ST7735::WriteData(unsigned short)
                         0x800'299b   0x16  Code  Gb  ST7735.o [1]
BSP::ST7735::WriteString(unsigned short, unsigned short, char const *, FontDef, unsigned short, unsigned short)
                         0x800'2b21   0x76  Code  Gb  ST7735.o [1]
BSP::w25qxx::w25qxx(HAL::Spi *, Port_t, unsigned short)
                         0x800'409d    0x2  Code  Gb  w25qxx.o [1]
BtnObj                  0x2000'001c   0x14  Data  Gb  DigitalIO_Test.o [1]
BusFault_Handler         0x800'4c3f    0x2  Code  Gb  stm32f1xx_it.o [1]
ButtonCallback::CallbackFunction()
                         0x800'4c09   0x10  Code  Gb  DigitalIO_Test.o [1]
ButtonCallbackObj       0x2000'0018    0x4  Data  Gb  DigitalIO_Test.o [1]
CAN1_RX1_IRQHandler      0x800'3b7b   0x18  Code  Gb  InterruptHandlers.o [1]
CAN1_SCE_IRQHandler      0x800'3b93   0x18  Code  Gb  InterruptHandlers.o [1]
CHANNEL_OFFSET_TAB       0x800'196c    0x8  Data  Lc  DMA.o [1]
CHANNEL_OFFSET_TAB       0x800'1784    0x8  Data  Lc  Spi.o [1]
CHANNEL_OFFSET_TAB       0x800'2018    0x8  Data  Lc  stm32f1xx_ll_dma.o [1]
CSTACK$$Base            0x2000'05f8          --   Gb  - Linker created -
CSTACK$$Limit           0x2000'0df8          --   Gb  - Linker created -
DMA1_Channel1_IRQHandler
                         0x800'3a93   0x1c  Code  Gb  InterruptHandlers.o [1]
DMA1_Channel2_IRQHandler
                         0x800'3aaf   0x1c  Code  Gb  InterruptHandlers.o [1]
DMA1_Channel3_IRQHandler
                         0x800'3acb   0x1c  Code  Gb  InterruptHandlers.o [1]
DMA1_Channel4_IRQHandler
                         0x800'3ae7   0x1a  Code  Gb  InterruptHandlers.o [1]
DMA1_Channel5_IRQHandler
                         0x800'3b01   0x18  Code  Gb  InterruptHandlers.o [1]
DMA1_Channel6_IRQHandler
                         0x800'3b19   0x18  Code  Gb  InterruptHandlers.o [1]
DMA1_Channel7_IRQHandler
                         0x800'3b31   0x18  Code  Gb  InterruptHandlers.o [1]
DebugMon_Handler         0x800'4c45    0x2  Code  Gb  stm32f1xx_it.o [1]
DtorRecArray            0x2000'0460    0xc  Data  Lc  cppinit.o [2]
EXTI0_IRQHandler         0x800'3a25   0x16  Code  Gb  InterruptHandlers.o [1]
EXTI15_10_IRQHandler     0x800'3d43   0x12  Code  Gb  InterruptHandlers.o [1]
EXTI1_IRQHandler         0x800'3a3b   0x16  Code  Gb  InterruptHandlers.o [1]
EXTI2_IRQHandler         0x800'3a51   0x16  Code  Gb  InterruptHandlers.o [1]
EXTI3_IRQHandler         0x800'3a67   0x16  Code  Gb  InterruptHandlers.o [1]
EXTI4_IRQHandler         0x800'3a7d   0x16  Code  Gb  InterruptHandlers.o [1]
EXTI9_5_IRQHandler       0x800'3bab   0x18  Code  Gb  InterruptHandlers.o [1]
FLASH_IRQHandler         0x800'39f9   0x16  Code  Gb  InterruptHandlers.o [1]
HAL::DMA::DMA(unsigned int)
                         0x800'188b    0xa  Code  Gb  DMA.o [1]
HAL::DMA::DisableHalfTransferCompleteInterrupt(unsigned int)
                         0x800'1f6d   0x20  Code  Gb  Spi.o [1]
HAL::DMA::DisableTransferCompleteInterrupt(unsigned int)
                         0x800'1f8d   0x20  Code  Gb  Spi.o [1]
HAL::DMA::DisableTransferErrorInterrupt(unsigned int)
                         0x800'1fad   0x20  Code  Gb  Spi.o [1]
HAL::DMA::EnableTransferCompleteInterrupt(unsigned int)
                         0x800'1975   0x20  Code  Gb  Spi.o [1]
HAL::DMA::HwInit(void *)
                         0x800'1897   0x24  Code  Gb  DMA.o [1]
HAL::DMA::Load(unsigned int, unsigned int, unsigned int, unsigned int, unsigned int, unsigned int)
                         0x800'18e9   0x78  Code  Gb  DMA.o [1]
HAL::DMA::XferConfig(LL_DMA_InitTypeDef *, unsigned int)
                         0x800'18bb   0x2c  Code  Gb  DMA.o [1]
HAL::DMA::~DMA()         0x800'1895    0x2  Code  Gb  DMA.o [1]
HAL::DigitalOut<(Port_t)1073810432, (unsigned short)10, (Mode_t)10, (unsigned int)2>::HwInit()
                         0x800'2d09   0x34  Code  Gb  I2c.o [1]
HAL::DigitalOut<(Port_t)1073810432, (unsigned short)11, (Mode_t)10, (unsigned int)2>::HwInit()
                         0x800'2cd5   0x34  Code  Gb  I2c.o [1]
HAL::DigitalOut<(Port_t)1073810432, (unsigned short)6, (Mode_t)10, (unsigned int)2>::HwInit()
                         0x800'2c6d   0x34  Code  Gb  I2c.o [1]
HAL::DigitalOut<(Port_t)1073810432, (unsigned short)7, (Mode_t)10, (unsigned int)2>::HwInit()
                         0x800'2ca1   0x34  Code  Gb  I2c.o [1]
HAL::GpioInput::GpioInput(Port_t, unsigned short, Mode_t, IntEdge_t, HAL::Callback *)
                         0x800'1b55    0x2  Code  Gb  GpioInput.o [1]
HAL::GpioInput::HwInit()
                         0x800'1b87   0x94  Code  Gb  GpioInput.o [1]
HAL::GpioInput::ISR()    0x800'1ced   0x2a  Code  Gb  GpioInput.o [1]
HAL::GpioInput::RegisterCallback(HAL::Callback *)
                         0x800'1d19   0x40  Code  Gb  GpioInput.o [1]
HAL::GpioInput::SetEXTI_Intr()
                         0x800'1c1b   0x4e  Code  Gb  GpioInput.o [1]
HAL::GpioInput::SetInputMode()
                         0x800'1c69   0x84  Code  Gb  GpioInput.o [1]
HAL::GpioOutput::GpioOutput(Port_t, unsigned short, Mode_t)
                         0x800'19dd    0x2  Code  Gb  GpioOutput.o [1]
HAL::GpioOutput::High()
                         0x800'3769    0xc  Code  Gb  w25qxx.o [1]
HAL::GpioOutput::HwInit()
                         0x800'19ed  0x11c  Code  Gb  GpioOutput.o [1]
HAL::GpioOutput::Low()   0x800'375d    0xc  Code  Gb  w25qxx.o [1]
HAL::I2c::HwInit(void *)
                         0x800'20c9   0xb6  Code  Gb  I2c.o [1]
HAL::I2c::I2c(I2cPort_t, unsigned int)
                         0x800'208f   0x3a  Code  Gb  I2c.o [1]
HAL::I2c::ISR()          0x800'2469    0x2  Code  Gb  I2c.o [1]
HAL::I2c::SendSlaveAddress(unsigned short, unsigned char)
                         0x800'217f   0x9a  Code  Gb  I2c.o [1]
HAL::I2c::XferPoll(unsigned short, unsigned char *, unsigned int, unsigned char *, unsigned int, unsigned char)
                         0x800'2219  0x240  Code  Gb  I2c.o [1]
HAL::InterruptManager::RegisterDeviceInterrupt(IRQn_Type, unsigned int, HAL::InterruptSource *)
                         0x800'17ed   0x4a  Code  Gb  InterruptManager.o [1]
HAL::InterruptManager::m_InterruptSourceArray
                        0x2000'02a0  0x100  Data  Gb  InterruptManager.o [1]
HAL::InterruptManager::m_SysTick_Handler
                        0x2000'0450    0x4  Data  Gb  InterruptManager.o [1]
HAL::Rtc::GetTime(char *)
                         0x800'4173   0x68  Code  Gb  RTC.o [1]
HAL::Rtc::HwInit(void *)
                         0x800'40b5   0x82  Code  Gb  RTC.o [1]
HAL::Rtc::ISR()          0x800'4253   0x54  Code  Gb  RTC.o [1]
HAL::Rtc::RTC_ReadTimeCounter()
                         0x800'41db   0x22  Code  Gb  RTC.o [1]
HAL::Rtc::RegisterCallback(HAL::Rtc::CallbackSource_t, HAL::Callback *)
                         0x800'41fd   0x56  Code  Gb  RTC.o [1]
HAL::Rtc::SetTime(unsigned char, unsigned char, unsigned char)
                         0x800'4137   0x36  Code  Gb  RTC.o [1]
HAL::Spi::HwInit(bool, HAL::Spi::XferMode_t)
                         0x800'0ead  0x21c  Code  Gb  Spi.o [1]
HAL::Spi::ISR()          0x800'1331   0x38  Code  Gb  Spi.o [1]
HAL::Spi::LoadRxDmaChannel(unsigned char *, unsigned int)
                         0x800'1617   0x20  Code  Gb  Spi.o [1]
HAL::Spi::LoadTxDmaChannel(unsigned char *, unsigned int)
                         0x800'1637   0x1e  Code  Gb  Spi.o [1]
HAL::Spi::MasterPinsHwInit(Port_t, unsigned short, Port_t, unsigned short, Port_t, unsigned short)
                         0x800'1101   0x4a  Code  Gb  Spi.o [1]
HAL::Spi::SPI1_DMA_MasterTx_Done_Handler()
                         0x800'147b   0xae  Code  Gb  Spi.o [1]
HAL::Spi::SPI1_DMA_Rx_Callback::ISR()
                         0x800'1759    0x4  Code  Gb  Spi.o [1]
HAL::Spi::SPI1_DMA_SlaveRx_Done_Handler()
                         0x800'1663   0x2a  Code  Gb  Spi.o [1]
HAL::Spi::SPI1_DMA_SlaveTx_Done_Handler()
                         0x800'168d   0x4c  Code  Gb  Spi.o [1]
HAL::Spi::SPI1_DMA_Tx_Callback::ISR()
                         0x800'1761   0x12  Code  Gb  Spi.o [1]
HAL::Spi::SPI2_DMA_MasterTx_Done_Handler()
                         0x800'1529   0xb2  Code  Gb  Spi.o [1]
HAL::Spi::SPI2_DMA_Rx_Callback::ISR()
                         0x800'175d    0x4  Code  Gb  Spi.o [1]
HAL::Spi::SPI2_DMA_SlaveRx_Done_Handler()
                         0x800'16d9   0x2e  Code  Gb  Spi.o [1]
HAL::Spi::SPI2_DMA_SlaveTx_Done_Handler()
                         0x800'1711   0x36  Code  Gb  Spi.o [1]
HAL::Spi::SPI2_DMA_Tx_Callback::ISR()
                         0x800'1773   0x12  Code  Gb  Spi.o [1]
HAL::Spi::SetBaudrate()
                         0x800'1f53   0x1a  Code  Gb  Spi.o [1]
HAL::Spi::SlavePinsHwInit(Port_t, unsigned short, Port_t, unsigned short, Port_t, unsigned short, Port_t, unsigned short)
                         0x800'114b   0x76  Code  Gb  Spi.o [1]
HAL::Spi::Spi(SpiPort_t, unsigned int)
                         0x800'0e49   0x64  Code  Gb  Spi.o [1]
HAL::Spi::Tx(unsigned char)
                         0x800'11c1   0x4e  Code  Gb  Spi.o [1]
HAL::Spi::Tx(unsigned short, HAL::Spi::XferMode_t)
                         0x800'120f   0x8a  Code  Gb  Spi.o [1]
HAL::Spi::TxPoll(unsigned char *, unsigned int, HAL::Spi::XferMode_t)
                         0x800'1299   0x92  Code  Gb  Spi.o [1]
HAL::Spi::TxnDoneHandler_DMA()
                         0x800'1375  0x106  Code  Gb  Spi.o [1]
HAL::WaitOnFlag(unsigned int volatile *, unsigned int, unsigned int, unsigned int)
                         0x800'1e7d   0x22  Code  Gb  CPP_HAL.o [1]
HAL_Init                 0x800'4425   0x20  Code  Gb  stm32f1xx_hal.o [1]
HAL_NVIC_SetPriority     0x800'472b   0x5a  Code  Gb  stm32f1xx_hal_cortex.o [1]
HAL_NVIC_SetPriorityGrouping
                         0x800'4711   0x1a  Code  Gb  stm32f1xx_hal_cortex.o [1]
HAL_SYSTICK_Config       0x800'4785   0x22  Code  Gb  stm32f1xx_hal_cortex.o [1]
HardFault_Handler        0x800'4c3b    0x2  Code  Gb  stm32f1xx_it.o [1]
I2C1_ER_IRQHandler       0x800'3c83   0x12  Code  Gb  InterruptHandlers.o [1]
I2C1_EV_IRQHandler       0x800'3c6b   0x18  Code  Gb  InterruptHandlers.o [1]
I2C2_ER_IRQHandler       0x800'3cb3   0x12  Code  Gb  InterruptHandlers.o [1]
I2C2_EV_IRQHandler       0x800'3c9b   0x12  Code  Gb  InterruptHandlers.o [1]
I2C_Current             0x2000'0078   0x10  Data  Lc  main.o [1]
I2C_Voltage             0x2000'0068   0x10  Data  Lc  main.o [1]
I2C_mAH                 0x2000'0088   0x10  Data  Lc  main.o [1]
INA219_Dev              0x2000'00f0   0x18  Data  Gb  CPP_HAL.o [1]
InterruptManagerInstance
                        0x2000'045c    0x1  Data  Gb  CPP_HAL.o [1]
IntrCount               0x2000'044c    0x4  Data  Gb  DigitalIO_Test.o [1]
LED_C13                 0x2000'0010    0x8  Data  Gb  DigitalIO_Test.o [1]
LL_DMA_Init              0x800'1fcd   0x4a  Code  Gb  stm32f1xx_ll_dma.o [1]
LL_I2C_Init              0x800'2d3d   0xcc  Code  Gb  stm32f1xx_ll_i2c.o [1]
LL_RCC_GetSystemClocksFreq
                         0x800'37c5   0x70  Code  Gb  stm32f1xx_ll_rcc.o [1]
LL_RTC_EnterInitMode     0x800'44bb   0x4a  Code  Gb  stm32f1xx_ll_rtc.o [1]
LL_RTC_ExitInitMode      0x800'4505   0x4a  Code  Gb  stm32f1xx_ll_rtc.o [1]
LL_RTC_Init              0x800'444d   0x6e  Code  Gb  stm32f1xx_ll_rtc.o [1]
LL_RTC_WaitForSynchro    0x800'454f   0x4c  Code  Gb  stm32f1xx_ll_rtc.o [1]
LL_SPI_Init              0x800'178d   0x58  Code  Gb  stm32f1xx_ll_spi.o [1]
LL_SetSystemCoreClock    0x800'3797    0x6  Code  Gb  stm32f1xx_ll_utils.o [1]
LL_mDelay                0x800'3775   0x22  Code  Gb  stm32f1xx_ll_utils.o [1]
MemManage_Handler        0x800'4c3d    0x2  Code  Gb  stm32f1xx_it.o [1]
MillisElapsed<128U>()::previous_millis
                        0x2000'0434    0x4  Data  Lc  INA219.o [1]
MillisElapsed<128U>()::static guard for previous_millis
                        0x2000'0430    0x1  Data  Lc  INA219.o [1]
NMI_Handler              0x800'4c39    0x2  Code  Gb  stm32f1xx_it.o [1]
NokiaLCDObj             0x2000'0218   0x28  Data  Gb  CPP_HAL.o [1]
PVD_IRQHandler           0x800'39b7   0x16  Code  Gb  InterruptHandlers.o [1]
PendSV_Handler           0x800'4c47    0x2  Code  Gb  stm32f1xx_it.o [1]
Power                   0x2000'004c    0xc  Data  Gb  main.o [1]
RCC_IRQHandler           0x800'3a0f   0x16  Code  Gb  InterruptHandlers.o [1]
RTCSecCallback::CallbackFunction()
                         0x800'4aa1   0x20  Code  Gb  main.o [1]
RTCSecCallback::RtcSecCount
                        0x2000'0034    0x4  Data  Gb  main.o [1]
RTCSecCallbackObj       0x2000'0044    0x4  Data  Gb  main.o [1]
RTC_Alarm_IRQHandler     0x800'3d5d   0x12  Code  Gb  InterruptHandlers.o [1]
RTC_IRQHandler           0x800'39e3   0x16  Code  Gb  InterruptHandlers.o [1]
Region$$Table$$Base      0x800'4a7c          --   Gb  - Linker created -
Region$$Table$$Limit     0x800'4aa0          --   Gb  - Linker created -
Rtc_test()               0x800'3dc3   0x40  Code  Gb  main.o [1]
Rtc_test()::InitDone    0x2000'0030    0x1  Data  Lc  main.o [1]
SHT$$INIT_ARRAY$$Base    0x800'4c48          --   Gb  - Linker created -
SHT$$INIT_ARRAY$$Limit   0x800'4c58          --   Gb  - Linker created -
SHT$$PREINIT_ARRAY$$Base
                         0x800'4c48          --   Gb  - Linker created -
SHT$$PREINIT_ARRAY$$Limit
                         0x800'4c48          --   Gb  - Linker created -
SPI1_IRQHandler          0x800'3ccb   0x12  Code  Gb  InterruptHandlers.o [1]
SPI2_IRQHandler          0x800'3ce3   0x12  Code  Gb  InterruptHandlers.o [1]
SVC_Handler              0x800'4c43    0x2  Code  Gb  stm32f1xx_it.o [1]
SetSystickTimerInterrupt()
                         0x800'402b   0x26  Code  Gb  main.o [1]
SetSystickTimerInterrupt()::SysTimerObj
                        0x2000'0444    0x4  Data  Lc  main.o [1]
SetSystickTimerInterrupt()::static guard for SysTimerObj
                        0x2000'0440    0x1  Data  Lc  main.o [1]
SysTick_Handler          0x800'3d91    0xe  Code  Gb  InterruptHandlers.o [1]
SysTimerCallback::ISR()
                         0x800'4c19   0x10  Code  Gb  main.o [1]
SystemClock_Config()     0x800'3f4f   0xdc  Code  Gb  main.o [1]
SystemCoreClock         0x2000'00ac    0x4  Data  Gb  system_stm32f1xx.o [1]
SystemInit               0x800'488d   0x40  Code  Gb  system_stm32f1xx.o [1]
SystickTimerTicks       0x2000'0448    0x4  Data  Gb  CPP_HAL.o [1]
TAMPER_IRQHandler        0x800'39cd   0x16  Code  Gb  InterruptHandlers.o [1]
TFT_1_8                 0x2000'0240   0x30  Data  Gb  CPP_HAL.o [1]
TFT_Small               0x2000'0270   0x30  Data  Gb  CPP_HAL.o [1]
TIM1_BRK_IRQHandler      0x800'3bc3   0x18  Code  Gb  InterruptHandlers.o [1]
TIM1_CC_IRQHandler       0x800'3c0b   0x18  Code  Gb  InterruptHandlers.o [1]
TIM1_TRG_COM_IRQHandler
                         0x800'3bf3   0x18  Code  Gb  InterruptHandlers.o [1]
TIM1_UP_IRQHandler       0x800'3bdb   0x18  Code  Gb  InterruptHandlers.o [1]
TIM2_IRQHandler          0x800'3c23   0x18  Code  Gb  InterruptHandlers.o [1]
TIM3_IRQHandler          0x800'3c3b   0x18  Code  Gb  InterruptHandlers.o [1]
TIM4_IRQHandler          0x800'3c53   0x18  Code  Gb  InterruptHandlers.o [1]
TimeString              0x2000'0058   0x10  Data  Lc  main.o [1]
USART1_IRQHandler        0x800'3cfb   0x12  Code  Gb  InterruptHandlers.o [1]
USART2_IRQHandler        0x800'3d13   0x12  Code  Gb  InterruptHandlers.o [1]
USART3_IRQHandler        0x800'3d2b   0x12  Code  Gb  InterruptHandlers.o [1]
USBWakeUp_IRQHandler     0x800'3d77   0x12  Code  Gb  InterruptHandlers.o [1]
USB_HP_CAN1_TX_IRQHandler
                         0x800'3b61   0x18  Code  Gb  InterruptHandlers.o [1]
USB_LP_CAN1_RX0_IRQHandler
                         0x800'3b79    0x2  Code  Gb  InterruptHandlers.o [1]
UsageFault_Handler       0x800'4c41    0x2  Code  Gb  stm32f1xx_it.o [1]
Utils::queue<HAL::Spi::Transaction_t const *, unsigned int, (unsigned int)10>::Read(HAL::Spi::Transaction_t const **)
                         0x800'1e9f   0x2e  Code  Gb  Spi.o [1]
Virtual function table for ButtonCallback
                         0x800'4b2c   0x14  Data  Gb  DigitalIO_Test.o [1]
Virtual function table for HAL::GpioInput
                         0x800'4b40   0x14  Data  Gb  GpioInput.o [1]
Virtual function table for HAL::I2c
                         0x800'4b54   0x14  Data  Gb  I2c.o [1]
Virtual function table for HAL::Rtc
                         0x800'4b90   0x14  Data  Gb  RTC.o [1]
Virtual function table for HAL::Spi
                         0x800'4bf4   0x14  Data  Gb  Spi.o [1]
Virtual function table for HAL::Spi::SPI1_DMA_Rx_Callback
                         0x800'4bcc   0x14  Data  Gb  Spi.o [1]
Virtual function table for HAL::Spi::SPI1_DMA_Tx_Callback
                         0x800'4ba4   0x14  Data  Gb  Spi.o [1]
Virtual function table for HAL::Spi::SPI2_DMA_Rx_Callback
                         0x800'4be0   0x14  Data  Gb  Spi.o [1]
Virtual function table for HAL::Spi::SPI2_DMA_Tx_Callback
                         0x800'4bb8   0x14  Data  Gb  Spi.o [1]
Virtual function table for RTCSecCallback
                         0x800'4b68   0x14  Data  Gb  main.o [1]
Virtual function table for SysTimerCallback
                         0x800'4b7c   0x14  Data  Gb  main.o [1]
WWDG_IRQHandler          0x800'39a1   0x16  Code  Gb  InterruptHandlers.o [1]
[local to DMA_cpp]::LL_DMA_DisableChannel(DMA_TypeDef *, unsigned int)
                         0x800'1861   0x14  Code  Lc  DMA.o [1]
[local to DMA_cpp]::LL_DMA_EnableChannel(DMA_TypeDef *, unsigned int)
                         0x800'184d   0x14  Code  Lc  DMA.o [1]
[local to DMA_cpp]::LL_DMA_SetDataLength(DMA_TypeDef *, unsigned int, unsigned int)
                         0x800'1875   0x16  Code  Lc  DMA.o [1]
[local to GpioInput_cpp]::LL_GPIO_SetPinMode(GPIO_TypeDef *, unsigned int, unsigned int)
                         0x800'1b25   0x2c  Code  Lc  GpioInput.o [1]
[local to GpioOutput_cpp]::LL_GPIO_SetPinMode(GPIO_TypeDef *, unsigned int, unsigned int)
                         0x800'1995   0x18  Code  Lc  GpioOutput.o [1]
[local to GpioOutput_cpp]::LL_GPIO_SetPinOutputType(GPIO_TypeDef *, unsigned int, unsigned int)
                         0x800'19ad   0x16  Code  Lc  GpioOutput.o [1]
[local to I2c_cpp]::LL_GPIO_SetPinMode(GPIO_TypeDef *, unsigned int, unsigned int)
                         0x800'2033   0x18  Code  Lc  I2c.o [1]
[local to I2c_cpp]::LL_GPIO_SetPinOutputType(GPIO_TypeDef *, unsigned int, unsigned int)
                         0x800'2077   0x18  Code  Lc  I2c.o [1]
[local to I2c_cpp]::LL_GPIO_SetPinSpeed(GPIO_TypeDef *, unsigned int, unsigned int)
                         0x800'204b   0x16  Code  Lc  I2c.o [1]
[local to I2c_cpp]::LL_I2C_ClearFlag_ADDR(I2C_TypeDef *)
                         0x800'2021   0x12  Code  Lc  I2c.o [1]
__aeabi_atexit           0x800'246b    0xa  Code  Gb  cxxabi.o [3]
__aeabi_cfcmple          0x800'2eb9         Code  Gb  FltCmpLe.o [4]
__aeabi_d2f              0x800'33f9         Code  Gb  DblToFlt.o [4]
__aeabi_dadd             0x800'327d         Code  Gb  DblAdd.o [4]
__aeabi_ddiv             0x800'3035         Code  Gb  DblDiv.o [4]
__aeabi_dmul             0x800'347d         Code  Gb  DblMul.o [4]
__aeabi_f2d              0x800'2fed         Code  Gb  FltToDbl.o [4]
__aeabi_f2iz             0x800'460d         Code  Gb  FltToS32.o [4]
__aeabi_fadd             0x800'2f09         Code  Gb  FltAdd.o [4]
__aeabi_fdiv             0x800'3661         Code  Gb  FltDiv.o [4]
__aeabi_fmul             0x800'4639         Code  Gb  FltMul.o [4]
__aeabi_fsub             0x800'384d         Code  Gb  FltSub.o [4]
__aeabi_i2f              0x800'3621         Code  Gb  S32ToFlt.o [4]
__aeabi_memcpy4          0x800'1ecd         Code  Gb  ABImemcpy.o [5]
__aeabi_memcpy8          0x800'1ecd         Code  Gb  ABImemcpy.o [5]
__aeabi_memset           0x800'45a5         Code  Gb  ABImemset.o [5]
__aeabi_ui2d             0x800'3461         Code  Gb  U32ToDbl.o [4]
__aeabi_ui2f             0x800'3645         Code  Gb  U32ToFlt.o [4]
__call_ctors             0x800'2e19   0x18  Code  Gb  cppinit.o [2]
__call_dtors             0x800'2e67    0xc  Code  Gb  cppinit.o [2]
__call_dtors0            0x800'2e73   0x36  Code  Gb  cppinit.o [2]
__cexit_call_dtors       0x800'4b0b         Code  Gb  cexit.o [5]
__cmain                  0x800'4ae1         Code  Gb  cmain.o [5]
__cstart_call_dtors      0x800'4c6c         Data  Gb  cstart_call_dtors.o [5]
__cxa_atexit             0x800'2e31   0x36  Code  Gb  cppinit.o [2]
__dso_handle            0x2000'0458    0x4  Data  Gb  cppinit.o [2]
__exit                   0x800'4b19   0x14  Code  Gb  exit.o [6]
__iar_Memset             0x800'45a5         Code  Gb  ABImemset.o [5]
__iar_Memset_word        0x800'45ad         Code  Gb  ABImemset.o [5]
__iar_close_ttio         0x800'4a1d   0x2c  Code  Gb  iarttio.o [6]
__iar_cstart_call_ctors
                         0x800'4ac1   0x20  Code  Gb  cmain_call_ctors.o [5]
__iar_dadd               0x800'38cd         Code  Gb  DblSub.o [4]
__iar_data_init3         0x800'4a55   0x28  Code  Gb  data_init.o [5]
__iar_debug_exceptions   0x800'26da    0x1  Data  Gb  unwind_debug.o [6]
__iar_dsub               0x800'328d         Code  Gb  DblAdd.o [4]
__iar_dsubStart          0x800'329f         Code  Gb  DblAdd.o [4]
__iar_fadd               0x800'3859         Code  Gb  FltSub.o [4]
__iar_fsub               0x800'2f15         Code  Gb  FltAdd.o [4]
__iar_fsubStart          0x800'2f25         Code  Gb  FltAdd.o [4]
__iar_lookup_ttioh       0x800'4a49    0x4  Code  Gb  XShttio.o [2]
__iar_packbits_init_single3
                         0x800'49e5   0x38  Code  Gb  packbits_init_single.o [5]
__iar_program_start      0x800'4c59         Code  Gb  cstartup_M.o [5]
__iar_tls$$INIT_ARRAY$$Base
                         0x800'4c58          --   Gb  - Linker created -
__iar_tls$$INIT_ARRAY$$Limit
                         0x800'4c58          --   Gb  - Linker created -
__iar_ttio_handles      0x2000'00b0    0x8  Data  Lc  XShttio.o [2]
__iar_zero_init3         0x800'2647   0x3a  Code  Gb  zero_init3.o [5]
__low_level_init         0x800'4aff    0x4  Code  Gb  low_level_init.o [2]
__sti__routine           0x800'1d99   0xc2  Code  Lc  CPP_HAL.o [1]
__sti__routine           0x800'49ad   0x2a  Code  Lc  DigitalIO_Test.o [1]
__sti__routine           0x800'3db1   0x12  Code  Lc  main.o [1]
__sti__routine           0x800'496d   0x38  Code  Lc  ST7735_1.o [1]
__vector_table           0x800'0000         Data  Gb  startup_stm32f103xb.o [1]
_call_main               0x800'4aed         Code  Gb  cmain.o [5]
_exit                    0x800'4b09         Code  Gb  cexit.o [5]
_main                    0x800'4afb         Code  Gb  cmain.o [5]
bool MillisElapsed<(unsigned int)128>()
                         0x800'2edd   0x2c  Code  Gb  INA219.o [1]
colorB                  0x2000'0414    0x1  Data  Gb  ST7735_1.o [1]
dma1                    0x2000'00ec    0x4  Data  Gb  CPP_HAL.o [1]
exit                     0x800'4b03    0x4  Code  Gb  exit.o [2]
ftoa(float, char *, int)
                         0x800'437b   0x52  Code  Gb  Utils.o [1]
g_GpioCallbacks         0x2000'03a0   0x40  Data  Gb  CPP_HAL.o [1]
generic_st7789           0x800'4868   0x24  Data  Lc  ST7735.o [1]
i2c1                    0x2000'00b8   0x34  Data  Gb  CPP_HAL.o [1]
init_cmds1               0x800'4800   0x3c  Data  Lc  ST7735.o [1]
init_cmds2_160X80        0x800'2c5c   0x10  Data  Lc  ST7735.o [1]
init_cmds2_IS_128X160    0x800'2c4c   0x10  Data  Lc  ST7735.o [1]
init_cmds3               0x800'483c   0x2c  Data  Lc  ST7735.o [1]
intToStr(int, char *, int)
                         0x800'42c1   0x5c  Code  Gb  Utils.o [1]
intToStr(int, char *, int, char)
                         0x800'431d   0x5e  Code  Gb  Utils.o [1]
loop_Small()             0x800'3e5f   0xd2  Code  Gb  main.o [1]
m_CSPin                 0x2000'0428    0x8  Data  Gb  ST7735_1.o [1]
m_DCPin                 0x2000'0420    0x8  Data  Gb  ST7735_1.o [1]
m_RstPin                0x2000'0418    0x8  Data  Gb  ST7735_1.o [1]
madctl                  0x2000'0415    0x1  Data  Gb  ST7735_1.o [1]
main                     0x800'3f31   0x1e  Code  Gb  main.o [1]
myTime                  0x2000'0038    0xc  Data  Gb  main.o [1]
next_abi_dtor_rec       0x2000'0454    0x4  Data  Lc  cppinit.o [2]
power(float, int)        0x800'43d5   0x4e  Code  Gb  Utils.o [1]
rtc                     0x2000'0000   0x10  Data  Gb  CPP_HAL.o [1]
spi1                    0x2000'0108   0x88  Data  Gb  CPP_HAL.o [1]
spi2                    0x2000'0190   0x88  Data  Gb  CPP_HAL.o [1]
st7735_Font11x18         0x800'00ec  0xd5c  Data  Lc  st7735fonts.o [1]
st7735_Font_11x18       0x2000'0098    0x8  Data  Gb  st7735fonts.o [1]
st7735_Test()            0x800'3e03   0x5c  Code  Gb  main.o [1]
st7735_Test()::InitDone
                        0x2000'0048    0x1  Data  Lc  main.o [1]
uwTick                  0x2000'00a4    0x4  Data  Gb  stm32f1xx_hal.o [1]
uwTickFreq              0x2000'00a0    0x1  Data  Gb  stm32f1xx_hal.o [1]
uwTickPrio              0x2000'00a8    0x4  Data  Gb  stm32f1xx_hal.o [1]
void Gpio_ClockEnable<(Port_t)1073810432>()
                         0x800'37a5   0x20  Code  Gb  main.o [1]
w25qxxDev               0x2000'03e0   0x34  Data  Gb  main.o [1]


[1] = C:\Amit_Chaudhary\STM32F1xx_CPP_FW\STM32F1xx_CPP_FW - CPF - SPI 1.9 - Spi clean - gpio init\IAR\Debug\Obj
[2] = dl7M_tln.a
[3] = dlpp7M_tl_nc.a
[4] = m7M_tl.a
[5] = rt7M_tl.a
[6] = shb_l.a

  15'595 bytes of readonly  code memory
   4'049 bytes of readonly  data memory
   3'573 bytes of readwrite data memory

Errors: none
Warnings: none
