###############################################################################
#
# IAR ELF Linker V8.40.2.214/W32 for ARM                  04/Jan/2020  17:49:43
# Copyright 2007-2019 IAR Systems AB.
#
#    Output file  =
#        C:\Amit_Chaudhary\STM32F1xx_CPP_FW\STM32F1xx_CPP_FW - CPF - SPI 1.7 -
#        flash class - new st7735\IAR\Debug\Exe\Main.out
#    Map file     =
#        C:\Amit_Chaudhary\STM32F1xx_CPP_FW\STM32F1xx_CPP_FW - CPF - SPI 1.7 -
#        flash class - new st7735\IAR\Debug\List\Main.map
#    Command line =
#        -f C:\Users\AMITCH~1\AppData\Local\Temp\EW12EA.tmp
#        ("C:\Amit_Chaudhary\STM32F1xx_CPP_FW\STM32F1xx_CPP_FW - CPF - SPI 1.7
#        - flash class - new st7735\IAR\Debug\Obj\BMP280.o"
#        "C:\Amit_Chaudhary\STM32F1xx_CPP_FW\STM32F1xx_CPP_FW - CPF - SPI 1.7 -
#        flash class - new st7735\IAR\Debug\Obj\CmdSvr.o"
#        "C:\Amit_Chaudhary\STM32F1xx_CPP_FW\STM32F1xx_CPP_FW - CPF - SPI 1.7 -
#        flash class - new st7735\IAR\Debug\Obj\CPP_HAL.o"
#        "C:\Amit_Chaudhary\STM32F1xx_CPP_FW\STM32F1xx_CPP_FW - CPF - SPI 1.7 -
#        flash class - new st7735\IAR\Debug\Obj\DigitalIO_Test.o"
#        "C:\Amit_Chaudhary\STM32F1xx_CPP_FW\STM32F1xx_CPP_FW - CPF - SPI 1.7 -
#        flash class - new st7735\IAR\Debug\Obj\DMA.o"
#        "C:\Amit_Chaudhary\STM32F1xx_CPP_FW\STM32F1xx_CPP_FW - CPF - SPI 1.7 -
#        flash class - new st7735\IAR\Debug\Obj\fonts.o"
#        "C:\Amit_Chaudhary\STM32F1xx_CPP_FW\STM32F1xx_CPP_FW - CPF - SPI 1.7 -
#        flash class - new st7735\IAR\Debug\Obj\GpioInput.o"
#        "C:\Amit_Chaudhary\STM32F1xx_CPP_FW\STM32F1xx_CPP_FW - CPF - SPI 1.7 -
#        flash class - new st7735\IAR\Debug\Obj\GpioOutput.o"
#        "C:\Amit_Chaudhary\STM32F1xx_CPP_FW\STM32F1xx_CPP_FW - CPF - SPI 1.7 -
#        flash class - new st7735\IAR\Debug\Obj\I2c.o"
#        "C:\Amit_Chaudhary\STM32F1xx_CPP_FW\STM32F1xx_CPP_FW - CPF - SPI 1.7 -
#        flash class - new st7735\IAR\Debug\Obj\I2C_Commands.o"
#        "C:\Amit_Chaudhary\STM32F1xx_CPP_FW\STM32F1xx_CPP_FW - CPF - SPI 1.7 -
#        flash class - new st7735\IAR\Debug\Obj\I2C_Test.o"
#        "C:\Amit_Chaudhary\STM32F1xx_CPP_FW\STM32F1xx_CPP_FW - CPF - SPI 1.7 -
#        flash class - new st7735\IAR\Debug\Obj\INA219.o"
#        "C:\Amit_Chaudhary\STM32F1xx_CPP_FW\STM32F1xx_CPP_FW - CPF - SPI 1.7 -
#        flash class - new st7735\IAR\Debug\Obj\InterruptHandlers.o"
#        "C:\Amit_Chaudhary\STM32F1xx_CPP_FW\STM32F1xx_CPP_FW - CPF - SPI 1.7 -
#        flash class - new st7735\IAR\Debug\Obj\InterruptManager.o"
#        "C:\Amit_Chaudhary\STM32F1xx_CPP_FW\STM32F1xx_CPP_FW - CPF - SPI 1.7 -
#        flash class - new st7735\IAR\Debug\Obj\main.o"
#        "C:\Amit_Chaudhary\STM32F1xx_CPP_FW\STM32F1xx_CPP_FW - CPF - SPI 1.7 -
#        flash class - new st7735\IAR\Debug\Obj\Mlx90615.o"
#        "C:\Amit_Chaudhary\STM32F1xx_CPP_FW\STM32F1xx_CPP_FW - CPF - SPI 1.7 -
#        flash class - new st7735\IAR\Debug\Obj\NokiaLCD.o"
#        "C:\Amit_Chaudhary\STM32F1xx_CPP_FW\STM32F1xx_CPP_FW - CPF - SPI 1.7 -
#        flash class - new st7735\IAR\Debug\Obj\printf.o"
#        "C:\Amit_Chaudhary\STM32F1xx_CPP_FW\STM32F1xx_CPP_FW - CPF - SPI 1.7 -
#        flash class - new st7735\IAR\Debug\Obj\RTC.o"
#        "C:\Amit_Chaudhary\STM32F1xx_CPP_FW\STM32F1xx_CPP_FW - CPF - SPI 1.7 -
#        flash class - new st7735\IAR\Debug\Obj\Spi.o"
#        "C:\Amit_Chaudhary\STM32F1xx_CPP_FW\STM32F1xx_CPP_FW - CPF - SPI 1.7 -
#        flash class - new st7735\IAR\Debug\Obj\ssd1306.o"
#        "C:\Amit_Chaudhary\STM32F1xx_CPP_FW\STM32F1xx_CPP_FW - CPF - SPI 1.7 -
#        flash class - new st7735\IAR\Debug\Obj\ssd1306_Test.o"
#        "C:\Amit_Chaudhary\STM32F1xx_CPP_FW\STM32F1xx_CPP_FW - CPF - SPI 1.7 -
#        flash class - new st7735\IAR\Debug\Obj\ST7735.o"
#        "C:\Amit_Chaudhary\STM32F1xx_CPP_FW\STM32F1xx_CPP_FW - CPF - SPI 1.7 -
#        flash class - new st7735\IAR\Debug\Obj\ST7735_1.o"
#        "C:\Amit_Chaudhary\STM32F1xx_CPP_FW\STM32F1xx_CPP_FW - CPF - SPI 1.7 -
#        flash class - new st7735\IAR\Debug\Obj\st7735fonts.o"
#        "C:\Amit_Chaudhary\STM32F1xx_CPP_FW\STM32F1xx_CPP_FW - CPF - SPI 1.7 -
#        flash class - new st7735\IAR\Debug\Obj\startup_stm32f103xb.o"
#        "C:\Amit_Chaudhary\STM32F1xx_CPP_FW\STM32F1xx_CPP_FW - CPF - SPI 1.7 -
#        flash class - new st7735\IAR\Debug\Obj\stm32f1xx_hal.o"
#        "C:\Amit_Chaudhary\STM32F1xx_CPP_FW\STM32F1xx_CPP_FW - CPF - SPI 1.7 -
#        flash class - new st7735\IAR\Debug\Obj\stm32f1xx_hal_cortex.o"
#        "C:\Amit_Chaudhary\STM32F1xx_CPP_FW\STM32F1xx_CPP_FW - CPF - SPI 1.7 -
#        flash class - new st7735\IAR\Debug\Obj\stm32f1xx_hal_dma.o"
#        "C:\Amit_Chaudhary\STM32F1xx_CPP_FW\STM32F1xx_CPP_FW - CPF - SPI 1.7 -
#        flash class - new st7735\IAR\Debug\Obj\stm32f1xx_hal_gpio.o"
#        "C:\Amit_Chaudhary\STM32F1xx_CPP_FW\STM32F1xx_CPP_FW - CPF - SPI 1.7 -
#        flash class - new st7735\IAR\Debug\Obj\stm32f1xx_hal_pcd.o"
#        "C:\Amit_Chaudhary\STM32F1xx_CPP_FW\STM32F1xx_CPP_FW - CPF - SPI 1.7 -
#        flash class - new st7735\IAR\Debug\Obj\stm32f1xx_hal_pcd_ex.o"
#        "C:\Amit_Chaudhary\STM32F1xx_CPP_FW\STM32F1xx_CPP_FW - CPF - SPI 1.7 -
#        flash class - new st7735\IAR\Debug\Obj\stm32f1xx_hal_rcc.o"
#        "C:\Amit_Chaudhary\STM32F1xx_CPP_FW\STM32F1xx_CPP_FW - CPF - SPI 1.7 -
#        flash class - new st7735\IAR\Debug\Obj\stm32f1xx_hal_rcc_ex.o"
#        "C:\Amit_Chaudhary\STM32F1xx_CPP_FW\STM32F1xx_CPP_FW - CPF - SPI 1.7 -
#        flash class - new st7735\IAR\Debug\Obj\stm32f1xx_hal_tim.o"
#        "C:\Amit_Chaudhary\STM32F1xx_CPP_FW\STM32F1xx_CPP_FW - CPF - SPI 1.7 -
#        flash class - new st7735\IAR\Debug\Obj\stm32f1xx_hal_tim_ex.o"
#        "C:\Amit_Chaudhary\STM32F1xx_CPP_FW\STM32F1xx_CPP_FW - CPF - SPI 1.7 -
#        flash class - new st7735\IAR\Debug\Obj\stm32f1xx_it.o"
#        "C:\Amit_Chaudhary\STM32F1xx_CPP_FW\STM32F1xx_CPP_FW - CPF - SPI 1.7 -
#        flash class - new st7735\IAR\Debug\Obj\stm32f1xx_ll_dma.o"
#        "C:\Amit_Chaudhary\STM32F1xx_CPP_FW\STM32F1xx_CPP_FW - CPF - SPI 1.7 -
#        flash class - new st7735\IAR\Debug\Obj\stm32f1xx_ll_exti.o"
#        "C:\Amit_Chaudhary\STM32F1xx_CPP_FW\STM32F1xx_CPP_FW - CPF - SPI 1.7 -
#        flash class - new st7735\IAR\Debug\Obj\stm32f1xx_ll_gpio.o"
#        "C:\Amit_Chaudhary\STM32F1xx_CPP_FW\STM32F1xx_CPP_FW - CPF - SPI 1.7 -
#        flash class - new st7735\IAR\Debug\Obj\stm32f1xx_ll_i2c.o"
#        "C:\Amit_Chaudhary\STM32F1xx_CPP_FW\STM32F1xx_CPP_FW - CPF - SPI 1.7 -
#        flash class - new st7735\IAR\Debug\Obj\stm32f1xx_ll_pwr.o"
#        "C:\Amit_Chaudhary\STM32F1xx_CPP_FW\STM32F1xx_CPP_FW - CPF - SPI 1.7 -
#        flash class - new st7735\IAR\Debug\Obj\stm32f1xx_ll_rcc.o"
#        "C:\Amit_Chaudhary\STM32F1xx_CPP_FW\STM32F1xx_CPP_FW - CPF - SPI 1.7 -
#        flash class - new st7735\IAR\Debug\Obj\stm32f1xx_ll_rtc.o"
#        "C:\Amit_Chaudhary\STM32F1xx_CPP_FW\STM32F1xx_CPP_FW - CPF - SPI 1.7 -
#        flash class - new st7735\IAR\Debug\Obj\stm32f1xx_ll_spi.o"
#        "C:\Amit_Chaudhary\STM32F1xx_CPP_FW\STM32F1xx_CPP_FW - CPF - SPI 1.7 -
#        flash class - new st7735\IAR\Debug\Obj\stm32f1xx_ll_usart.o"
#        "C:\Amit_Chaudhary\STM32F1xx_CPP_FW\STM32F1xx_CPP_FW - CPF - SPI 1.7 -
#        flash class - new st7735\IAR\Debug\Obj\stm32f1xx_ll_usb.o"
#        "C:\Amit_Chaudhary\STM32F1xx_CPP_FW\STM32F1xx_CPP_FW - CPF - SPI 1.7 -
#        flash class - new st7735\IAR\Debug\Obj\stm32f1xx_ll_utils.o"
#        "C:\Amit_Chaudhary\STM32F1xx_CPP_FW\STM32F1xx_CPP_FW - CPF - SPI 1.7 -
#        flash class - new st7735\IAR\Debug\Obj\System.o"
#        "C:\Amit_Chaudhary\STM32F1xx_CPP_FW\STM32F1xx_CPP_FW - CPF - SPI 1.7 -
#        flash class - new st7735\IAR\Debug\Obj\system_stm32f1xx.o"
#        "C:\Amit_Chaudhary\STM32F1xx_CPP_FW\STM32F1xx_CPP_FW - CPF - SPI 1.7 -
#        flash class - new st7735\IAR\Debug\Obj\usb_device.o"
#        "C:\Amit_Chaudhary\STM32F1xx_CPP_FW\STM32F1xx_CPP_FW - CPF - SPI 1.7 -
#        flash class - new st7735\IAR\Debug\Obj\usbd_cdc.o"
#        "C:\Amit_Chaudhary\STM32F1xx_CPP_FW\STM32F1xx_CPP_FW - CPF - SPI 1.7 -
#        flash class - new st7735\IAR\Debug\Obj\usbd_cdc_if.o"
#        "C:\Amit_Chaudhary\STM32F1xx_CPP_FW\STM32F1xx_CPP_FW - CPF - SPI 1.7 -
#        flash class - new st7735\IAR\Debug\Obj\usbd_conf.o"
#        "C:\Amit_Chaudhary\STM32F1xx_CPP_FW\STM32F1xx_CPP_FW - CPF - SPI 1.7 -
#        flash class - new st7735\IAR\Debug\Obj\usbd_core.o"
#        "C:\Amit_Chaudhary\STM32F1xx_CPP_FW\STM32F1xx_CPP_FW - CPF - SPI 1.7 -
#        flash class - new st7735\IAR\Debug\Obj\usbd_ctlreq.o"
#        "C:\Amit_Chaudhary\STM32F1xx_CPP_FW\STM32F1xx_CPP_FW - CPF - SPI 1.7 -
#        flash class - new st7735\IAR\Debug\Obj\usbd_desc.o"
#        "C:\Amit_Chaudhary\STM32F1xx_CPP_FW\STM32F1xx_CPP_FW - CPF - SPI 1.7 -
#        flash class - new st7735\IAR\Debug\Obj\usbd_ioreq.o"
#        "C:\Amit_Chaudhary\STM32F1xx_CPP_FW\STM32F1xx_CPP_FW - CPF - SPI 1.7 -
#        flash class - new st7735\IAR\Debug\Obj\Utils.o"
#        "C:\Amit_Chaudhary\STM32F1xx_CPP_FW\STM32F1xx_CPP_FW - CPF - SPI 1.7 -
#        flash class - new st7735\IAR\Debug\Obj\w25qxx.o" --no_out_extension -o
#        "C:\Amit_Chaudhary\STM32F1xx_CPP_FW\STM32F1xx_CPP_FW - CPF - SPI 1.7 -
#        flash class - new st7735\IAR\Debug\Exe\Main.out" --redirect
#        _Printf=_PrintfFullNoMb --redirect _Scanf=_ScanfFullNoMb --map
#        "C:\Amit_Chaudhary\STM32F1xx_CPP_FW\STM32F1xx_CPP_FW - CPF - SPI 1.7 -
#        flash class - new st7735\IAR\Debug\List\Main.map" --config "C:\Program
#        Files (x86)\IAR Systems\STM32
#        ARM\arm\config\linker\ST\stm32f103x8.icf" --semihosting --entry
#        __iar_program_start --vfe --text_out locale)
#
###############################################################################

*******************************************************************************
*** RUNTIME MODEL ATTRIBUTES
***

CppFlavor                     = *
__CPP_Exceptions              = Disabled
__CPP_Language                = C++14
__Heap_Handler                = Basic
__SystemLibrary               = DLib
__dlib_dynamic_initialization = normal
__dlib_version                = 6


*******************************************************************************
*** HEAP SELECTION
***

The basic heap was selected because some modules are built with
size limitations (and not runtime checking), and --advanced_heap
was not specified.


*******************************************************************************
*** PLACEMENT SUMMARY
***

"A0":  place at address 0x800'0000 { ro section .intvec };
"P1":  place in [from 0x800'0000 to 0x800'ffff] { ro };
define block CSTACK with size = 2K, alignment = 8 { };
define block HEAP with size = 2K, alignment = 8 { };
"P2":  place in [from 0x2000'0000 to 0x2000'4fff] {
          rw, block CSTACK, block HEAP };
initialize by copy { rw };

  Section                Kind         Address    Size  Object
  -------                ----         -------    ----  ------
"A0":                                            0xec
  .intvec                ro code   0x800'0000    0xec  startup_stm32f103xb.o [1]
                                 - 0x800'00ec    0xec

"P1":                                          0x6def
  .rodata                const     0x800'00ec  0x134c  st7735fonts.o [1]
  .text                  ro code   0x800'1438   0xfaa  xprintffull_nomb.o [2]
  .text                  ro code   0x800'23e2    0x3a  zero_init3.o [5]
  .text                  ro code   0x800'241c    0x16  strchr.o [5]
  .rodata                const     0x800'2432     0x1  unwind_debug.o [6]
  .text                  ro code   0x800'2434    0x40  xfail_s.o [2]
  .text                  ro code   0x800'2474    0x36  strlen.o [5]
  .text                  ro code   0x800'24ac    0x58  memchr.o [5]
  .text                  ro code   0x800'2504    0xa6  ABImemcpy.o [5]
  .text                  ro code   0x800'25ac    0x70  frexp.o [4]
  .text                  ro code   0x800'261c    0x2e  DblCmpLe.o [4]
  .text                  ro code   0x800'264c    0x2e  DblCmpGe.o [4]
  .text                  ro code   0x800'267c   0x13a  ldexp.o [4]
  .text                  ro code   0x800'27b8    0x3a  DblToS32.o [4]
  .text                  ro code   0x800'27f4    0x22  S32ToDbl.o [4]
  .text                  ro code   0x800'2818    0xe2  DblSub.o [4]
  .text                  ro code   0x800'28fc   0x246  DblDiv.o [4]
  .text                  ro code   0x800'2b44    0x28  DblToU32.o [4]
  .text                  ro code   0x800'2b6c    0x1a  U32ToDbl.o [4]
  .text                  ro code   0x800'2b88   0x1a2  DblMul.o [4]
  .text                  ro code   0x800'2d2c   0x230  I64DivMod.o [5]
  .text                  ro code   0x800'2f5c     0x6  abort.o [2]
  .text                  ro code   0x800'2f64   0x16a  DblAdd.o [4]
  .text                  ro code   0x800'30d0     0x2  I64DivZer.o [5]
  .text                  ro code   0x800'30d4    0x14  exit.o [6]
  .text                  ro code   0x800'30e8    0x7c  iarttio.o [6]
  .text                  ro code   0x800'3164    0x3c  XShttio.o [2]
  .rodata                const     0x800'31a0   0xd5c  st7735fonts.o [1]
  .text                  ro code   0x800'3efc   0x810  Spi.o [1]
  .text                  ro code   0x800'470c    0x38  Spi.o [1]
  .text                  ro code   0x800'4744    0x38  Spi.o [1]
  .text                  ro code   0x800'477c    0x38  Spi.o [1]
  .text                  ro code   0x800'47b4    0x60  stm32f1xx_ll_spi.o [1]
  .text                  ro code   0x800'4814    0x38  Spi.o [1]
  .text                  ro code   0x800'484c    0x38  Spi.o [1]
  .text                  ro code   0x800'4884    0x60  InterruptManager.o [1]
  .text                  ro code   0x800'48e4   0x128  DMA.o [1]
  .text                  ro code   0x800'4a0c    0x20  Spi.o [1]
  .text                  ro code   0x800'4a2c    0xb6  CPP_HAL.o [1]
  .text                  ro code   0x800'4ae2    0x2e  Spi.o [1]
  .text                  ro code   0x800'4b10    0x1a  Spi.o [1]
  .text                  ro code   0x800'4b2a     0xc  w25qxx.o [1]
  .text                  ro code   0x800'4b38    0x34  Spi.o [1]
  .text                  ro code   0x800'4b6c    0x34  Spi.o [1]
  .text                  ro code   0x800'4ba0    0x20  Spi.o [1]
  .text                  ro code   0x800'4bc0    0x20  Spi.o [1]
  .text                  ro code   0x800'4be0    0x20  Spi.o [1]
  .text                  ro code   0x800'4c00    0x54  stm32f1xx_ll_dma.o [1]
  .text                  ro code   0x800'4c54     0xa  cxxabi.o [3]
  .text                  ro code   0x800'4c60   0x4ec  ST7735.o [1]
  .text                  ro code   0x800'514c    0xa0  cppinit.o [2]
  .text                  ro code   0x800'51ec   0x158  GpioOutput.o [1]
  .text                  ro code   0x800'5344     0xc  w25qxx.o [1]
  .text                  ro code   0x800'5350    0x30  stm32f1xx_ll_utils.o [1]
  .rodata                const     0x800'5380   0x76c  st7735fonts.o [1]
  .text                  ro code   0x800'5aec   0x410  InterruptHandlers.o [1]
  .text                  ro code   0x800'5efc   0x2c8  main.o [1]
  .text                  ro code   0x800'61c4    0x16  w25qxx.o [1]
  .text                  ro code   0x800'61dc   0x20c  RTC.o [1]
  .text                  ro code   0x800'63e8    0x26  stm32f1xx_hal.o [1]
  .text                  ro code   0x800'6410   0x158  stm32f1xx_ll_rtc.o [1]
  .text                  ro code   0x800'6568    0x5e  Utils.o [1]
  .text                  ro code   0x800'65c8    0xb0  stm32f1xx_hal_cortex.o [1]
  .text                  ro code   0x800'6678    0x40  stm32f1xx_hal.o [1]
  .text                  ro code   0x800'66b8    0x66  ABImemset.o [5]
  .rodata                const     0x800'6720   0x118  main.o [1]
  .text                  ro code   0x800'6838    0x6c  GpioInput.o [1]
  .rodata                const     0x800'68a4    0x68  ST7735.o [1]
  .text                  ro code   0x800'690c    0x68  memcmp.o [5]
  .text                  ro code   0x800'6974    0x50  system_stm32f1xx.o [1]
  .text                  ro code   0x800'69c4    0x48  main.o [1]
  .text                  ro code   0x800'6a0c    0x20  I2C_Test.o [1]
  .text                  ro code   0x800'6a2c     0x6  ABImemclr4.o [5]
  .text                  ro code   0x800'6a34    0x28  printf.o [2]
  .text                  ro code   0x800'6a5c    0x32  ABImemset48.o [5]
  .rodata                const     0x800'6a90    0x40  GpioOutput.o [1]
  .text                  ro code   0x800'6ad0    0x40  ST7735_1.o [1]
  .text                  ro code   0x800'6b10    0x38  DigitalIO_Test.o [1]
  .text                  ro code   0x800'6b48    0x38  packbits_init_single.o [5]
  .text                  ro code   0x800'6b80    0x34  Spi.o [1]
  .text                  ro code   0x800'6bb4    0x28  data_init.o [5]
  .text                  ro code   0x800'6bdc    0x22  iarwrite.o [6]
  .iar.init_table        const     0x800'6c00    0x24  - Linker created -
  .text                  ro code   0x800'6c24    0x20  main.o [1]
  .text                  ro code   0x800'6c44    0x20  putchar.o [2]
  .text                  ro code   0x800'6c64    0x10  write.o [6]
  .text                  ro code   0x800'6c74    0x1e  dwrite.o [6]
  .text                  ro code   0x800'6c92    0x20  iarwstd.o [6]
  .text                  ro code   0x800'6cb4    0x20  cmain_call_ctors.o [5]
  .text                  ro code   0x800'6cd4    0x1e  cmain.o [5]
  .text                  ro code   0x800'6cf2     0x4  low_level_init.o [2]
  .text                  ro code   0x800'6cf6     0x4  exit.o [2]
  .text                  ro code   0x800'6cfc     0xe  cexit.o [5]
  .rodata                const     0x800'6d0c    0x1c  main.o [1]
  .rodata                const     0x800'6d28    0x1c  main.o [1]
  .text                  ro code   0x800'6d44    0x16  xprout.o [2]
  .rodata                const     0x800'6d5c    0x14  DigitalIO_Test.o [1]
  .rodata                const     0x800'6d70    0x14  GpioInput.o [1]
  .rodata                const     0x800'6d84    0x14  main.o [1]
  .rodata                const     0x800'6d98    0x14  main.o [1]
  .rodata                const     0x800'6dac    0x14  RTC.o [1]
  .rodata                const     0x800'6dc0    0x14  Spi.o [1]
  .rodata                const     0x800'6dd4    0x14  Spi.o [1]
  .rodata                const     0x800'6de8    0x14  Spi.o [1]
  .rodata                const     0x800'6dfc    0x14  Spi.o [1]
  .text                  ro code   0x800'6e10    0x10  DigitalIO_Test.o [1]
  .text                  ro code   0x800'6e20    0x10  main.o [1]
  .text                  ro code   0x800'6e30    0x10  startup_stm32f103xb.o [1]
  .text                  ro code   0x800'6e40    0x10  stm32f1xx_it.o [1]
  SHT$$PREINIT_ARRAY               0x800'6e50     0x0  <Block>
  SHT$$INIT_ARRAY                  0x800'6e50    0x10  <Block>
    .init_array          const     0x800'6e50     0x4  CPP_HAL.o [1]
    .init_array          const     0x800'6e54     0x4  DigitalIO_Test.o [1]
    .init_array          const     0x800'6e58     0x4  main.o [1]
    .init_array          const     0x800'6e5c     0x4  ST7735_1.o [1]
  __iar_tls$$INIT_ARRAY            0x800'6e60     0x0  <Block>
  .rodata                const     0x800'6e60     0xc  main.o [1]
  .rodata                const     0x800'6e6c     0xc  main.o [1]
  .text                  ro code   0x800'6e78     0xc  main.o [1]
  .text                  ro code   0x800'6e84     0xc  cstartup_M.o [5]
  .rodata                const     0x800'6e90     0x8  xprintffull_nomb.o [2]
  .text                  ro code   0x800'6e98     0x0  cstart_call_dtors.o [5]
  .rodata                const     0x800'6e98     0x0  zero_init3.o [5]
  .rodata                const     0x800'6e98     0x0  packbits_init_single.o [5]
  Initializer bytes      const     0x800'6e98    0x43  <for P2-1>
                                 - 0x800'6edb  0x6def

"P2", part 1 of 3:                               0xc4
  P2-1                            0x2000'0000    0xc4  <Init block>
    .data                inited   0x2000'0000    0x10  CPP_HAL.o [1]
    .data                inited   0x2000'0010    0x20  DigitalIO_Test.o [1]
    .data                inited   0x2000'0030    0x18  main.o [1]
    .data                inited   0x2000'0048    0x4c  main.o [1]
    .data                inited   0x2000'0094     0x8  st7735fonts.o [1]
    .data                inited   0x2000'009c     0x8  st7735fonts.o [1]
    .data                inited   0x2000'00a4     0x8  st7735fonts.o [1]
    .data                inited   0x2000'00ac     0xc  stm32f1xx_hal.o [1]
    .data                inited   0x2000'00b8     0x4  system_stm32f1xx.o [1]
    .data                inited   0x2000'00bc     0x8  XShttio.o [2]
                                - 0x2000'00c4    0xc4

"P2", part 2 of 3:                              0x4f4
  .bss                   zero     0x2000'00c4   0x15c  CPP_HAL.o [1]
  .bss                   zero     0x2000'0220   0x108  main.o [1]
  .bss                   zero     0x2000'0328   0x100  InterruptManager.o [1]
  .bss                   zero     0x2000'0428   0x100  main.o [1]
  .bss                   zero     0x2000'0528    0x40  CPP_HAL.o [1]
  .bss                   zero     0x2000'0568    0x1c  ST7735_1.o [1]
  .bss                   zero     0x2000'0584    0x10  main.o [1]
  .bss                   zero     0x2000'0594     0x8  main.o [1]
  .bss                   zero     0x2000'059c     0x4  CPP_HAL.o [1]
  .bss                   zero     0x2000'05a0     0x4  DigitalIO_Test.o [1]
  .bss                   zero     0x2000'05a4     0x4  InterruptManager.o [1]
  .bss                   zero     0x2000'05a8     0x4  cppinit.o [2]
  .bss                   zero     0x2000'05ac     0x4  cppinit.o [2]
  .bss                   zero     0x2000'05b0     0x4  xfail_s.o [2]
  .bss                   zero     0x2000'05b4     0x1  CPP_HAL.o [1]
  .bss                   zero     0x2000'05b5     0x1  XShttio.o [2]
                                - 0x2000'05b6   0x4f2

"P2", part 3 of 3:                              0x990
  .iar.dynexit                    0x2000'05b8   0x18c  <Block>
    .iar.dynexit         uninit   0x2000'05b8     0xc  cppinit.o [2]
    .iar.dynexit         uninit   0x2000'05c4   0x180  <Block tail>
  CSTACK                          0x2000'0748   0x800  <Block>
    CSTACK               uninit   0x2000'0748   0x800  <Block tail>
                                - 0x2000'0f48   0x990

Unused ranges:

         From           To    Size
         ----           --    ----
   0x800'6edb   0x800'ffff  0x9125
  0x2000'0f48  0x2000'4fff  0x40b8


*******************************************************************************
*** INIT TABLE
***

          Address      Size
          -------      ----
Zero (__iar_zero_init3)
    1 destination range, total size 0x4f2:
          0x2000'00c4  0x4f2

Copy/packbits (__iar_packbits_init_single3)
    1 source range, total size 0x43 (34% of destination):
           0x800'6e98   0x43
    1 destination range, total size 0xc4:
          0x2000'0000   0xc4

Extra (__iar_cstart_call_ctors)



*******************************************************************************
*** MODULE SUMMARY
***

    Module                  ro code  ro data  rw data
    ------                  -------  -------  -------
command line/config:
    -------------------------------------------------
    Total:

C:\Amit_Chaudhary\STM32F1xx_CPP_FW\STM32F1xx_CPP_FW - CPF - SPI 1.7 - flash class - new st7735\IAR\Debug\Obj: [1]
    CPP_HAL.o                   182        9      433
    DMA.o                       296
    DigitalIO_Test.o             72       35       36
    GpioInput.o                 108       20
    GpioOutput.o                344       64
    I2C_Test.o                   32
    InterruptHandlers.o       1'040
    InterruptManager.o           96               260
    RTC.o                       524       20
    ST7735.o                  1'260      104
    ST7735_1.o                   64        4       28
    Spi.o                     2'700       80
    Utils.o                      94
    main.o                      844      438      644
    st7735fonts.o                     10'268       24
    startup_stm32f103xb.o       252
    stm32f1xx_hal.o             102        4       12
    stm32f1xx_hal_cortex.o      176
    stm32f1xx_it.o               16
    stm32f1xx_ll_dma.o           84
    stm32f1xx_ll_rtc.o          344
    stm32f1xx_ll_spi.o           96
    stm32f1xx_ll_utils.o         48
    system_stm32f1xx.o           80        2        4
    w25qxx.o                     46
    -------------------------------------------------
    Total:                    8'900   11'048    1'441

dl7M_tln.a: [2]
    XShttio.o                    60        3        9
    abort.o                       6
    cppinit.o                   160                20
    exit.o                        4
    low_level_init.o              4
    printf.o                     40
    putchar.o                    32
    xfail_s.o                    64                 4
    xprintffull_nomb.o        4'010        8
    xprout.o                     22
    -------------------------------------------------
    Total:                    4'402       11       33

dlpp7M_tl_nc.a: [3]
    cxxabi.o                     10
    -------------------------------------------------
    Total:                       10

m7M_tl.a: [4]
    DblAdd.o                    362
    DblCmpGe.o                   46
    DblCmpLe.o                   46
    DblDiv.o                    582
    DblMul.o                    418
    DblSub.o                    226
    DblToS32.o                   58
    DblToU32.o                   40
    S32ToDbl.o                   34
    U32ToDbl.o                   26
    frexp.o                     112
    ldexp.o                     314
    -------------------------------------------------
    Total:                    2'264

rt7M_tl.a: [5]
    ABImemclr4.o                  6
    ABImemcpy.o                 166
    ABImemset.o                 102
    ABImemset48.o                50
    I64DivMod.o                 560
    I64DivZer.o                   2
    cexit.o                      14
    cmain.o                      30
    cmain_call_ctors.o           32
    cstart_call_dtors.o
    cstartup_M.o                 12
    data_init.o                  40
    memchr.o                     88
    memcmp.o                    104
    packbits_init_single.o       56
    strchr.o                     22
    strlen.o                     54
    zero_init3.o                 58
    -------------------------------------------------
    Total:                    1'396

shb_l.a: [6]
    dwrite.o                     30
    exit.o                       20
    iarttio.o                   124
    iarwrite.o                   34
    iarwstd.o                    32
    unwind_debug.o                         1
    write.o                      16
    -------------------------------------------------
    Total:                      256        1

    Gaps                         45       10
    Linker created                        36    2'432
-----------------------------------------------------
    Grand Total:             17'273   11'106    3'906


*******************************************************************************
*** ENTRY LIST
***

Entry                       Address    Size  Type      Object
-----                       -------    ----  ----      ------
.iar.dynexit$$Base      0x2000'05b8           --   Gb  - Linker created -
.iar.dynexit$$Limit     0x2000'0744           --   Gb  - Linker created -
.iar.init_table$$Base    0x800'6c00           --   Gb  - Linker created -
.iar.init_table$$Limit   0x800'6c24           --   Gb  - Linker created -
?main                    0x800'6cd5          Code  Gb  cmain.o [5]
ADC1_2_IRQHandler        0x800'5c95    0x18  Code  Gb  InterruptHandlers.o [1]
BSP::ST7735::DisplayInit()
                         0x800'4df3    0x5c  Code  Gb  ST7735.o [1]
BSP::ST7735::ExecuteCommandList(unsigned char const *)
                         0x800'4e89    0x6e  Code  Gb  ST7735.o [1]
BSP::ST7735::FillRectangle(unsigned short, unsigned short, unsigned short, unsigned short, unsigned short)
                         0x800'5083    0x94  Code  Gb  ST7735.o [1]
BSP::ST7735::FillScreen(unsigned short)
                         0x800'5117    0x16  Code  Gb  ST7735.o [1]
BSP::ST7735::HwInit()    0x800'4cbf    0x34  Code  Gb  ST7735.o [1]
BSP::ST7735::Rotate(BSP::ST7735::Rotation_t)
                         0x800'4cf5    0xfe  Code  Gb  ST7735.o [1]
BSP::ST7735::ST7735(BSP::ST7735::ST7735_t, HAL::Spi *, Port_t, unsigned short, Port_t, unsigned short, Port_t, unsigned short, Port_t, unsigned short)
                         0x800'4c61    0x5e  Code  Gb  ST7735.o [1]
BSP::ST7735::SetAddressWindow(unsigned char, unsigned char, unsigned char, unsigned char)
                         0x800'4ef7    0x60  Code  Gb  ST7735.o [1]
BSP::ST7735::WriteChar(unsigned short, unsigned short, char, FontDef, unsigned short, unsigned short)
                         0x800'4f57    0x98  Code  Gb  ST7735.o [1]
BSP::ST7735::WriteCommand(unsigned char)
                         0x800'4e55    0x1e  Code  Gb  ST7735.o [1]
BSP::ST7735::WriteData(unsigned char *, unsigned int)
                         0x800'4e73    0x16  Code  Gb  ST7735.o [1]
BSP::ST7735::WriteString(unsigned short, unsigned short, char const *, FontDef, unsigned short, unsigned short)
                         0x800'4fef    0x94  Code  Gb  ST7735.o [1]
BSP::w25qxx::w25qxx(HAL::Spi *, Port_t, unsigned short)
                         0x800'61c5     0x2  Code  Gb  w25qxx.o [1]
BtnObj                  0x2000'001c    0x14  Data  Gb  DigitalIO_Test.o [1]
BusFault_Handler         0x800'6e47     0x2  Code  Gb  stm32f1xx_it.o [1]
ButtonCallback::CallbackFunction()
                         0x800'6e11    0x10  Code  Gb  DigitalIO_Test.o [1]
ButtonCallbackObj       0x2000'0018     0x4  Data  Gb  DigitalIO_Test.o [1]
CAN1_RX1_IRQHandler      0x800'5cc7    0x18  Code  Gb  InterruptHandlers.o [1]
CAN1_SCE_IRQHandler      0x800'5cdf    0x18  Code  Gb  InterruptHandlers.o [1]
CHANNEL_OFFSET_TAB       0x800'4a04     0x8  Data  Lc  DMA.o [1]
CHANNEL_OFFSET_TAB       0x800'4704     0x8  Data  Lc  Spi.o [1]
CHANNEL_OFFSET_TAB       0x800'4c4c     0x8  Data  Lc  stm32f1xx_ll_dma.o [1]
CSTACK$$Base            0x2000'0748           --   Gb  - Linker created -
CSTACK$$Limit           0x2000'0f48           --   Gb  - Linker created -
DMA1_Channel1_IRQHandler
                         0x800'5bdf    0x1c  Code  Gb  InterruptHandlers.o [1]
DMA1_Channel2_IRQHandler
                         0x800'5bfb    0x1c  Code  Gb  InterruptHandlers.o [1]
DMA1_Channel3_IRQHandler
                         0x800'5c17    0x1c  Code  Gb  InterruptHandlers.o [1]
DMA1_Channel4_IRQHandler
                         0x800'5c33    0x1a  Code  Gb  InterruptHandlers.o [1]
DMA1_Channel5_IRQHandler
                         0x800'5c4d    0x18  Code  Gb  InterruptHandlers.o [1]
DMA1_Channel6_IRQHandler
                         0x800'5c65    0x18  Code  Gb  InterruptHandlers.o [1]
DMA1_Channel7_IRQHandler
                         0x800'5c7d    0x18  Code  Gb  InterruptHandlers.o [1]
DMAXferDone             0x2000'0084     0x4  Data  Gb  main.o [1]
DebugMon_Handler         0x800'6e4d     0x2  Code  Gb  stm32f1xx_it.o [1]
DtorRecArray            0x2000'05b8     0xc  Data  Lc  cppinit.o [2]
EXTI0_IRQHandler         0x800'5b71    0x16  Code  Gb  InterruptHandlers.o [1]
EXTI15_10_IRQHandler     0x800'5e8f    0x12  Code  Gb  InterruptHandlers.o [1]
EXTI1_IRQHandler         0x800'5b87    0x16  Code  Gb  InterruptHandlers.o [1]
EXTI2_IRQHandler         0x800'5b9d    0x16  Code  Gb  InterruptHandlers.o [1]
EXTI3_IRQHandler         0x800'5bb3    0x16  Code  Gb  InterruptHandlers.o [1]
EXTI4_IRQHandler         0x800'5bc9    0x16  Code  Gb  InterruptHandlers.o [1]
EXTI9_5_IRQHandler       0x800'5cf7    0x18  Code  Gb  InterruptHandlers.o [1]
FLASH_IRQHandler         0x800'5b45    0x16  Code  Gb  InterruptHandlers.o [1]
HAL::DMA::DMA(unsigned int)
                         0x800'4923     0xa  Code  Gb  DMA.o [1]
HAL::DMA::DisableHalfTransferCompleteInterrupt(unsigned int)
                         0x800'4ba1    0x20  Code  Gb  Spi.o [1]
HAL::DMA::DisableTransferCompleteInterrupt(unsigned int)
                         0x800'4bc1    0x20  Code  Gb  Spi.o [1]
HAL::DMA::DisableTransferErrorInterrupt(unsigned int)
                         0x800'4be1    0x20  Code  Gb  Spi.o [1]
HAL::DMA::EnableTransferCompleteInterrupt(unsigned int)
                         0x800'4a0d    0x20  Code  Gb  Spi.o [1]
HAL::DMA::HwInit(void *)
                         0x800'492f    0x24  Code  Gb  DMA.o [1]
HAL::DMA::Load(unsigned int, unsigned int, unsigned int, unsigned int, unsigned int, unsigned int)
                         0x800'4981    0x78  Code  Gb  DMA.o [1]
HAL::DMA::XferConfig(LL_DMA_InitTypeDef *, unsigned int)
                         0x800'4953    0x2c  Code  Gb  DMA.o [1]
HAL::DMA::~DMA()         0x800'492d     0x2  Code  Gb  DMA.o [1]
HAL::DigitalIn<(Port_t)1073809408, (unsigned short)6, (Mode_t)1, (IntEdge_t)3, (HAL::Callback *)0>::ISR()
                         0x800'6b81    0x34  Code  Gb  Spi.o [1]
HAL::DigitalIn<(Port_t)1073809408, (unsigned short)6, (Mode_t)1, (IntEdge_t)3, (HAL::Callback *)0>::SetInputMode()
                         0x800'4745    0x38  Code  Gb  Spi.o [1]
HAL::DigitalOut<(Port_t)1073809408, (unsigned short)5, (Mode_t)9, (unsigned int)3>::HwInit()
                         0x800'470d    0x38  Code  Gb  Spi.o [1]
HAL::DigitalOut<(Port_t)1073809408, (unsigned short)7, (Mode_t)9, (unsigned int)3>::HwInit()
                         0x800'477d    0x38  Code  Gb  Spi.o [1]
HAL::DigitalOut<(Port_t)1073810432, (unsigned short)13, (Mode_t)9, (unsigned int)3>::HwInit()
                         0x800'4815    0x38  Code  Gb  Spi.o [1]
HAL::DigitalOut<(Port_t)1073810432, (unsigned short)15, (Mode_t)9, (unsigned int)3>::HwInit()
                         0x800'484d    0x38  Code  Gb  Spi.o [1]
HAL::GpioInput::GpioInput(Port_t, unsigned short, Mode_t, IntEdge_t, HAL::Callback *)
                         0x800'6839     0x2  Code  Gb  GpioInput.o [1]
HAL::GpioInput::ISR()    0x800'686b    0x2a  Code  Gb  GpioInput.o [1]
HAL::GpioOutput::GpioOutput(Port_t, unsigned short, Mode_t)
                         0x800'5235     0x2  Code  Gb  GpioOutput.o [1]
HAL::GpioOutput::High()
                         0x800'5345     0xc  Code  Gb  w25qxx.o [1]
HAL::GpioOutput::HwInit()
                         0x800'5245    0xe4  Code  Gb  GpioOutput.o [1]
HAL::GpioOutput::Low()   0x800'4b2b     0xc  Code  Gb  w25qxx.o [1]
HAL::InterruptManager::RegisterDeviceInterrupt(IRQn_Type, unsigned int, HAL::InterruptSource *)
                         0x800'4885    0x4a  Code  Gb  InterruptManager.o [1]
HAL::InterruptManager::m_InterruptSourceArray
                        0x2000'0328   0x100  Data  Gb  InterruptManager.o [1]
HAL::InterruptManager::m_SysTick_Handler
                        0x2000'05a4     0x4  Data  Gb  InterruptManager.o [1]
HAL::Rtc::GetTime(char *)
                         0x800'629b    0x68  Code  Gb  RTC.o [1]
HAL::Rtc::HwInit(void *)
                         0x800'61dd    0x82  Code  Gb  RTC.o [1]
HAL::Rtc::ISR()          0x800'637b    0x54  Code  Gb  RTC.o [1]
HAL::Rtc::RTC_ReadTimeCounter()
                         0x800'6303    0x22  Code  Gb  RTC.o [1]
HAL::Rtc::RegisterCallback(HAL::Rtc::CallbackSource_t, HAL::Callback *)
                         0x800'6325    0x56  Code  Gb  RTC.o [1]
HAL::Rtc::SetTime(unsigned char, unsigned char, unsigned char)
                         0x800'625f    0x36  Code  Gb  RTC.o [1]
HAL::Spi::HwInit(void *)
                         0x800'3f5f   0x176  Code  Gb  Spi.o [1]
HAL::Spi::ISR()          0x800'4173   0x1e4  Code  Gb  Spi.o [1]
HAL::Spi::LoadRxDmaChannel(unsigned char *, unsigned int)
                         0x800'4b6d    0x34  Code  Gb  Spi.o [1]
HAL::Spi::LoadTxDmaChannel(unsigned char *, unsigned int)
                         0x800'4b39    0x34  Code  Gb  Spi.o [1]
HAL::Spi::SPI1_DMA_Tx_Callback::ISR()
                         0x800'46fd     0x4  Code  Gb  Spi.o [1]
HAL::Spi::SPI1_DMA_Tx_Done_Handler()
                         0x800'453b    0xae  Code  Gb  Spi.o [1]
HAL::Spi::SPI2_DMA_Tx_Callback::ISR()
                         0x800'4701     0x4  Code  Gb  Spi.o [1]
HAL::Spi::SPI2_DMA_Tx_Done_Handler()
                         0x800'45fd    0xb2  Code  Gb  Spi.o [1]
HAL::Spi::SetBaudrate()
                         0x800'4b11    0x1a  Code  Gb  Spi.o [1]
HAL::Spi::Spi(SpiPort_t, unsigned int)
                         0x800'3efd    0x62  Code  Gb  Spi.o [1]
HAL::Spi::TxPoll(unsigned char *, unsigned int, HAL::Spi::XferMode_t)
                         0x800'40db    0x92  Code  Gb  Spi.o [1]
HAL::Spi::TxnDoneHandler_DMA()
                         0x800'4421   0x11a  Code  Gb  Spi.o [1]
HAL::Spi::TxnDoneHandler_INTR()
                         0x800'4357    0xca  Code  Gb  Spi.o [1]
HAL::WaitOnFlag(unsigned int volatile *, unsigned int, unsigned int, unsigned int)
                         0x800'4ac1    0x22  Code  Gb  CPP_HAL.o [1]
HAL_Init                 0x800'63e9    0x20  Code  Gb  stm32f1xx_hal.o [1]
HAL_NVIC_SetPriority     0x800'65e3    0x5a  Code  Gb  stm32f1xx_hal_cortex.o [1]
HAL_NVIC_SetPriorityGrouping
                         0x800'65c9    0x1a  Code  Gb  stm32f1xx_hal_cortex.o [1]
HAL_SYSTICK_Config       0x800'663d    0x22  Code  Gb  stm32f1xx_hal_cortex.o [1]
HardFault_Handler        0x800'6e43     0x2  Code  Gb  stm32f1xx_it.o [1]
I2C1_ER_IRQHandler       0x800'5dcf    0x12  Code  Gb  InterruptHandlers.o [1]
I2C1_EV_IRQHandler       0x800'5db7    0x18  Code  Gb  InterruptHandlers.o [1]
I2C2_ER_IRQHandler       0x800'5dff    0x12  Code  Gb  InterruptHandlers.o [1]
I2C2_EV_IRQHandler       0x800'5de7    0x12  Code  Gb  InterruptHandlers.o [1]
InterruptManagerInstance
                        0x2000'05b4     0x1  Data  Gb  CPP_HAL.o [1]
IntrCount               0x2000'05a0     0x4  Data  Gb  DigitalIO_Test.o [1]
LED_C13                 0x2000'0010     0x8  Data  Gb  DigitalIO_Test.o [1]
LL_DMA_Init              0x800'4c01    0x4a  Code  Gb  stm32f1xx_ll_dma.o [1]
LL_RTC_EnterInitMode     0x800'647f    0x4a  Code  Gb  stm32f1xx_ll_rtc.o [1]
LL_RTC_ExitInitMode      0x800'64c9    0x4a  Code  Gb  stm32f1xx_ll_rtc.o [1]
LL_RTC_Init              0x800'6411    0x6e  Code  Gb  stm32f1xx_ll_rtc.o [1]
LL_RTC_WaitForSynchro    0x800'6513    0x4c  Code  Gb  stm32f1xx_ll_rtc.o [1]
LL_SPI_Init              0x800'47b5    0x58  Code  Gb  stm32f1xx_ll_spi.o [1]
LL_SetSystemCoreClock    0x800'5373     0x6  Code  Gb  stm32f1xx_ll_utils.o [1]
LL_mDelay                0x800'5351    0x22  Code  Gb  stm32f1xx_ll_utils.o [1]
MemManage_Handler        0x800'6e45     0x2  Code  Gb  stm32f1xx_it.o [1]
NMI_Handler              0x800'6e41     0x2  Code  Gb  stm32f1xx_it.o [1]
PVD_IRQHandler           0x800'5b03    0x16  Code  Gb  InterruptHandlers.o [1]
PendSV_Handler           0x800'6e4f     0x2  Code  Gb  stm32f1xx_it.o [1]
RCC_IRQHandler           0x800'5b5b    0x16  Code  Gb  InterruptHandlers.o [1]
RTCSecCallback::CallbackFunction()
                         0x800'6c25    0x20  Code  Gb  main.o [1]
RTCSecCallback::RtcSecCount
                        0x2000'0034     0x4  Data  Gb  main.o [1]
RTCSecCallbackObj       0x2000'0044     0x4  Data  Gb  main.o [1]
RTC_Alarm_IRQHandler     0x800'5ea9    0x12  Code  Gb  InterruptHandlers.o [1]
RTC_IRQHandler           0x800'5b2f    0x16  Code  Gb  InterruptHandlers.o [1]
Region$$Table$$Base      0x800'6c00           --   Gb  - Linker created -
Region$$Table$$Limit     0x800'6c24           --   Gb  - Linker created -
Rtc_test()               0x800'5f0f    0x40  Code  Gb  main.o [1]
Rtc_test()::InitDone    0x2000'0030     0x1  Data  Lc  main.o [1]
RxBuf                   0x2000'0428   0x100  Data  Lc  main.o [1]
SHT$$INIT_ARRAY$$Base    0x800'6e50           --   Gb  - Linker created -
SHT$$INIT_ARRAY$$Limit   0x800'6e60           --   Gb  - Linker created -
SHT$$PREINIT_ARRAY$$Base
                         0x800'6e50           --   Gb  - Linker created -
SHT$$PREINIT_ARRAY$$Limit
                         0x800'6e50           --   Gb  - Linker created -
SPI1_IRQHandler          0x800'5e17    0x12  Code  Gb  InterruptHandlers.o [1]
SPI2_IRQHandler          0x800'5e2f    0x12  Code  Gb  InterruptHandlers.o [1]
SVC_Handler              0x800'6e4b     0x2  Code  Gb  stm32f1xx_it.o [1]
SetSystickTimerInterrupt()
                         0x800'6149    0x26  Code  Gb  main.o [1]
SetSystickTimerInterrupt()::SysTimerObj
                        0x2000'0598     0x4  Data  Lc  main.o [1]
SetSystickTimerInterrupt()::static guard for SysTimerObj
                        0x2000'0594     0x1  Data  Lc  main.o [1]
SysTick_Handler          0x800'5edd     0xe  Code  Gb  InterruptHandlers.o [1]
SysTimerCallback::ISR()
                         0x800'6e21    0x10  Code  Gb  main.o [1]
SystemClock_Config()     0x800'606d    0xdc  Code  Gb  main.o [1]
SystemCoreClock         0x2000'00b8     0x4  Data  Gb  system_stm32f1xx.o [1]
SystemInit               0x800'6975    0x40  Code  Gb  system_stm32f1xx.o [1]
SystickTimerTicks       0x2000'059c     0x4  Data  Gb  CPP_HAL.o [1]
TAMPER_IRQHandler        0x800'5b19    0x16  Code  Gb  InterruptHandlers.o [1]
TFT_1_8                 0x2000'01c8    0x2c  Data  Gb  CPP_HAL.o [1]
TFT_Small               0x2000'01f4    0x2c  Data  Gb  CPP_HAL.o [1]
TIM1_BRK_IRQHandler      0x800'5d0f    0x18  Code  Gb  InterruptHandlers.o [1]
TIM1_CC_IRQHandler       0x800'5d57    0x18  Code  Gb  InterruptHandlers.o [1]
TIM1_TRG_COM_IRQHandler
                         0x800'5d3f    0x18  Code  Gb  InterruptHandlers.o [1]
TIM1_UP_IRQHandler       0x800'5d27    0x18  Code  Gb  InterruptHandlers.o [1]
TIM2_IRQHandler          0x800'5d6f    0x18  Code  Gb  InterruptHandlers.o [1]
TIM3_IRQHandler          0x800'5d87    0x18  Code  Gb  InterruptHandlers.o [1]
TIM4_IRQHandler          0x800'5d9f    0x18  Code  Gb  InterruptHandlers.o [1]
Test_Condition(bool, char *, char *)
                         0x800'6a0d    0x1a  Code  Gb  I2C_Test.o [1]
TimeString              0x2000'0588     0xc  Data  Gb  main.o [1]
TxBuf                   0x2000'0220   0x108  Data  Lc  main.o [1]
USART1_IRQHandler        0x800'5e47    0x12  Code  Gb  InterruptHandlers.o [1]
USART2_IRQHandler        0x800'5e5f    0x12  Code  Gb  InterruptHandlers.o [1]
USART3_IRQHandler        0x800'5e77    0x12  Code  Gb  InterruptHandlers.o [1]
USBWakeUp_IRQHandler     0x800'5ec3    0x12  Code  Gb  InterruptHandlers.o [1]
USB_HP_CAN1_TX_IRQHandler
                         0x800'5cad    0x18  Code  Gb  InterruptHandlers.o [1]
USB_LP_CAN1_RX0_IRQHandler
                         0x800'5cc5     0x2  Code  Gb  InterruptHandlers.o [1]
UsageFault_Handler       0x800'6e49     0x2  Code  Gb  stm32f1xx_it.o [1]
Utils::queue<HAL::Spi::Transaction_t const *, unsigned int, (unsigned int)10>::Read(HAL::Spi::Transaction_t const **)
                         0x800'4ae3    0x2e  Code  Gb  Spi.o [1]
Virtual function table for ButtonCallback
                         0x800'6d5c    0x14  Data  Gb  DigitalIO_Test.o [1]
Virtual function table for HAL::DigitalIn<(Port_t)1073809408, (unsigned short)6, (Mode_t)1, (IntEdge_t)3, (HAL::Callback *)0>
                         0x800'6dfc    0x14  Data  Gb  Spi.o [1]
Virtual function table for HAL::GpioInput
                         0x800'6d70    0x14  Data  Gb  GpioInput.o [1]
Virtual function table for HAL::Rtc
                         0x800'6dac    0x14  Data  Gb  RTC.o [1]
Virtual function table for HAL::Spi
                         0x800'6de8    0x14  Data  Gb  Spi.o [1]
Virtual function table for HAL::Spi::SPI1_DMA_Tx_Callback
                         0x800'6dc0    0x14  Data  Gb  Spi.o [1]
Virtual function table for HAL::Spi::SPI2_DMA_Tx_Callback
                         0x800'6dd4    0x14  Data  Gb  Spi.o [1]
Virtual function table for RTCSecCallback
                         0x800'6d84    0x14  Data  Gb  main.o [1]
Virtual function table for SysTimerCallback
                         0x800'6d98    0x14  Data  Gb  main.o [1]
Virtual function table for w25qxxCallback
                         0x800'6e60     0xc  Data  Gb  main.o [1]
Virtual function table for w25qxxDMACallback
                         0x800'6e6c     0xc  Data  Gb  main.o [1]
WWDG_IRQHandler          0x800'5aed    0x16  Code  Gb  InterruptHandlers.o [1]
XferDone                0x2000'0048     0x1  Data  Gb  main.o [1]
[local to DMA_cpp]::LL_DMA_DisableChannel(DMA_TypeDef *, unsigned int)
                         0x800'48f9    0x14  Code  Lc  DMA.o [1]
[local to DMA_cpp]::LL_DMA_EnableChannel(DMA_TypeDef *, unsigned int)
                         0x800'48e5    0x14  Code  Lc  DMA.o [1]
[local to DMA_cpp]::LL_DMA_SetDataLength(DMA_TypeDef *, unsigned int, unsigned int)
                         0x800'490d    0x16  Code  Lc  DMA.o [1]
[local to GpioOutput_cpp]::LL_GPIO_SetPinMode(GPIO_TypeDef *, unsigned int, unsigned int)
                         0x800'51ed    0x18  Code  Lc  GpioOutput.o [1]
[local to GpioOutput_cpp]::LL_GPIO_SetPinOutputType(GPIO_TypeDef *, unsigned int, unsigned int)
                         0x800'5205    0x16  Code  Lc  GpioOutput.o [1]
_LitobFullNoMb           0x800'21dd   0x10a  Code  Lc  xprintffull_nomb.o [2]
_PrintfFullNoMb          0x800'1439   0xd80  Code  Gb  xprintffull_nomb.o [2]
_Prout                   0x800'6d45    0x16  Code  Gb  xprout.o [2]
_PutcharFullNoMb         0x800'234d    0x20  Code  Lc  xprintffull_nomb.o [2]
_PutcharsFullNoMb        0x800'236d    0x2e  Code  Lc  xprintffull_nomb.o [2]
__aeabi_atexit           0x800'4c55     0xa  Code  Gb  cxxabi.o [3]
__aeabi_cdcmple          0x800'261d          Code  Gb  DblCmpLe.o [4]
__aeabi_cdrcmple         0x800'264d          Code  Gb  DblCmpGe.o [4]
__aeabi_d2iz             0x800'27b9          Code  Gb  DblToS32.o [4]
__aeabi_d2uiz            0x800'2b45          Code  Gb  DblToU32.o [4]
__aeabi_ddiv             0x800'28fd          Code  Gb  DblDiv.o [4]
__aeabi_dmul             0x800'2b89          Code  Gb  DblMul.o [4]
__aeabi_dsub             0x800'2819          Code  Gb  DblSub.o [4]
__aeabi_i2d              0x800'27f5          Code  Gb  S32ToDbl.o [4]
__aeabi_ldiv0            0x800'30d1          Code  Gb  I64DivZer.o [5]
__aeabi_memclr4          0x800'6a2d          Code  Gb  ABImemclr4.o [5]
__aeabi_memcpy           0x800'2505          Code  Gb  ABImemcpy.o [5]
__aeabi_memcpy4          0x800'2525          Code  Gb  ABImemcpy.o [5]
__aeabi_memcpy8          0x800'2525          Code  Gb  ABImemcpy.o [5]
__aeabi_memset           0x800'66b9          Code  Gb  ABImemset.o [5]
__aeabi_ui2d             0x800'2b6d          Code  Gb  U32ToDbl.o [4]
__aeabi_uldivmod         0x800'2d2d          Code  Gb  I64DivMod.o [5]
__call_ctors             0x800'514d    0x18  Code  Gb  cppinit.o [2]
__call_dtors             0x800'519b     0xc  Code  Gb  cppinit.o [2]
__call_dtors0            0x800'51a7    0x36  Code  Gb  cppinit.o [2]
__cexit_call_dtors       0x800'6cff          Code  Gb  cexit.o [5]
__cmain                  0x800'6cd5          Code  Gb  cmain.o [5]
__cstart_call_dtors      0x800'6e98          Data  Gb  cstart_call_dtors.o [5]
__cxa_atexit             0x800'5165    0x36  Code  Gb  cppinit.o [2]
__dso_handle            0x2000'05ac     0x4  Data  Gb  cppinit.o [2]
__dwrite                 0x800'6c75    0x1e  Code  Gb  dwrite.o [6]
__exit                   0x800'30d5    0x14  Code  Gb  exit.o [6]
__iar_Fail_s             0x800'2435    0x1c  Code  Gb  xfail_s.o [2]
__iar_Memchr             0x800'24ad          Code  Gb  memchr.o [5]
__iar_Memset             0x800'66b9          Code  Gb  ABImemset.o [5]
__iar_Memset4_word       0x800'6a5d          Code  Gb  ABImemset48.o [5]
__iar_Memset8_word       0x800'6a5d          Code  Gb  ABImemset48.o [5]
__iar_Memset_word        0x800'66c1          Code  Gb  ABImemset.o [5]
__iar_Strchr             0x800'241d          Code  Gb  strchr.o [5]
__iar_close_ttio         0x800'30e9    0x2c  Code  Gb  iarttio.o [6]
__iar_cstart_call_ctors
                         0x800'6cb5    0x20  Code  Gb  cmain_call_ctors.o [5]
__iar_dadd               0x800'2829          Code  Gb  DblSub.o [4]
__iar_data_init3         0x800'6bb5    0x28  Code  Gb  data_init.o [5]
__iar_debug_exceptions   0x800'2432     0x1  Data  Gb  unwind_debug.o [6]
__iar_dsub               0x800'2f65          Code  Gb  DblAdd.o [4]
__iar_dsubStart          0x800'2f77          Code  Gb  DblAdd.o [4]
__iar_frexp              0x800'25b9          Code  Gb  frexp.o [4]
__iar_frexp64            0x800'25ad          Code  Gb  frexp.o [4]
__iar_frexpl             0x800'25b9          Code  Gb  frexp.o [4]
__iar_get_ttio           0x800'3115    0x4c  Code  Gb  iarttio.o [6]
__iar_ldexp64            0x800'267d          Code  Gb  ldexp.o [4]
__iar_lookup_ttioh       0x800'3193     0x4  Code  Gb  XShttio.o [2]
__iar_packbits_init_single3
                         0x800'6b49    0x38  Code  Gb  packbits_init_single.o [5]
__iar_program_start      0x800'6e85          Code  Gb  cstartup_M.o [5]
__iar_scalbln64          0x800'267d          Code  Gb  ldexp.o [4]
__iar_scalbn64           0x800'267d          Code  Gb  ldexp.o [4]
__iar_sh_stdout          0x800'6c93    0x20  Code  Gb  iarwstd.o [6]
__iar_sh_write           0x800'6bdd    0x22  Code  Gb  iarwrite.o [6]
__iar_tls$$INIT_ARRAY$$Base
                         0x800'6e60           --   Gb  - Linker created -
__iar_tls$$INIT_ARRAY$$Limit
                         0x800'6e60           --   Gb  - Linker created -
__iar_ttio_guard_lock    0x800'3165    0x1e  Code  Gb  XShttio.o [2]
__iar_ttio_guard_unlock
                         0x800'3183    0x10  Code  Gb  XShttio.o [2]
__iar_ttio_handles      0x2000'00bc     0x8  Data  Lc  XShttio.o [2]
__iar_zero_init3         0x800'23e3    0x3a  Code  Gb  zero_init3.o [5]
__low_level_init         0x800'6cf3     0x4  Code  Gb  low_level_init.o [2]
__sti__routine           0x800'4a2d    0x7a  Code  Lc  CPP_HAL.o [1]
__sti__routine           0x800'6b11    0x2a  Code  Lc  DigitalIO_Test.o [1]
__sti__routine           0x800'5efd    0x12  Code  Lc  main.o [1]
__sti__routine           0x800'6ad1    0x38  Code  Lc  ST7735_1.o [1]
__vector_table           0x800'0000          Data  Gb  startup_stm32f103xb.o [1]
__write                  0x800'6c65    0x10  Code  Gb  write.o [6]
_call_main               0x800'6ce1          Code  Gb  cmain.o [5]
_exit                    0x800'6cfd          Code  Gb  cexit.o [5]
_main                    0x800'6cef          Code  Gb  cmain.o [5]
abort                    0x800'2f5d     0x6  Code  Gb  abort.o [2]
col                     0x2000'0584     0x1  Data  Gb  main.o [1]
colorB                  0x2000'0568     0x1  Data  Gb  ST7735_1.o [1]
dma1                    0x2000'00c4     0x4  Data  Gb  CPP_HAL.o [1]
exit                     0x800'6cf7     0x4  Code  Gb  exit.o [2]
frexp                    0x800'25ad          Code  Gb  frexp.o [4]
frexpl                   0x800'25ad          Code  Gb  frexp.o [4]
g_GpioCallbacks         0x2000'0528    0x40  Data  Gb  CPP_HAL.o [1]
init_cmds1               0x800'68a4    0x3c  Data  Lc  ST7735.o [1]
init_cmds2_160X80        0x800'513c    0x10  Data  Lc  ST7735.o [1]
init_cmds2_IS_128X160    0x800'512c    0x10  Data  Lc  ST7735.o [1]
init_cmds3               0x800'68e0    0x2c  Data  Lc  ST7735.o [1]
intToStr(int, char *, int, char)
                         0x800'6569    0x5e  Code  Gb  Utils.o [1]
ldexp                    0x800'267d          Code  Gb  ldexp.o [4]
ldexpl                   0x800'267d          Code  Gb  ldexp.o [4]
len                     0x2000'0080     0x2  Data  Gb  main.o [1]
loop_Big()               0x800'5fe1    0x62  Code  Gb  main.o [1]
loop_Small()             0x800'5f81    0x60  Code  Gb  main.o [1]
loop_Small_1()::InitDone
                        0x2000'0586     0x1  Data  Lc  main.o [1]
m_CSPin                 0x2000'057c     0x8  Data  Gb  ST7735_1.o [1]
m_DCPin                 0x2000'0574     0x8  Data  Gb  ST7735_1.o [1]
m_RstPin                0x2000'056c     0x8  Data  Gb  ST7735_1.o [1]
madctl                  0x2000'0569     0x1  Data  Gb  ST7735_1.o [1]
main                     0x800'604f    0x1e  Code  Gb  main.o [1]
memchr                   0x800'24ad          Code  Gb  memchr.o [5]
memcmp                   0x800'690d          Code  Gb  memcmp.o [5]
myTime                  0x2000'0038     0xc  Data  Gb  main.o [1]
next_abi_dtor_rec       0x2000'05a8     0x4  Data  Lc  cppinit.o [2]
pBuffer                 0x2000'0088     0x4  Data  Gb  main.o [1]
printf                   0x800'6a35    0x28  Code  Gb  printf.o [2]
putchar                  0x800'6c45    0x20  Code  Gb  putchar.o [2]
rtc                     0x2000'0000    0x10  Data  Gb  CPP_HAL.o [1]
scalbln                  0x800'267d          Code  Gb  ldexp.o [4]
scalblnl                 0x800'267d          Code  Gb  ldexp.o [4]
scalbn                   0x800'267d          Code  Gb  ldexp.o [4]
scalbnl                  0x800'267d          Code  Gb  ldexp.o [4]
scale                    0x800'22e7    0x46  Code  Lc  xprintffull_nomb.o [2]
sec_hand                0x2000'05b0     0x4  Data  Lc  xfail_s.o [2]
spi1                    0x2000'00c8    0x80  Data  Gb  CPP_HAL.o [1]
spi2                    0x2000'0148    0x80  Data  Gb  CPP_HAL.o [1]
st7735_Font11x18         0x800'31a0   0xd5c  Data  Lc  st7735fonts.o [1]
st7735_Font16x26         0x800'00ec  0x134c  Data  Lc  st7735fonts.o [1]
st7735_Font7x10          0x800'5380   0x76c  Data  Lc  st7735fonts.o [1]
st7735_Font_11x18       0x2000'009c     0x8  Data  Gb  st7735fonts.o [1]
st7735_Font_16x26       0x2000'00a4     0x8  Data  Gb  st7735fonts.o [1]
st7735_Font_7x10        0x2000'0094     0x8  Data  Gb  st7735fonts.o [1]
st7735_Test()            0x800'5f4f    0x32  Code  Gb  main.o [1]
st7735_Test()::InitDone
                        0x2000'0585     0x1  Data  Lc  main.o [1]
strchr                   0x800'241d          Code  Gb  strchr.o [5]
strlen                   0x800'2475          Code  Gb  strlen.o [5]
test_id                 0x2000'0049     0x1  Data  Gb  main.o [1]
ttio_guard              0x2000'05b5     0x1  Data  Lc  XShttio.o [2]
uwTick                  0x2000'00b0     0x4  Data  Gb  stm32f1xx_hal.o [1]
uwTickFreq              0x2000'00ac     0x1  Data  Gb  stm32f1xx_hal.o [1]
uwTickPrio              0x2000'00b4     0x4  Data  Gb  stm32f1xx_hal.o [1]
w25qxxCallback::CallbackFunction(HAL::Spi::SpiStatus_t)
                         0x800'6e79     0xc  Code  Gb  main.o [1]
w25qxxCb                0x2000'008c     0x4  Data  Gb  main.o [1]
w25qxxDMACallback::CallbackFunction(HAL::Spi::SpiStatus_t)
                         0x800'69c5    0x48  Code  Gb  main.o [1]
w25qxxDMACallback::CallbackFunction(HAL::Spi::SpiStatus_t)::string
                         0x800'6d0c    0x1c  Data  Gb  main.o [1]
w25qxxDMACallback::CallbackFunction(HAL::Spi::SpiStatus_t)::string (instance 2)
                         0x800'6d28    0x1c  Data  Gb  main.o [1]
w25qxxDMACb             0x2000'0090     0x4  Data  Gb  main.o [1]
w25qxxDev               0x2000'004c    0x34  Data  Gb  main.o [1]
w25qxx_Test()::InitDone
                        0x2000'004a     0x1  Data  Lc  main.o [1]


[1] = C:\Amit_Chaudhary\STM32F1xx_CPP_FW\STM32F1xx_CPP_FW - CPF - SPI 1.7 - flash class - new st7735\IAR\Debug\Obj
[2] = dl7M_tln.a
[3] = dlpp7M_tl_nc.a
[4] = m7M_tl.a
[5] = rt7M_tl.a
[6] = shb_l.a

  17'273 bytes of readonly  code memory
  11'106 bytes of readonly  data memory
   3'906 bytes of readwrite data memory

Errors: none
Warnings: none
