###############################################################################
#
# IAR ELF Linker V8.30.1.114/W32 for ARM                  06/Aug/2018  09:49:44
# Copyright 2007-2018 IAR Systems AB.
#
#    Output file  =  
#        C:\Amit_Chaudhary\STM32\Projects\IAR\IAR_Projects\Template_HAL\IAR\Debug\Exe\Template.out
#    Map file     =  
#        C:\Amit_Chaudhary\STM32\Projects\IAR\IAR_Projects\Template_HAL\IAR\Debug\List\Template.map
#    Command line =  
#        -f C:\Users\achaudha\AppData\Local\Temp\EW97FD.tmp
#        (C:\Amit_Chaudhary\STM32\Projects\IAR\IAR_Projects\Template_HAL\IAR\Debug\Obj\main.o
#        C:\Amit_Chaudhary\STM32\Projects\IAR\IAR_Projects\Template_HAL\IAR\Debug\Obj\stm32f1xx_hal.o
#        C:\Amit_Chaudhary\STM32\Projects\IAR\IAR_Projects\Template_HAL\IAR\Debug\Obj\stm32f1xx_hal_cortex.o
#        C:\Amit_Chaudhary\STM32\Projects\IAR\IAR_Projects\Template_HAL\IAR\Debug\Obj\stm32f1xx_hal_pwr.o
#        C:\Amit_Chaudhary\STM32\Projects\IAR\IAR_Projects\Template_HAL\IAR\Debug\Obj\stm32f1xx_hal_rcc.o
#        C:\Amit_Chaudhary\STM32\Projects\IAR\IAR_Projects\Template_HAL\IAR\Debug\Obj\stm32f1xx_hal_rcc_ex.o
#        C:\Amit_Chaudhary\STM32\Projects\IAR\IAR_Projects\Template_HAL\IAR\Debug\Obj\stm32f1xx_it.o
#        C:\Amit_Chaudhary\STM32\Projects\IAR\IAR_Projects\Template_HAL\IAR\Debug\Obj\system_stm32f1xx.o
#        --no_out_extension -o
#        C:\Amit_Chaudhary\STM32\Projects\IAR\IAR_Projects\Template_HAL\IAR\Debug\Exe\Template.out
#        --redirect _Printf=_PrintfFullNoMb --redirect _Scanf=_ScanfFullNoMb
#        --map
#        C:\Amit_Chaudhary\STM32\Projects\IAR\IAR_Projects\Template_HAL\IAR\Debug\List\Template.map
#        --config "C:\Program Files (x86)\IAR Systems\Embedded Workbench
#        8.1\arm\config\linker\ST\stm32f103x8.icf" --semihosting --entry
#        __iar_program_start --vfe --text_out locale)
#
###############################################################################

*******************************************************************************
*** RUNTIME MODEL ATTRIBUTES
***

CppFlavor        = *
__CPP_Exceptions = Disabled
__CPP_Language   = C++14
__SystemLibrary  = DLib
__dlib_version   = 6


*******************************************************************************
*** HEAP SELECTION
***

The basic heap was selected because some modules are built with
size limitations (and not runtime checking), and --advanced_heap
was not specified.


*******************************************************************************
*** PLACEMENT SUMMARY
***

"A0":  place at 0x800'0000 { ro section .intvec };
"P1":  place in [from 0x800'0000 to 0x800'ffff] { ro };
define block CSTACK with size = 2K, alignment = 8 { };
define block HEAP with size = 2K, alignment = 8 { };
"P2":  place in [from 0x2000'0000 to 0x2000'4fff] {
          rw, block CSTACK, block HEAP };
initialize by copy { rw };

  Section            Kind         Address   Size  Object
  -------            ----         -------   ----  ------
"A0":                                       0x40
  .intvec            ro code   0x800'0000   0x40  vector_table_M.o [3]
                             - 0x800'0040   0x40

"P1":                                      0x2f8
  .text              ro code   0x800'0040  0x10a  stm32f1xx_hal_cortex.o [1]
  .rodata            const     0x800'014a    0x1  unwind_debug.o [4]
  .text              ro code   0x800'014c   0xb0  main.o [1]
  .text              ro code   0x800'01fc   0x24  stm32f1xx_hal.o [1]
  .text              ro code   0x800'0220   0x28  stm32f1xx_hal.o [1]
  .text              ro code   0x800'0248   0x2c  copy_init3.o [3]
  .text              ro code   0x800'0274   0x28  data_init.o [3]
  .iar.init_table    const     0x800'029c   0x14  - Linker created -
  .text              ro code   0x800'02b0   0x1e  cmain.o [3]
  .text              ro code   0x800'02ce    0x4  low_level_init.o [2]
  .text              ro code   0x800'02d2    0x4  exit.o [2]
  .text              ro code   0x800'02d8    0xa  cexit.o [3]
  .text              ro code   0x800'02e4   0x14  exit.o [4]
  .text              ro code   0x800'02f8   0x1c  stm32f1xx_it.o [1]
  .text              ro code   0x800'0314   0x10  stm32f1xx_hal.o [1]
  .text              ro code   0x800'0324    0xc  cstartup_M.o [3]
  Initializer bytes  const     0x800'0330    0x8  <for P2-1>
  .rodata            const     0x800'0338    0x0  copy_init3.o [3]
                             - 0x800'0338  0x2f8

"P2", part 1 of 2:                           0x8
  P2-1                        0x2000'0000    0x8  <Init block>
    .data            inited   0x2000'0000    0x4  system_stm32f1xx.o [1]
    .bss             inited   0x2000'0004    0x4  stm32f1xx_hal.o [1]
                            - 0x2000'0008    0x8

"P2", part 2 of 2:                         0x800
  CSTACK                      0x2000'0008  0x800  <Block>
    CSTACK           uninit   0x2000'0008  0x800  <Block tail>
                            - 0x2000'0808  0x800

Unused ranges:

         From           To    Size
         ----           --    ----
   0x800'0338   0x800'ffff  0xfcc8
  0x2000'0808  0x2000'4fff  0x47f8


*******************************************************************************
*** INIT TABLE
***

          Address      Size
          -------      ----
Copy (__iar_copy_init3)
    1 source range, total size 0x8:
           0x800'0330   0x8
    1 destination range, total size 0x8:
          0x2000'0000   0x8



*******************************************************************************
*** MODULE SUMMARY
***

    Module                  ro code  ro data  rw data
    ------                  -------  -------  -------
command line/config:
    -------------------------------------------------
    Total:

C:\Amit_Chaudhary\STM32\Projects\IAR\IAR_Projects\Template_HAL\IAR\Debug\Obj: [1]
    main.o                      176
    stm32f1xx_hal.o              92        4        4
    stm32f1xx_hal_cortex.o      266
    stm32f1xx_it.o               28
    system_stm32f1xx.o                     4        4
    -------------------------------------------------
    Total:                      562        8        8

dl7M_tln.a: [2]
    exit.o                        4
    low_level_init.o              4
    -------------------------------------------------
    Total:                        8

rt7M_tl.a: [3]
    cexit.o                      10
    cmain.o                      30
    copy_init3.o                 44
    cstartup_M.o                 12
    data_init.o                  40
    vector_table_M.o             64
    -------------------------------------------------
    Total:                      200

shb_l.a: [4]
    exit.o                       20
    unwind_debug.o                         1
    -------------------------------------------------
    Total:                       20        1

    Gaps                          5
    Linker created                        20    2 048
-----------------------------------------------------
    Grand Total:                795       29    2 056


*******************************************************************************
*** ENTRY LIST
***

Entry                       Address  Size  Type      Object
-----                       -------  ----  ----      ------
.iar.init_table$$Base    0x800'029c         --   Gb  - Linker created -
.iar.init_table$$Limit   0x800'02b0         --   Gb  - Linker created -
?main                    0x800'02b1        Code  Gb  cmain.o [3]
BusFault_Handler         0x800'02ff   0x2  Code  Gb  stm32f1xx_it.o [1]
CSTACK$$Base            0x2000'0008         --   Gb  - Linker created -
CSTACK$$Limit           0x2000'0808         --   Gb  - Linker created -
DebugMon_Handler         0x800'0305   0x2  Code  Gb  stm32f1xx_it.o [1]
HAL_IncTick              0x800'0315  0x10  Code  Wk  stm32f1xx_hal.o [1]
HAL_Init                 0x800'01fd  0x20  Code  Gb  stm32f1xx_hal.o [1]
HAL_MspInit              0x800'0159  0x98  Code  Gb  main.o [1]
HAL_NVIC_SetPriority     0x800'00fb  0x22  Code  Gb  stm32f1xx_hal_cortex.o [1]
HAL_NVIC_SetPriorityGrouping
                         0x800'00f3   0x8  Code  Gb  stm32f1xx_hal_cortex.o [1]
HAL_SYSTICK_Config       0x800'011d   0x8  Code  Gb  stm32f1xx_hal_cortex.o [1]
HAL_SYSTICK_IRQHandler   0x800'0141   0x8  Code  Gb  stm32f1xx_hal_cortex.o [1]
HardFault_Handler        0x800'02fb   0x2  Code  Gb  stm32f1xx_it.o [1]
MemManage_Handler        0x800'02fd   0x2  Code  Gb  stm32f1xx_it.o [1]
NMI_Handler              0x800'02f9   0x2  Code  Gb  stm32f1xx_it.o [1]
PendSV_Handler           0x800'0307   0x2  Code  Gb  stm32f1xx_it.o [1]
Region$$Table$$Base      0x800'029c         --   Gb  - Linker created -
Region$$Table$$Limit     0x800'02b0         --   Gb  - Linker created -
SVC_Handler              0x800'0303   0x2  Code  Gb  stm32f1xx_it.o [1]
SysTick_Handler          0x800'0309   0xc  Code  Gb  stm32f1xx_it.o [1]
SystemCoreClock         0x2000'0000   0x4  Data  Gb  system_stm32f1xx.o [1]
UsageFault_Handler       0x800'0301   0x2  Code  Gb  stm32f1xx_it.o [1]
[local to stm32f1xx_hal_cortex_c]::NVIC_EncodePriority(unsigned int, unsigned int, unsigned int)
                         0x800'0089  0x3c  Code  Lc  stm32f1xx_hal_cortex.o [1]
[local to stm32f1xx_hal_cortex_c]::NVIC_GetPriorityGrouping()
                         0x800'005b   0xa  Code  Lc  stm32f1xx_hal_cortex.o [1]
[local to stm32f1xx_hal_cortex_c]::NVIC_SetPriority(IRQn_Type, unsigned int)
                         0x800'0065  0x24  Code  Lc  stm32f1xx_hal_cortex.o [1]
[local to stm32f1xx_hal_cortex_c]::NVIC_SetPriorityGrouping(unsigned int)
                         0x800'0041  0x1a  Code  Lc  stm32f1xx_hal_cortex.o [1]
[local to stm32f1xx_hal_cortex_c]::SysTick_Config(unsigned int)
                         0x800'00c5  0x2e  Code  Lc  stm32f1xx_hal_cortex.o [1]
__cmain                  0x800'02b1        Code  Gb  cmain.o [3]
__exit                   0x800'02e5  0x14  Code  Gb  exit.o [4]
__iar_copy_init3         0x800'0249  0x2c  Code  Gb  copy_init3.o [3]
__iar_data_init3         0x800'0275  0x28  Code  Gb  data_init.o [3]
__iar_debug_exceptions   0x800'014a   0x1  Data  Gb  unwind_debug.o [4]
__iar_program_start      0x800'0325        Code  Gb  cstartup_M.o [3]
__low_level_init         0x800'02cf   0x4  Code  Gb  low_level_init.o [2]
__vector_table           0x800'0000        Data  Gb  vector_table_M.o [3]
_call_main               0x800'02bd        Code  Gb  cmain.o [3]
_exit                    0x800'02d9        Code  Gb  cexit.o [3]
_main                    0x800'02cb        Code  Gb  cmain.o [3]
exit                     0x800'02d3   0x4  Code  Gb  exit.o [2]
main                     0x800'014d   0xc  Code  Gb  main.o [1]
uwTick                  0x2000'0004   0x4  Data  Gb  stm32f1xx_hal.o [1]


[1] = C:\Amit_Chaudhary\STM32\Projects\IAR\IAR_Projects\Template_HAL\IAR\Debug\Obj
[2] = dl7M_tln.a
[3] = rt7M_tl.a
[4] = shb_l.a

    795 bytes of readonly  code memory
     29 bytes of readonly  data memory
  2 056 bytes of readwrite data memory

Errors: none
Warnings: none
